Archive member included to satisfy reference by file (symbol)

/home/user15/st/stm32cubeide_2.1.1_2/plugins/com.st.stm32cube.ide.mcu.externaltools.gnu-tools-for-stm32.14.3.rel1.linux64_1.0.100.202602081740/tools/bin/../lib/gcc/arm-none-eabi/14.3.1/../../../../arm-none-eabi/lib/thumb/v7e-m+fp/hard/libc_nano.a(libc_a-exit.o)
                              /home/user15/st/stm32cubeide_2.1.1_2/plugins/com.st.stm32cube.ide.mcu.externaltools.gnu-tools-for-stm32.14.3.rel1.linux64_1.0.100.202602081740/tools/bin/../lib/gcc/arm-none-eabi/14.3.1/../../../../arm-none-eabi/lib/thumb/v7e-m+fp/hard/crt0.o (exit)
/home/user15/st/stm32cubeide_2.1.1_2/plugins/com.st.stm32cube.ide.mcu.externaltools.gnu-tools-for-stm32.14.3.rel1.linux64_1.0.100.202602081740/tools/bin/../lib/gcc/arm-none-eabi/14.3.1/../../../../arm-none-eabi/lib/thumb/v7e-m+fp/hard/libc_nano.a(libc_a-findfp.o)
                              /home/user15/st/stm32cubeide_2.1.1_2/plugins/com.st.stm32cube.ide.mcu.externaltools.gnu-tools-for-stm32.14.3.rel1.linux64_1.0.100.202602081740/tools/bin/../lib/gcc/arm-none-eabi/14.3.1/../../../../arm-none-eabi/lib/thumb/v7e-m+fp/hard/libc_nano.a(libc_a-exit.o) (__stdio_exit_handler)
/home/user15/st/stm32cubeide_2.1.1_2/plugins/com.st.stm32cube.ide.mcu.externaltools.gnu-tools-for-stm32.14.3.rel1.linux64_1.0.100.202602081740/tools/bin/../lib/gcc/arm-none-eabi/14.3.1/../../../../arm-none-eabi/lib/thumb/v7e-m+fp/hard/libc_nano.a(libc_a-fwalk.o)
                              /home/user15/st/stm32cubeide_2.1.1_2/plugins/com.st.stm32cube.ide.mcu.externaltools.gnu-tools-for-stm32.14.3.rel1.linux64_1.0.100.202602081740/tools/bin/../lib/gcc/arm-none-eabi/14.3.1/../../../../arm-none-eabi/lib/thumb/v7e-m+fp/hard/libc_nano.a(libc_a-findfp.o) (_fwalk_sglue)
/home/user15/st/stm32cubeide_2.1.1_2/plugins/com.st.stm32cube.ide.mcu.externaltools.gnu-tools-for-stm32.14.3.rel1.linux64_1.0.100.202602081740/tools/bin/../lib/gcc/arm-none-eabi/14.3.1/../../../../arm-none-eabi/lib/thumb/v7e-m+fp/hard/libc_nano.a(libc_a-printf.o)
                              ./Core/Src/main.o (printf)
/home/user15/st/stm32cubeide_2.1.1_2/plugins/com.st.stm32cube.ide.mcu.externaltools.gnu-tools-for-stm32.14.3.rel1.linux64_1.0.100.202602081740/tools/bin/../lib/gcc/arm-none-eabi/14.3.1/../../../../arm-none-eabi/lib/thumb/v7e-m+fp/hard/libc_nano.a(libc_a-stdio.o)
                              /home/user15/st/stm32cubeide_2.1.1_2/plugins/com.st.stm32cube.ide.mcu.externaltools.gnu-tools-for-stm32.14.3.rel1.linux64_1.0.100.202602081740/tools/bin/../lib/gcc/arm-none-eabi/14.3.1/../../../../arm-none-eabi/lib/thumb/v7e-m+fp/hard/libc_nano.a(libc_a-findfp.o) (__sread)
/home/user15/st/stm32cubeide_2.1.1_2/plugins/com.st.stm32cube.ide.mcu.externaltools.gnu-tools-for-stm32.14.3.rel1.linux64_1.0.100.202602081740/tools/bin/../lib/gcc/arm-none-eabi/14.3.1/../../../../arm-none-eabi/lib/thumb/v7e-m+fp/hard/libc_nano.a(libc_a-memset.o)
                              /home/user15/st/stm32cubeide_2.1.1_2/plugins/com.st.stm32cube.ide.mcu.externaltools.gnu-tools-for-stm32.14.3.rel1.linux64_1.0.100.202602081740/tools/bin/../lib/gcc/arm-none-eabi/14.3.1/../../../../arm-none-eabi/lib/thumb/v7e-m+fp/hard/crt0.o (memset)
/home/user15/st/stm32cubeide_2.1.1_2/plugins/com.st.stm32cube.ide.mcu.externaltools.gnu-tools-for-stm32.14.3.rel1.linux64_1.0.100.202602081740/tools/bin/../lib/gcc/arm-none-eabi/14.3.1/../../../../arm-none-eabi/lib/thumb/v7e-m+fp/hard/libc_nano.a(libc_a-closer.o)
                              /home/user15/st/stm32cubeide_2.1.1_2/plugins/com.st.stm32cube.ide.mcu.externaltools.gnu-tools-for-stm32.14.3.rel1.linux64_1.0.100.202602081740/tools/bin/../lib/gcc/arm-none-eabi/14.3.1/../../../../arm-none-eabi/lib/thumb/v7e-m+fp/hard/libc_nano.a(libc_a-stdio.o) (_close_r)
/home/user15/st/stm32cubeide_2.1.1_2/plugins/com.st.stm32cube.ide.mcu.externaltools.gnu-tools-for-stm32.14.3.rel1.linux64_1.0.100.202602081740/tools/bin/../lib/gcc/arm-none-eabi/14.3.1/../../../../arm-none-eabi/lib/thumb/v7e-m+fp/hard/libc_nano.a(libc_a-reent.o)
                              /home/user15/st/stm32cubeide_2.1.1_2/plugins/com.st.stm32cube.ide.mcu.externaltools.gnu-tools-for-stm32.14.3.rel1.linux64_1.0.100.202602081740/tools/bin/../lib/gcc/arm-none-eabi/14.3.1/../../../../arm-none-eabi/lib/thumb/v7e-m+fp/hard/libc_nano.a(libc_a-closer.o) (errno)
/home/user15/st/stm32cubeide_2.1.1_2/plugins/com.st.stm32cube.ide.mcu.externaltools.gnu-tools-for-stm32.14.3.rel1.linux64_1.0.100.202602081740/tools/bin/../lib/gcc/arm-none-eabi/14.3.1/../../../../arm-none-eabi/lib/thumb/v7e-m+fp/hard/libc_nano.a(libc_a-impure.o)
                              /home/user15/st/stm32cubeide_2.1.1_2/plugins/com.st.stm32cube.ide.mcu.externaltools.gnu-tools-for-stm32.14.3.rel1.linux64_1.0.100.202602081740/tools/bin/../lib/gcc/arm-none-eabi/14.3.1/../../../../arm-none-eabi/lib/thumb/v7e-m+fp/hard/libc_nano.a(libc_a-printf.o) (_impure_ptr)
[...]
Memory Configuration

Name             Origin             Length             Attributes
RAM              0x20000000         0x00020000         xrw
FLASH            0x08000000         0x00080000         xr
*default*        0x00000000         0xffffffff

Linker script and memory map

LOAD /home/user15/st/stm32cubeide_2.1.1_2/plugins/com.st.stm32cube.ide.mcu.externaltools.gnu-tools-for-stm32.14.3.rel1.linux64_1.0.100.202602081740/tools/bin/../lib/gcc/arm-none-eabi/14.3.1/thumb/v7e-m+fp/hard/crti.o
LOAD /home/user15/st/stm32cubeide_2.1.1_2/plugins/com.st.stm32cube.ide.mcu.externaltools.gnu-tools-for-stm32.14.3.rel1.linux64_1.0.100.202602081740/tools/bin/../lib/gcc/arm-none-eabi/14.3.1/thumb/v7e-m+fp/hard/crtbegin.o
LOAD /home/user15/st/stm32cubeide_2.1.1_2/plugins/com.st.stm32cube.ide.mcu.externaltools.gnu-tools-for-stm32.14.3.rel1.linux64_1.0.100.202602081740/tools/bin/../lib/gcc/arm-none-eabi/14.3.1/../../../../arm-none-eabi/lib/thumb/v7e-m+fp/hard/crt0.o
LOAD ./Core/Src/delay.o
LOAD ./Core/Src/gpio.o
LOAD ./Core/Src/main.o
LOAD ./Core/Src/stm32f4xx_hal_msp.o
LOAD ./Core/Src/stm32f4xx_it.o
LOAD ./Core/Src/syscalls.o
LOAD ./Core/Src/sysmem.o
LOAD ./Core/Src/system_stm32f4xx.o
LOAD ./Core/Src/tim.o
LOAD ./Core/Src/usart.o
LOAD ./Core/Startup/startup_stm32f411retx.o
LOAD ./Drivers/STM32F4xx_HAL_Driver/Src/stm32f4xx_hal.o
LOAD ./Drivers/STM32F4xx_HAL_Driver/Src/stm32f4xx_hal_cortex.o
LOAD ./Drivers/STM32F4xx_HAL_Driver/Src/stm32f4xx_hal_dma.o
LOAD ./Drivers/STM32F4xx_HAL_Driver/Src/stm32f4xx_hal_dma_ex.o
LOAD ./Drivers/STM32F4xx_HAL_Driver/Src/stm32f4xx_hal_exti.o
LOAD ./Drivers/STM32F4xx_HAL_Driver/Src/stm32f4xx_hal_flash.o
LOAD ./Drivers/STM32F4xx_HAL_Driver/Src/stm32f4xx_hal_flash_ex.o
LOAD ./Drivers/STM32F4xx_HAL_Driver/Src/stm32f4xx_hal_flash_ramfunc.o
LOAD ./Drivers/STM32F4xx_HAL_Driver/Src/stm32f4xx_hal_gpio.o
LOAD ./Drivers/STM32F4xx_HAL_Driver/Src/stm32f4xx_hal_pwr.o
LOAD ./Drivers/STM32F4xx_HAL_Driver/Src/stm32f4xx_hal_pwr_ex.o
LOAD ./Drivers/STM32F4xx_HAL_Driver/Src/stm32f4xx_hal_rcc.o
LOAD ./Drivers/STM32F4xx_HAL_Driver/Src/stm32f4xx_hal_rcc_ex.o
LOAD ./Drivers/STM32F4xx_HAL_Driver/Src/stm32f4xx_hal_tim.o
LOAD ./Drivers/STM32F4xx_HAL_Driver/Src/stm32f4xx_hal_tim_ex.o
LOAD ./Drivers/STM32F4xx_HAL_Driver/Src/stm32f4xx_hal_uart.o
START GROUP
LOAD /home/user15/st/stm32cubeide_2.1.1_2/plugins/com.st.stm32cube.ide.mcu.externaltools.gnu-tools-for-stm32.14.3.rel1.linux64_1.0.100.202602081740/tools/bin/../lib/gcc/arm-none-eabi/14.3.1/../../../../arm-none-eabi/lib/thumb/v7e-m+fp/hard/libc_nano.a
LOAD /home/user15/st/stm32cubeide_2.1.1_2/plugins/com.st.stm32cube.ide.mcu.externaltools.gnu-tools-for-stm32.14.3.rel1.linux64_1.0.100.202602081740/tools/bin/../lib/gcc/arm-none-eabi/14.3.1/../../../../arm-none-eabi/lib/thumb/v7e-m+fp/hard/libm.a
END GROUP
START GROUP
LOAD /home/user15/st/stm32cubeide_2.1.1_2/plugins/com.st.stm32cube.ide.mcu.externaltools.gnu-tools-for-stm32.14.3.rel1.linux64_1.0.100.202602081740/tools/bin/../lib/gcc/arm-none-eabi/14.3.1/thumb/v7e-m+fp/hard/libgcc.a
LOAD /home/user15/st/stm32cubeide_2.1.1_2/plugins/com.st.stm32cube.ide.mcu.externaltools.gnu-tools-for-stm32.14.3.rel1.linux64_1.0.100.202602081740/tools/bin/../lib/gcc/arm-none-eabi/14.3.1/../../../../arm-none-eabi/lib/thumb/v7e-m+fp/hard/libc_nano.a
END GROUP
START GROUP
LOAD /home/user15/st/stm32cubeide_2.1.1_2/plugins/com.st.stm32cube.ide.mcu.externaltools.gnu-tools-for-stm32.14.3.rel1.linux64_1.0.100.202602081740/tools/bin/../lib/gcc/arm-none-eabi/14.3.1/thumb/v7e-m+fp/hard/libgcc.a
LOAD /home/user15/st/stm32cubeide_2.1.1_2/plugins/com.st.stm32cube.ide.mcu.externaltools.gnu-tools-for-stm32.14.3.rel1.linux64_1.0.100.202602081740/tools/bin/../lib/gcc/arm-none-eabi/14.3.1/../../../../arm-none-eabi/lib/thumb/v7e-m+fp/hard/libc_nano.a
LOAD /home/user15/st/stm32cubeide_2.1.1_2/plugins/com.st.stm32cube.ide.mcu.externaltools.gnu-tools-for-stm32.14.3.rel1.linux64_1.0.100.202602081740/tools/bin/../lib/gcc/arm-none-eabi/14.3.1/../../../../arm-none-eabi/lib/thumb/v7e-m+fp/hard/libnosys.a
END GROUP
START GROUP
LOAD /home/user15/st/stm32cubeide_2.1.1_2/plugins/com.st.stm32cube.ide.mcu.externaltools.gnu-tools-for-stm32.14.3.rel1.linux64_1.0.100.202602081740/tools/bin/../lib/gcc/arm-none-eabi/14.3.1/thumb/v7e-m+fp/hard/libgcc.a
LOAD /home/user15/st/stm32cubeide_2.1.1_2/plugins/com.st.stm32cube.ide.mcu.externaltools.gnu-tools-for-stm32.14.3.rel1.linux64_1.0.100.202602081740/tools/bin/../lib/gcc/arm-none-eabi/14.3.1/../../../../arm-none-eabi/lib/thumb/v7e-m+fp/hard/libc_nano.a
LOAD /home/user15/st/stm32cubeide_2.1.1_2/plugins/com.st.stm32cube.ide.mcu.externaltools.gnu-tools-for-stm32.14.3.rel1.linux64_1.0.100.202602081740/tools/bin/../lib/gcc/arm-none-eabi/14.3.1/../../../../arm-none-eabi/lib/thumb/v7e-m+fp/hard/libnosys.a
END GROUP
LOAD /home/user15/st/stm32cubeide_2.1.1_2/plugins/com.st.stm32cube.ide.mcu.externaltools.gnu-tools-for-stm32.14.3.rel1.linux64_1.0.100.202602081740/tools/bin/../lib/gcc/arm-none-eabi/14.3.1/thumb/v7e-m+fp/hard/crtend.o
LOAD /home/user15/st/stm32cubeide_2.1.1_2/plugins/com.st.stm32cube.ide.mcu.externaltools.gnu-tools-for-stm32.14.3.rel1.linux64_1.0.100.202602081740/tools/bin/../lib/gcc/arm-none-eabi/14.3.1/thumb/v7e-m+fp/hard/crtn.o
                0x20020000                        _estack = (ORIGIN (RAM) + LENGTH (RAM))
                0x00000200                        _Min_Heap_Size = 0x200
                0x00000400                        _Min_Stack_Size = 0x400

.isr_vector     0x08000000      0x198
                0x08000000                        . = ALIGN (0x4)
 *(.isr_vector)
 .isr_vector    0x08000000      0x198 ./Core/Startup/startup_stm32f411retx.o
                0x08000000                g_pfnVectors
                0x08000198                        . = ALIGN (0x4)

.text           0x080001a0     0x4d38
                0x080001a0                        . = ALIGN (0x4)
 *(.text)
 .text          0x080001a0       0x40 /home/user15/st/stm32cubeide_2.1.1_2/plugins/com.st.stm32cube.ide.mcu.externaltools.gnu-tools-for-stm32.14.3.rel1.linux64_1.0.100.202602081740/tools/bin/../lib/gcc/arm-none-eabi/14.3.1/thumb/v7e-m+fp/hard/crtbegin.o
 .text          0x080001e0       0xa0 /home/user15/st/stm32cubeide_2.1.1_2/plugins/com.st.stm32cube.ide.mcu.externaltools.gnu-tools-for-stm32.14.3.rel1.linux64_1.0.100.202602081740/tools/bin/../lib/gcc/arm-none-eabi/14.3.1/../../../../arm-none-eabi/lib/thumb/v7e-m+fp/hard/libc_nano.a(libc_a-memchr.o)
                0x080001e0                memchr
 .text          0x08000280       0x30 /home/user15/st/stm32cubeide_2.1.1_2/plugins/com.st.stm32cube.ide.mcu.externaltools.gnu-tools-for-stm32.14.3.rel1.linux64_1.0.100.202602081740/tools/bin/../lib/gcc/arm-none-eabi/14.3.1/thumb/v7e-m+fp/hard/libgcc.a(_aeabi_uldivmod.o)
                0x08000280                __aeabi_uldivmod
 .text          0x080002b0      0x2f8 /home/user15/st/stm32cubeide_2.1.1_2/plugins/com.st.stm32cube.ide.mcu.externaltools.gnu-tools-for-stm32.14.3.rel1.linux64_1.0.100.202602081740/tools/bin/../lib/gcc/arm-none-eabi/14.3.1/thumb/v7e-m+fp/hard/libgcc.a(_udivmoddi4.o)
                0x080002b0                __udivmoddi4
 .text          0x080005a8        0x4 /home/user15/st/stm32cubeide_2.1.1_2/plugins/com.st.stm32cube.ide.mcu.externaltools.gnu-tools-for-stm32.14.3.rel1.linux64_1.0.100.202602081740/tools/bin/../lib/gcc/arm-none-eabi/14.3.1/thumb/v7e-m+fp/hard/libgcc.a(_dvmd_tls.o)
                0x080005a8                __aeabi_ldiv0
                0x080005a8                __aeabi_idiv0
 *(.text*)
 .text.delay_us
                0x080005ac       0x34 ./Core/Src/delay.o
                0x080005ac                delay_us
 .text.MX_GPIO_Init
                0x080005e0       0x84 ./Core/Src/gpio.o
                0x080005e0                MX_GPIO_Init
 .text.__io_putchar
                0x08000664       0x24 ./Core/Src/main.o
                0x08000664                __io_putchar
 .text.HCSR4_TRIG
                0x08000688       0x3c ./Core/Src/main.o
                0x08000688                HCSR4_TRIG
 .text.HAL_TIM_IC_CaptureCallback
                0x080006c4      0x118 ./Core/Src/main.o
                0x080006c4                HAL_TIM_IC_CaptureCallback
 .text.HAL_UART_RxCpltCallback
                0x080007dc       0x70 ./Core/Src/main.o
                0x080007dc                HAL_UART_RxCpltCallback
 .text.main     0x0800084c       0x5c ./Core/Src/main.o
                0x0800084c                main
 .text.SystemClock_Config
                0x080008a8       0xd0 ./Core/Src/main.o
                0x080008a8                SystemClock_Config
 .text.Error_Handler
                0x08000978        0xc ./Core/Src/main.o
                0x08000978                Error_Handler
 .text.HAL_MspInit
                0x08000984       0x50 ./Core/Src/stm32f4xx_hal_msp.o
                0x08000984                HAL_MspInit
 .text.NMI_Handler
                0x080009d4        0x8 ./Core/Src/stm32f4xx_it.o
                0x080009d4                NMI_Handler
 .text.HardFault_Handler
                0x080009dc        0x8 ./Core/Src/stm32f4xx_it.o
                0x080009dc                HardFault_Handler
 .text.MemManage_Handler
                0x080009e4        0x8 ./Core/Src/stm32f4xx_it.o
                0x080009e4                MemManage_Handler
 .text.BusFault_Handler
                0x080009ec        0x8 ./Core/Src/stm32f4xx_it.o
                0x080009ec                BusFault_Handler
 .text.UsageFault_Handler
                0x080009f4        0x8 ./Core/Src/stm32f4xx_it.o
                0x080009f4                UsageFault_Handler
 .text.SVC_Handler
                0x080009fc        0xe ./Core/Src/stm32f4xx_it.o
                0x080009fc                SVC_Handler
 .text.DebugMon_Handler
                0x08000a0a        0xe ./Core/Src/stm32f4xx_it.o
                0x08000a0a                DebugMon_Handler
 .text.PendSV_Handler
                0x08000a18        0xe ./Core/Src/stm32f4xx_it.o
                0x08000a18                PendSV_Handler
 .text.SysTick_Handler
                0x08000a26        0xc ./Core/Src/stm32f4xx_it.o
                0x08000a26                SysTick_Handler
 *fill*         0x08000a32        0x2 
 .text.TIM1_TRG_COM_TIM11_IRQHandler
                0x08000a34       0x14 ./Core/Src/stm32f4xx_it.o
                0x08000a34                TIM1_TRG_COM_TIM11_IRQHandler
 .text.TIM3_IRQHandler
                0x08000a48       0x14 ./Core/Src/stm32f4xx_it.o
                0x08000a48                TIM3_IRQHandler
 .text.USART2_IRQHandler
                0x08000a5c       0x14 ./Core/Src/stm32f4xx_it.o
                0x08000a5c                USART2_IRQHandler
 .text._read    0x08000a70       0x3a ./Core/Src/syscalls.o
                0x08000a70                _read
 .text._write   0x08000aaa       0x38 ./Core/Src/syscalls.o
                0x08000aaa                _write
 .text._close   0x08000ae2       0x18 ./Core/Src/syscalls.o
                0x08000ae2                _close
 .text._fstat   0x08000afa       0x20 ./Core/Src/syscalls.o
                0x08000afa                _fstat
 .text._isatty  0x08000b1a       0x16 ./Core/Src/syscalls.o
                0x08000b1a                _isatty
 .text._lseek   0x08000b30       0x1a ./Core/Src/syscalls.o
                0x08000b30                _lseek
 *fill*         0x08000b4a        0x2 
 .text._sbrk    0x08000b4c       0x6c ./Core/Src/sysmem.o
                0x08000b4c                _sbrk
 .text.SystemInit
                0x08000bb8       0x24 ./Core/Src/system_stm32f4xx.o
                0x08000bb8                SystemInit
 .text.MX_TIM3_Init
                0x08000bdc       0xe0 ./Core/Src/tim.o
                0x08000bdc                MX_TIM3_Init
 .text.MX_TIM11_Init
                0x08000cbc       0x48 ./Core/Src/tim.o
                0x08000cbc                MX_TIM11_Init
 .text.HAL_TIM_Base_MspInit
                0x08000d04       0xdc ./Core/Src/tim.o
                0x08000d04                HAL_TIM_Base_MspInit
 .text.MX_USART2_UART_Init
                0x08000de0       0x54 ./Core/Src/usart.o
                0x08000de0                MX_USART2_UART_Init
 .text.HAL_UART_MspInit
                0x08000e34       0xa0 ./Core/Src/usart.o
                0x08000e34                HAL_UART_MspInit
 .text.Reset_Handler
                0x08000ed4       0x50 ./Core/Startup/startup_stm32f411retx.o
                0x08000ed4                Reset_Handler
 .text.Default_Handler
                0x08000f24        0x2 ./Core/Startup/startup_stm32f411retx.o
                0x08000f24                RTC_Alarm_IRQHandler
                0x08000f24                EXTI2_IRQHandler
                0x08000f24                SPI4_IRQHandler
                0x08000f24                TIM1_CC_IRQHandler
                0x08000f24                DMA2_Stream5_IRQHandler
                0x08000f24                DMA1_Stream5_IRQHandler
                0x08000f24                PVD_IRQHandler
                0x08000f24                SDIO_IRQHandler
                0x08000f24                TAMP_STAMP_IRQHandler
                0x08000f24                EXTI3_IRQHandler
                0x08000f24                TIM1_UP_TIM10_IRQHandler
                0x08000f24                I2C3_ER_IRQHandler
                0x08000f24                EXTI0_IRQHandler
                0x08000f24                I2C2_EV_IRQHandler
                0x08000f24                DMA1_Stream2_IRQHandler
                0x08000f24                FPU_IRQHandler
                0x08000f24                DMA2_Stream2_IRQHandler
                0x08000f24                SPI1_IRQHandler
                0x08000f24                TIM1_BRK_TIM9_IRQHandler
                0x08000f24                DMA2_Stream3_IRQHandler
                0x08000f24                USART6_IRQHandler
                0x08000f24                DMA2_Stream0_IRQHandler
                0x08000f24                TIM4_IRQHandler
                0x08000f24                I2C1_EV_IRQHandler
                0x08000f24                DMA1_Stream6_IRQHandler
                0x08000f24                DMA1_Stream1_IRQHandler
                0x08000f24                RCC_IRQHandler
                0x08000f24                Default_Handler
                0x08000f24                EXTI15_10_IRQHandler
                0x08000f24                ADC_IRQHandler
                0x08000f24                DMA1_Stream7_IRQHandler
                0x08000f24                SPI5_IRQHandler
                0x08000f24                TIM5_IRQHandler
                0x08000f24                DMA2_Stream7_IRQHandler
                0x08000f24                I2C3_EV_IRQHandler
                0x08000f24                EXTI9_5_IRQHandler
                0x08000f24                RTC_WKUP_IRQHandler
                0x08000f24                SPI2_IRQHandler
                0x08000f24                DMA1_Stream0_IRQHandler
                0x08000f24                EXTI4_IRQHandler
                0x08000f24                WWDG_IRQHandler
                0x08000f24                TIM2_IRQHandler
                0x08000f24                OTG_FS_WKUP_IRQHandler
                0x08000f24                EXTI1_IRQHandler
                0x08000f24                I2C2_ER_IRQHandler
                0x08000f24                DMA2_Stream1_IRQHandler
                0x08000f24                FLASH_IRQHandler
                0x08000f24                DMA2_Stream4_IRQHandler
                0x08000f24                USART1_IRQHandler
                0x08000f24                OTG_FS_IRQHandler
                0x08000f24                SPI3_IRQHandler
                0x08000f24                DMA1_Stream4_IRQHandler
                0x08000f24                I2C1_ER_IRQHandler
                0x08000f24                DMA2_Stream6_IRQHandler
                0x08000f24                DMA1_Stream3_IRQHandler
 *fill*         0x08000f26        0x2 
 .text.HAL_Init
                0x08000f28       0x44 ./Drivers/STM32F4xx_HAL_Driver/Src/stm32f4xx_hal.o
                0x08000f28                HAL_Init
 .text.HAL_InitTick
                0x08000f6c       0x60 ./Drivers/STM32F4xx_HAL_Driver/Src/stm32f4xx_hal.o
                0x08000f6c                HAL_InitTick
 .text.HAL_IncTick
                0x08000fcc       0x28 ./Drivers/STM32F4xx_HAL_Driver/Src/stm32f4xx_hal.o
                0x08000fcc                HAL_IncTick
 .text.HAL_GetTick
                0x08000ff4       0x18 ./Drivers/STM32F4xx_HAL_Driver/Src/stm32f4xx_hal.o
                0x08000ff4                HAL_GetTick
 .text.HAL_Delay
                0x0800100c       0x48 ./Drivers/STM32F4xx_HAL_Driver/Src/stm32f4xx_hal.o
                0x0800100c                HAL_Delay
 .text.__NVIC_SetPriorityGrouping
                0x08001054       0x48 ./Drivers/STM32F4xx_HAL_Driver/Src/stm32f4xx_hal_cortex.o
 .text.__NVIC_GetPriorityGrouping
                0x0800109c       0x1c ./Drivers/STM32F4xx_HAL_Driver/Src/stm32f4xx_hal_cortex.o
 .text.__NVIC_EnableIRQ
                0x080010b8       0x3c ./Drivers/STM32F4xx_HAL_Driver/Src/stm32f4xx_hal_cortex.o
 .text.__NVIC_SetPriority
                0x080010f4       0x54 ./Drivers/STM32F4xx_HAL_Driver/Src/stm32f4xx_hal_cortex.o
 .text.NVIC_EncodePriority
                0x08001148       0x66 ./Drivers/STM32F4xx_HAL_Driver/Src/stm32f4xx_hal_cortex.o
 *fill*         0x080011ae        0x2 
 .text.SysTick_Config
                0x080011b0       0x44 ./Drivers/STM32F4xx_HAL_Driver/Src/stm32f4xx_hal_cortex.o
 .text.HAL_NVIC_SetPriorityGrouping
                0x080011f4       0x16 ./Drivers/STM32F4xx_HAL_Driver/Src/stm32f4xx_hal_cortex.o
                0x080011f4                HAL_NVIC_SetPriorityGrouping
 .text.HAL_NVIC_SetPriority
                0x0800120a       0x38 ./Drivers/STM32F4xx_HAL_Driver/Src/stm32f4xx_hal_cortex.o
                0x0800120a                HAL_NVIC_SetPriority
 .text.HAL_NVIC_EnableIRQ
                0x08001242       0x1c ./Drivers/STM32F4xx_HAL_Driver/Src/stm32f4xx_hal_cortex.o
                0x08001242                HAL_NVIC_EnableIRQ
 .text.HAL_SYSTICK_Config
                0x0800125e       0x18 ./Drivers/STM32F4xx_HAL_Driver/Src/stm32f4xx_hal_cortex.o
                0x0800125e                HAL_SYSTICK_Config
 .text.HAL_DMA_Abort
                0x08001276       0xe0 ./Drivers/STM32F4xx_HAL_Driver/Src/stm32f4xx_hal_dma.o
                0x08001276                HAL_DMA_Abort
 .text.HAL_DMA_Abort_IT
                0x08001356       0x44 ./Drivers/STM32F4xx_HAL_Driver/Src/stm32f4xx_hal_dma.o
                0x08001356                HAL_DMA_Abort_IT
 *fill*         0x0800139a        0x2 
 .text.HAL_GPIO_Init
                0x0800139c      0x308 ./Drivers/STM32F4xx_HAL_Driver/Src/stm32f4xx_hal_gpio.o
                0x0800139c                HAL_GPIO_Init
 .text.HAL_GPIO_WritePin
                0x080016a4       0x32 ./Drivers/STM32F4xx_HAL_Driver/Src/stm32f4xx_hal_gpio.o
                0x080016a4                HAL_GPIO_WritePin
 *fill*         0x080016d6        0x2 
 .text.HAL_RCC_OscConfig
                0x080016d8      0x4f0 ./Drivers/STM32F4xx_HAL_Driver/Src/stm32f4xx_hal_rcc.o
                0x080016d8                HAL_RCC_OscConfig
 .text.HAL_RCC_ClockConfig
                0x08001bc8      0x1cc ./Drivers/STM32F4xx_HAL_Driver/Src/stm32f4xx_hal_rcc.o
                0x08001bc8                HAL_RCC_ClockConfig
 .text.HAL_RCC_GetSysClockFreq
                0x08001d94      0x20c ./Drivers/STM32F4xx_HAL_Driver/Src/stm32f4xx_hal_rcc.o
                0x08001d94                HAL_RCC_GetSysClockFreq
 .text.HAL_RCC_GetHCLKFreq
                0x08001fa0       0x18 ./Drivers/STM32F4xx_HAL_Driver/Src/stm32f4xx_hal_rcc.o
                0x08001fa0                HAL_RCC_GetHCLKFreq
 .text.HAL_RCC_GetPCLK1Freq
                0x08001fb8       0x28 ./Drivers/STM32F4xx_HAL_Driver/Src/stm32f4xx_hal_rcc.o
                0x08001fb8                HAL_RCC_GetPCLK1Freq
 .text.HAL_RCC_GetPCLK2Freq
                0x08001fe0       0x28 ./Drivers/STM32F4xx_HAL_Driver/Src/stm32f4xx_hal_rcc.o
                0x08001fe0                HAL_RCC_GetPCLK2Freq
 .text.HAL_TIM_Base_Init
                0x08002008       0x9e ./Drivers/STM32F4xx_HAL_Driver/Src/stm32f4xx_hal_tim.o
                0x08002008                HAL_TIM_Base_Init
 *fill*         0x080020a6        0x2 
 .text.HAL_TIM_Base_Start
                0x080020a8       0xb4 ./Drivers/STM32F4xx_HAL_Driver/Src/stm32f4xx_hal_tim.o
                0x080020a8                HAL_TIM_Base_Start
 .text.HAL_TIM_IC_Init
                0x0800215c       0x9e ./Drivers/STM32F4xx_HAL_Driver/Src/stm32f4xx_hal_tim.o
                0x0800215c                HAL_TIM_IC_Init
 .text.HAL_TIM_IC_MspInit
                0x080021fa       0x14 ./Drivers/STM32F4xx_HAL_Driver/Src/stm32f4xx_hal_tim.o
                0x080021fa                HAL_TIM_IC_MspInit
 *fill*         0x0800220e        0x2 
 .text.HAL_TIM_IC_Start_IT
                0x08002210      0x234 ./Drivers/STM32F4xx_HAL_Driver/Src/stm32f4xx_hal_tim.o
                0x08002210                HAL_TIM_IC_Start_IT
 .text.HAL_TIM_IRQHandler
                0x08002444      0x1e0 ./Drivers/STM32F4xx_HAL_Driver/Src/stm32f4xx_hal_tim.o
                0x08002444                HAL_TIM_IRQHandler
 .text.HAL_TIM_IC_ConfigChannel
                0x08002624      0x138 ./Drivers/STM32F4xx_HAL_Driver/Src/stm32f4xx_hal_tim.o
                0x08002624                HAL_TIM_IC_ConfigChannel
 .text.HAL_TIM_ConfigClockSource
                0x0800275c      0x18e ./Drivers/STM32F4xx_HAL_Driver/Src/stm32f4xx_hal_tim.o
                0x0800275c                HAL_TIM_ConfigClockSource
 *fill*         0x080028ea        0x2 
 .text.HAL_TIM_ReadCapturedValue
                0x080028ec       0x88 ./Drivers/STM32F4xx_HAL_Driver/Src/stm32f4xx_hal_tim.o
                0x080028ec                HAL_TIM_ReadCapturedValue
 .text.HAL_TIM_PeriodElapsedCallback
                0x08002974       0x14 ./Drivers/STM32F4xx_HAL_Driver/Src/stm32f4xx_hal_tim.o
                0x08002974                HAL_TIM_PeriodElapsedCallback
 .text.HAL_TIM_OC_DelayElapsedCallback
                0x08002988       0x14 ./Drivers/STM32F4xx_HAL_Driver/Src/stm32f4xx_hal_tim.o
                0x08002988                HAL_TIM_OC_DelayElapsedCallback
 .text.HAL_TIM_PWM_PulseFinishedCallback
                0x0800299c       0x14 ./Drivers/STM32F4xx_HAL_Driver/Src/stm32f4xx_hal_tim.o
                0x0800299c                HAL_TIM_PWM_PulseFinishedCallback
 .text.HAL_TIM_TriggerCallback
                0x080029b0       0x14 ./Drivers/STM32F4xx_HAL_Driver/Src/stm32f4xx_hal_tim.o
                0x080029b0                HAL_TIM_TriggerCallback
 .text.TIM_Base_SetConfig
                0x080029c4      0x10c ./Drivers/STM32F4xx_HAL_Driver/Src/stm32f4xx_hal_tim.o
                0x080029c4                TIM_Base_SetConfig
 .text.TIM_TI1_SetConfig
                0x08002ad0       0xd0 ./Drivers/STM32F4xx_HAL_Driver/Src/stm32f4xx_hal_tim.o
                0x08002ad0                TIM_TI1_SetConfig
 .text.TIM_TI1_ConfigInputStage
                0x08002ba0       0x5e ./Drivers/STM32F4xx_HAL_Driver/Src/stm32f4xx_hal_tim.o
 .text.TIM_TI2_SetConfig
                0x08002bfe       0x7a ./Drivers/STM32F4xx_HAL_Driver/Src/stm32f4xx_hal_tim.o
 .text.TIM_TI2_ConfigInputStage
                0x08002c78       0x60 ./Drivers/STM32F4xx_HAL_Driver/Src/stm32f4xx_hal_tim.o
 .text.TIM_TI3_SetConfig
                0x08002cd8       0x78 ./Drivers/STM32F4xx_HAL_Driver/Src/stm32f4xx_hal_tim.o
 .text.TIM_TI4_SetConfig
                0x08002d50       0x7a ./Drivers/STM32F4xx_HAL_Driver/Src/stm32f4xx_hal_tim.o
 .text.TIM_ITRx_SetConfig
                0x08002dca       0x36 ./Drivers/STM32F4xx_HAL_Driver/Src/stm32f4xx_hal_tim.o
 .text.TIM_ETR_SetConfig
                0x08002e00       0x40 ./Drivers/STM32F4xx_HAL_Driver/Src/stm32f4xx_hal_tim.o
                0x08002e00                TIM_ETR_SetConfig
 .text.TIM_CCxChannelCmd
                0x08002e40       0x4a ./Drivers/STM32F4xx_HAL_Driver/Src/stm32f4xx_hal_tim.o
                0x08002e40                TIM_CCxChannelCmd
 *fill*         0x08002e8a        0x2 
 .text.HAL_TIMEx_MasterConfigSynchronization
                0x08002e8c       0xdc ./Drivers/STM32F4xx_HAL_Driver/Src/stm32f4xx_hal_tim_ex.o
                0x08002e8c                HAL_TIMEx_MasterConfigSynchronization
 .text.HAL_TIMEx_CommutCallback
                0x08002f68       0x14 ./Drivers/STM32F4xx_HAL_Driver/Src/stm32f4xx_hal_tim_ex.o
                0x08002f68                HAL_TIMEx_CommutCallback
 .text.HAL_TIMEx_BreakCallback
                0x08002f7c       0x14 ./Drivers/STM32F4xx_HAL_Driver/Src/stm32f4xx_hal_tim_ex.o
                0x08002f7c                HAL_TIMEx_BreakCallback
 .text.HAL_UART_Init
                0x08002f90       0xa0 ./Drivers/STM32F4xx_HAL_Driver/Src/stm32f4xx_hal_uart.o
                0x08002f90                HAL_UART_Init
 .text.HAL_UART_Transmit
                0x08003030      0x116 ./Drivers/STM32F4xx_HAL_Driver/Src/stm32f4xx_hal_uart.o
                0x08003030                HAL_UART_Transmit
 .text.HAL_UART_Receive_IT
                0x08003146       0x4a ./Drivers/STM32F4xx_HAL_Driver/Src/stm32f4xx_hal_uart.o
                0x08003146                HAL_UART_Receive_IT
 .text.HAL_UART_IRQHandler
                0x08003190      0x554 ./Drivers/STM32F4xx_HAL_Driver/Src/stm32f4xx_hal_uart.o
                0x08003190                HAL_UART_IRQHandler
 .text.HAL_UART_TxCpltCallback
                0x080036e4       0x14 ./Drivers/STM32F4xx_HAL_Driver/Src/stm32f4xx_hal_uart.o
                0x080036e4                HAL_UART_TxCpltCallback
 .text.HAL_UART_ErrorCallback
                0x080036f8       0x14 ./Drivers/STM32F4xx_HAL_Driver/Src/stm32f4xx_hal_uart.o
                0x080036f8                HAL_UART_ErrorCallback
 .text.HAL_UARTEx_RxEventCallback
                0x0800370c       0x18 ./Drivers/STM32F4xx_HAL_Driver/Src/stm32f4xx_hal_uart.o
                0x0800370c                HAL_UARTEx_RxEventCallback
 .text.UART_WaitOnFlagUntilTimeout
                0x08003724       0xb2 ./Drivers/STM32F4xx_HAL_Driver/Src/stm32f4xx_hal_uart.o
 .text.UART_Start_Receive_IT
                0x080037d6       0x74 ./Drivers/STM32F4xx_HAL_Driver/Src/stm32f4xx_hal_uart.o
                0x080037d6                UART_Start_Receive_IT
 .text.UART_EndRxTransfer
                0x0800384a       0xc6 ./Drivers/STM32F4xx_HAL_Driver/Src/stm32f4xx_hal_uart.o
 .text.UART_DMAAbortOnError
                0x08003910       0x22 ./Drivers/STM32F4xx_HAL_Driver/Src/stm32f4xx_hal_uart.o
 .text.UART_Transmit_IT
                0x08003932       0xa0 ./Drivers/STM32F4xx_HAL_Driver/Src/stm32f4xx_hal_uart.o
 .text.UART_EndTransmit_IT
                0x080039d2       0x30 ./Drivers/STM32F4xx_HAL_Driver/Src/stm32f4xx_hal_uart.o
 .text.UART_Receive_IT
                0x08003a02      0x17c ./Drivers/STM32F4xx_HAL_Driver/Src/stm32f4xx_hal_uart.o
 *fill*         0x08003b7e        0x2 
 .text.UART_SetConfig
                0x08003b80      0x4e8 ./Drivers/STM32F4xx_HAL_Driver/Src/stm32f4xx_hal_uart.o
 .text.std      0x08004068       0x6c /home/user15/st/stm32cubeide_2.1.1_2/plugins/com.st.stm32cube.ide.mcu.externaltools.gnu-tools-for-stm32.14.3.rel1.linux64_1.0.100.202602081740/tools/bin/../lib/gcc/arm-none-eabi/14.3.1/../../../../arm-none-eabi/lib/thumb/v7e-m+fp/hard/libc_nano.a(libc_a-findfp.o)
 .text.stdio_exit_handler
                0x080040d4       0x18 /home/user15/st/stm32cubeide_2.1.1_2/plugins/com.st.stm32cube.ide.mcu.externaltools.gnu-tools-for-stm32.14.3.rel1.linux64_1.0.100.202602081740/tools/bin/../lib/gcc/arm-none-eabi/14.3.1/../../../../arm-none-eabi/lib/thumb/v7e-m+fp/hard/libc_nano.a(libc_a-findfp.o)
 .text.cleanup_stdio
                0x080040ec       0x40 /home/user15/st/stm32cubeide_2.1.1_2/plugins/com.st.stm32cube.ide.mcu.externaltools.gnu-tools-for-stm32.14.3.rel1.linux64_1.0.100.202602081740/tools/bin/../lib/gcc/arm-none-eabi/14.3.1/../../../../arm-none-eabi/lib/thumb/v7e-m+fp/hard/libc_nano.a(libc_a-findfp.o)
 .text.global_stdio_init.part.0
                0x0800412c       0x40 /home/user15/st/stm32cubeide_2.1.1_2/plugins/com.st.stm32cube.ide.mcu.externaltools.gnu-tools-for-stm32.14.3.rel1.linux64_1.0.100.202602081740/tools/bin/../lib/gcc/arm-none-eabi/14.3.1/../../../../arm-none-eabi/lib/thumb/v7e-m+fp/hard/libc_nano.a(libc_a-findfp.o)
 .text.__sfp_lock_acquire
                0x0800416c        0xc /home/user15/st/stm32cubeide_2.1.1_2/plugins/com.st.stm32cube.ide.mcu.externaltools.gnu-tools-for-stm32.14.3.rel1.linux64_1.0.100.202602081740/tools/bin/../lib/gcc/arm-none-eabi/14.3.1/../../../../arm-none-eabi/lib/thumb/v7e-m+fp/hard/libc_nano.a(libc_a-findfp.o)
                0x0800416c                __sfp_lock_acquire
 .text.__sfp_lock_release
                0x08004178        0xc /home/user15/st/stm32cubeide_2.1.1_2/plugins/com.st.stm32cube.ide.mcu.externaltools.gnu-tools-for-stm32.14.3.rel1.linux64_1.0.100.202602081740/tools/bin/../lib/gcc/arm-none-eabi/14.3.1/../../../../arm-none-eabi/lib/thumb/v7e-m+fp/hard/libc_nano.a(libc_a-findfp.o)
                0x08004178                __sfp_lock_release
 .text.__sinit  0x08004184       0x30 /home/user15/st/stm32cubeide_2.1.1_2/plugins/com.st.stm32cube.ide.mcu.externaltools.gnu-tools-for-stm32.14.3.rel1.linux64_1.0.100.202602081740/tools/bin/../lib/gcc/arm-none-eabi/14.3.1/../../../../arm-none-eabi/lib/thumb/v7e-m+fp/hard/libc_nano.a(libc_a-findfp.o)
                0x08004184                __sinit
 .text._fwalk_sglue
                0x080041b4       0x3c /home/user15/st/stm32cubeide_2.1.1_2/plugins/com.st.stm32cube.ide.mcu.externaltools.gnu-tools-for-stm32.14.3.rel1.linux64_1.0.100.202602081740/tools/bin/../lib/gcc/arm-none-eabi/14.3.1/../../../../arm-none-eabi/lib/thumb/v7e-m+fp/hard/libc_nano.a(libc_a-fwalk.o)
                0x080041b4                _fwalk_sglue
 .text.printf   0x080041f0       0x24 /home/user15/st/stm32cubeide_2.1.1_2/plugins/com.st.stm32cube.ide.mcu.externaltools.gnu-tools-for-stm32.14.3.rel1.linux64_1.0.100.202602081740/tools/bin/../lib/gcc/arm-none-eabi/14.3.1/../../../../arm-none-eabi/lib/thumb/v7e-m+fp/hard/libc_nano.a(libc_a-printf.o)
                0x080041f0                printf
                0x080041f0                iprintf
 .text.__sread  0x08004214       0x22 /home/user15/st/stm32cubeide_2.1.1_2/plugins/com.st.stm32cube.ide.mcu.externaltools.gnu-tools-for-stm32.14.3.rel1.linux64_1.0.100.202602081740/tools/bin/../lib/gcc/arm-none-eabi/14.3.1/../../../../arm-none-eabi/lib/thumb/v7e-m+fp/hard/libc_nano.a(libc_a-stdio.o)
                0x08004214                __sread
 .text.__swrite
                0x08004236       0x38 /home/user15/st/stm32cubeide_2.1.1_2/plugins/com.st.stm32cube.ide.mcu.externaltools.gnu-tools-for-stm32.14.3.rel1.linux64_1.0.100.202602081740/tools/bin/../lib/gcc/arm-none-eabi/14.3.1/../../../../arm-none-eabi/lib/thumb/v7e-m+fp/hard/libc_nano.a(libc_a-stdio.o)
                0x08004236                __swrite
 .text.__sseek  0x0800426e       0x26 /home/user15/st/stm32cubeide_2.1.1_2/plugins/com.st.stm32cube.ide.mcu.externaltools.gnu-tools-for-stm32.14.3.rel1.linux64_1.0.100.202602081740/tools/bin/../lib/gcc/arm-none-eabi/14.3.1/../../../../arm-none-eabi/lib/thumb/v7e-m+fp/hard/libc_nano.a(libc_a-stdio.o)
                0x0800426e                __sseek
 .text.__sclose
                0x08004294        0x8 /home/user15/st/stm32cubeide_2.1.1_2/plugins/com.st.stm32cube.ide.mcu.externaltools.gnu-tools-for-stm32.14.3.rel1.linux64_1.0.100.202602081740/tools/bin/../lib/gcc/arm-none-eabi/14.3.1/../../../../arm-none-eabi/lib/thumb/v7e-m+fp/hard/libc_nano.a(libc_a-stdio.o)
                0x08004294                __sclose
 .text.memset   0x0800429c       0x10 /home/user15/st/stm32cubeide_2.1.1_2/plugins/com.st.stm32cube.ide.mcu.externaltools.gnu-tools-for-stm32.14.3.rel1.linux64_1.0.100.202602081740/tools/bin/../lib/gcc/arm-none-eabi/14.3.1/../../../../arm-none-eabi/lib/thumb/v7e-m+fp/hard/libc_nano.a(libc_a-memset.o)
                0x0800429c                memset
 .text._close_r
                0x080042ac       0x20 /home/user15/st/stm32cubeide_2.1.1_2/plugins/com.st.stm32cube.ide.mcu.externaltools.gnu-tools-for-stm32.14.3.rel1.linux64_1.0.100.202602081740/tools/bin/../lib/gcc/arm-none-eabi/14.3.1/../../../../arm-none-eabi/lib/thumb/v7e-m+fp/hard/libc_nano.a(libc_a-closer.o)
                0x080042ac                _close_r
 .text._lseek_r
                0x080042cc       0x24 /home/user15/st/stm32cubeide_2.1.1_2/plugins/com.st.stm32cube.ide.mcu.externaltools.gnu-tools-for-stm32.14.3.rel1.linux64_1.0.100.202602081740/tools/bin/../lib/gcc/arm-none-eabi/14.3.1/../../../../arm-none-eabi/lib/thumb/v7e-m+fp/hard/libc_nano.a(libc_a-lseekr.o)
                0x080042cc                _lseek_r
 .text._read_r  0x080042f0       0x24 /home/user15/st/stm32cubeide_2.1.1_2/plugins/com.st.stm32cube.ide.mcu.externaltools.gnu-tools-for-stm32.14.3.rel1.linux64_1.0.100.202602081740/tools/bin/../lib/gcc/arm-none-eabi/14.3.1/../../../../arm-none-eabi/lib/thumb/v7e-m+fp/hard/libc_nano.a(libc_a-readr.o)
                0x080042f0                _read_r
 .text._write_r
                0x08004314       0x24 /home/user15/st/stm32cubeide_2.1.1_2/plugins/com.st.stm32cube.ide.mcu.externaltools.gnu-tools-for-stm32.14.3.rel1.linux64_1.0.100.202602081740/tools/bin/../lib/gcc/arm-none-eabi/14.3.1/../../../../arm-none-eabi/lib/thumb/v7e-m+fp/hard/libc_nano.a(libc_a-writer.o)
                0x08004314                _write_r
 .text.__errno  0x08004338        0xc /home/user15/st/stm32cubeide_2.1.1_2/plugins/com.st.stm32cube.ide.mcu.externaltools.gnu-tools-for-stm32.14.3.rel1.linux64_1.0.100.202602081740/tools/bin/../lib/gcc/arm-none-eabi/14.3.1/../../../../arm-none-eabi/lib/thumb/v7e-m+fp/hard/libc_nano.a(libc_a-errno.o)
                0x08004338                __errno
 .text.__libc_init_array
                0x08004344       0x48 /home/user15/st/stm32cubeide_2.1.1_2/plugins/com.st.stm32cube.ide.mcu.externaltools.gnu-tools-for-stm32.14.3.rel1.linux64_1.0.100.202602081740/tools/bin/../lib/gcc/arm-none-eabi/14.3.1/../../../../arm-none-eabi/lib/thumb/v7e-m+fp/hard/libc_nano.a(libc_a-init.o)
                0x08004344                __libc_init_array
 .text.__retarget_lock_init_recursive
                0x0800438c        0x2 /home/user15/st/stm32cubeide_2.1.1_2/plugins/com.st.stm32cube.ide.mcu.externaltools.gnu-tools-for-stm32.14.3.rel1.linux64_1.0.100.202602081740/tools/bin/../lib/gcc/arm-none-eabi/14.3.1/../../../../arm-none-eabi/lib/thumb/v7e-m+fp/hard/libc_nano.a(libc_a-lock.o)
                0x0800438c                __retarget_lock_init_recursive
 .text.__retarget_lock_acquire_recursive
                0x0800438e        0x2 /home/user15/st/stm32cubeide_2.1.1_2/plugins/com.st.stm32cube.ide.mcu.externaltools.gnu-tools-for-stm32.14.3.rel1.linux64_1.0.100.202602081740/tools/bin/../lib/gcc/arm-none-eabi/14.3.1/../../../../arm-none-eabi/lib/thumb/v7e-m+fp/hard/libc_nano.a(libc_a-lock.o)
                0x0800438e                __retarget_lock_acquire_recursive
 .text.__retarget_lock_release_recursive
                0x08004390        0x2 /home/user15/st/stm32cubeide_2.1.1_2/plugins/com.st.stm32cube.ide.mcu.externaltools.gnu-tools-for-stm32.14.3.rel1.linux64_1.0.100.202602081740/tools/bin/../lib/gcc/arm-none-eabi/14.3.1/../../../../arm-none-eabi/lib/thumb/v7e-m+fp/hard/libc_nano.a(libc_a-lock.o)
                0x08004390                __retarget_lock_release_recursive
 *fill*         0x08004392        0x2 
 .text._free_r  0x08004394       0x94 /home/user15/st/stm32cubeide_2.1.1_2/plugins/com.st.stm32cube.ide.mcu.externaltools.gnu-tools-for-stm32.14.3.rel1.linux64_1.0.100.202602081740/tools/bin/../lib/gcc/arm-none-eabi/14.3.1/../../../../arm-none-eabi/lib/thumb/v7e-m+fp/hard/libc_nano.a(libc_a-freer.o)
                0x08004394                _free_r
 .text.sbrk_aligned
                0x08004428       0x44 /home/user15/st/stm32cubeide_2.1.1_2/plugins/com.st.stm32cube.ide.mcu.externaltools.gnu-tools-for-stm32.14.3.rel1.linux64_1.0.100.202602081740/tools/bin/../lib/gcc/arm-none-eabi/14.3.1/../../../../arm-none-eabi/lib/thumb/v7e-m+fp/hard/libc_nano.a(libc_a-mallocr.o)
 .text._malloc_r
                0x0800446c      0x100 /home/user15/st/stm32cubeide_2.1.1_2/plugins/com.st.stm32cube.ide.mcu.externaltools.gnu-tools-for-stm32.14.3.rel1.linux64_1.0.100.202602081740/tools/bin/../lib/gcc/arm-none-eabi/14.3.1/../../../../arm-none-eabi/lib/thumb/v7e-m+fp/hard/libc_nano.a(libc_a-mallocr.o)
                0x0800446c                _malloc_r
 .text.__malloc_lock
                0x0800456c        0xc /home/user15/st/stm32cubeide_2.1.1_2/plugins/com.st.stm32cube.ide.mcu.externaltools.gnu-tools-for-stm32.14.3.rel1.linux64_1.0.100.202602081740/tools/bin/../lib/gcc/arm-none-eabi/14.3.1/../../../../arm-none-eabi/lib/thumb/v7e-m+fp/hard/libc_nano.a(libc_a-mlock.o)
                0x0800456c                __malloc_lock
 .text.__malloc_unlock
                0x08004578        0xc /home/user15/st/stm32cubeide_2.1.1_2/plugins/com.st.stm32cube.ide.mcu.externaltools.gnu-tools-for-stm32.14.3.rel1.linux64_1.0.100.202602081740/tools/bin/../lib/gcc/arm-none-eabi/14.3.1/../../../../arm-none-eabi/lib/thumb/v7e-m+fp/hard/libc_nano.a(libc_a-mlock.o)
                0x08004578                __malloc_unlock
 .text.__sfputc_r
                0x08004584       0x2e /home/user15/st/stm32cubeide_2.1.1_2/plugins/com.st.stm32cube.ide.mcu.externaltools.gnu-tools-for-stm32.14.3.rel1.linux64_1.0.100.202602081740/tools/bin/../lib/gcc/arm-none-eabi/14.3.1/../../../../arm-none-eabi/lib/thumb/v7e-m+fp/hard/libc_nano.a(libc_a-nano-vfprintf.o)
 .text.__sfputs_r
                0x080045b2       0x24 /home/user15/st/stm32cubeide_2.1.1_2/plugins/com.st.stm32cube.ide.mcu.externaltools.gnu-tools-for-stm32.14.3.rel1.linux64_1.0.100.202602081740/tools/bin/../lib/gcc/arm-none-eabi/14.3.1/../../../../arm-none-eabi/lib/thumb/v7e-m+fp/hard/libc_nano.a(libc_a-nano-vfprintf.o)
                0x080045b2                __sfputs_r
 *fill*         0x080045d6        0x2 
 .text._vfprintf_r
                0x080045d8      0x228 /home/user15/st/stm32cubeide_2.1.1_2/plugins/com.st.stm32cube.ide.mcu.externaltools.gnu-tools-for-stm32.14.3.rel1.linux64_1.0.100.202602081740/tools/bin/../lib/gcc/arm-none-eabi/14.3.1/../../../../arm-none-eabi/lib/thumb/v7e-m+fp/hard/libc_nano.a(libc_a-nano-vfprintf.o)
                0x080045d8                _vfiprintf_r
                0x080045d8                _vfprintf_r
 .text._printf_common
                0x08004800       0xda /home/user15/st/stm32cubeide_2.1.1_2/plugins/com.st.stm32cube.ide.mcu.externaltools.gnu-tools-for-stm32.14.3.rel1.linux64_1.0.100.202602081740/tools/bin/../lib/gcc/arm-none-eabi/14.3.1/../../../../arm-none-eabi/lib/thumb/v7e-m+fp/hard/libc_nano.a(libc_a-nano-vfprintf_i.o)
                0x08004800                _printf_common
 *fill*         0x080048da        0x2 
 .text._printf_i
                0x080048dc      0x24c /home/user15/st/stm32cubeide_2.1.1_2/plugins/com.st.stm32cube.ide.mcu.externaltools.gnu-tools-for-stm32.14.3.rel1.linux64_1.0.100.202602081740/tools/bin/../lib/gcc/arm-none-eabi/14.3.1/../../../../arm-none-eabi/lib/thumb/v7e-m+fp/hard/libc_nano.a(libc_a-nano-vfprintf_i.o)
                0x080048dc                _printf_i
 .text.__sflush_r
                0x08004b28      0x104 /home/user15/st/stm32cubeide_2.1.1_2/plugins/com.st.stm32cube.ide.mcu.externaltools.gnu-tools-for-stm32.14.3.rel1.linux64_1.0.100.202602081740/tools/bin/../lib/gcc/arm-none-eabi/14.3.1/../../../../arm-none-eabi/lib/thumb/v7e-m+fp/hard/libc_nano.a(libc_a-fflush.o)
                0x08004b28                __sflush_r
 .text._fflush_r
                0x08004c2c       0x50 /home/user15/st/stm32cubeide_2.1.1_2/plugins/com.st.stm32cube.ide.mcu.externaltools.gnu-tools-for-stm32.14.3.rel1.linux64_1.0.100.202602081740/tools/bin/../lib/gcc/arm-none-eabi/14.3.1/../../../../arm-none-eabi/lib/thumb/v7e-m+fp/hard/libc_nano.a(libc_a-fflush.o)
                0x08004c2c                _fflush_r
 .text.__swbuf_r
                0x08004c7c       0x7c /home/user15/st/stm32cubeide_2.1.1_2/plugins/com.st.stm32cube.ide.mcu.externaltools.gnu-tools-for-stm32.14.3.rel1.linux64_1.0.100.202602081740/tools/bin/../lib/gcc/arm-none-eabi/14.3.1/../../../../arm-none-eabi/lib/thumb/v7e-m+fp/hard/libc_nano.a(libc_a-wbuf.o)
                0x08004c7c                __swbuf_r
 .text.__swsetup_r
                0x08004cf8       0xa8 /home/user15/st/stm32cubeide_2.1.1_2/plugins/com.st.stm32cube.ide.mcu.externaltools.gnu-tools-for-stm32.14.3.rel1.linux64_1.0.100.202602081740/tools/bin/../lib/gcc/arm-none-eabi/14.3.1/../../../../arm-none-eabi/lib/thumb/v7e-m+fp/hard/libc_nano.a(libc_a-wsetup.o)
                0x08004cf8                __swsetup_r
 .text._sbrk_r  0x08004da0       0x20 /home/user15/st/stm32cubeide_2.1.1_2/plugins/com.st.stm32cube.ide.mcu.externaltools.gnu-tools-for-stm32.14.3.rel1.linux64_1.0.100.202602081740/tools/bin/../lib/gcc/arm-none-eabi/14.3.1/../../../../arm-none-eabi/lib/thumb/v7e-m+fp/hard/libc_nano.a(libc_a-sbrkr.o)
                0x08004da0                _sbrk_r
 .text.__swhatbuf_r
                0x08004dc0       0x48 /home/user15/st/stm32cubeide_2.1.1_2/plugins/com.st.stm32cube.ide.mcu.externaltools.gnu-tools-for-stm32.14.3.rel1.linux64_1.0.100.202602081740/tools/bin/../lib/gcc/arm-none-eabi/14.3.1/../../../../arm-none-eabi/lib/thumb/v7e-m+fp/hard/libc_nano.a(libc_a-makebuf.o)
                0x08004dc0                __swhatbuf_r
 .text.__smakebuf_r
                0x08004e08       0x72 /home/user15/st/stm32cubeide_2.1.1_2/plugins/com.st.stm32cube.ide.mcu.externaltools.gnu-tools-for-stm32.14.3.rel1.linux64_1.0.100.202602081740/tools/bin/../lib/gcc/arm-none-eabi/14.3.1/../../../../arm-none-eabi/lib/thumb/v7e-m+fp/hard/libc_nano.a(libc_a-makebuf.o)
                0x08004e08                __smakebuf_r
 *fill*         0x08004e7a        0x2 
 .text._fstat_r
                0x08004e7c       0x24 /home/user15/st/stm32cubeide_2.1.1_2/plugins/com.st.stm32cube.ide.mcu.externaltools.gnu-tools-for-stm32.14.3.rel1.linux64_1.0.100.202602081740/tools/bin/../lib/gcc/arm-none-eabi/14.3.1/../../../../arm-none-eabi/lib/thumb/v7e-m+fp/hard/libc_nano.a(libc_a-fstatr.o)
                0x08004e7c                _fstat_r
 .text._isatty_r
                0x08004ea0       0x20 /home/user15/st/stm32cubeide_2.1.1_2/plugins/com.st.stm32cube.ide.mcu.externaltools.gnu-tools-for-stm32.14.3.rel1.linux64_1.0.100.202602081740/tools/bin/../lib/gcc/arm-none-eabi/14.3.1/../../../../arm-none-eabi/lib/thumb/v7e-m+fp/hard/libc_nano.a(libc_a-isattyr.o)
                0x08004ea0                _isatty_r
 *(.glue_7)
 .glue_7        0x08004ec0        0x0 linker stubs
 *(.glue_7t)
 .glue_7t       0x08004ec0        0x0 linker stubs
 *(.eh_frame)
 .eh_frame      0x08004ec0        0x0 /home/user15/st/stm32cubeide_2.1.1_2/plugins/com.st.stm32cube.ide.mcu.externaltools.gnu-tools-for-stm32.14.3.rel1.linux64_1.0.100.202602081740/tools/bin/../lib/gcc/arm-none-eabi/14.3.1/thumb/v7e-m+fp/hard/crtbegin.o
 *(.init)
 .init          0x08004ec0        0x4 /home/user15/st/stm32cubeide_2.1.1_2/plugins/com.st.stm32cube.ide.mcu.externaltools.gnu-tools-for-stm32.14.3.rel1.linux64_1.0.100.202602081740/tools/bin/../lib/gcc/arm-none-eabi/14.3.1/thumb/v7e-m+fp/hard/crti.o
                0x08004ec0                _init
 .init          0x08004ec4        0x8 /home/user15/st/stm32cubeide_2.1.1_2/plugins/com.st.stm32cube.ide.mcu.externaltools.gnu-tools-for-stm32.14.3.rel1.linux64_1.0.100.202602081740/tools/bin/../lib/gcc/arm-none-eabi/14.3.1/thumb/v7e-m+fp/hard/crtn.o
 *(.fini)
 .fini          0x08004ecc        0x4 /home/user15/st/stm32cubeide_2.1.1_2/plugins/com.st.stm32cube.ide.mcu.externaltools.gnu-tools-for-stm32.14.3.rel1.linux64_1.0.100.202602081740/tools/bin/../lib/gcc/arm-none-eabi/14.3.1/thumb/v7e-m+fp/hard/crti.o
                0x08004ecc                _fini
 .fini          0x08004ed0        0x8 /home/user15/st/stm32cubeide_2.1.1_2/plugins/com.st.stm32cube.ide.mcu.externaltools.gnu-tools-for-stm32.14.3.rel1.linux64_1.0.100.202602081740/tools/bin/../lib/gcc/arm-none-eabi/14.3.1/thumb/v7e-m+fp/hard/crtn.o
                0x08004ed8                        . = ALIGN (0x4)
                0x08004ed8                        _etext = .

.vfp11_veneer   0x08004ed8        0x0
 .vfp11_veneer  0x08004ed8        0x0 linker stubs

.v4_bx          0x08004ed8        0x0
 .v4_bx         0x08004ed8        0x0 linker stubs

.iplt           0x08004ed8        0x0
 .iplt          0x08004ed8        0x0 /home/user15/st/stm32cubeide_2.1.1_2/plugins/com.st.stm32cube.ide.mcu.externaltools.gnu-tools-for-stm32.14.3.rel1.linux64_1.0.100.202602081740/tools/bin/../lib/gcc/arm-none-eabi/14.3.1/thumb/v7e-m+fp/hard/crtbegin.o

.rodata         0x08004ed8       0x64
                0x08004ed8                        . = ALIGN (0x4)
 *(.rodata)
 .rodata        0x08004ed8       0x15 ./Core/Src/main.o
 *(.rodata*)
 *fill*         0x08004eed        0x3 
 .rodata.AHBPrescTable
                0x08004ef0       0x10 ./Core/Src/system_stm32f4xx.o
                0x08004ef0                AHBPrescTable
 .rodata.APBPrescTable
                0x08004f00        0x8 ./Core/Src/system_stm32f4xx.o
                0x08004f00                APBPrescTable
 .rodata._vfprintf_r.str1.1
                0x08004f08       0x33 /home/user15/st/stm32cubeide_2.1.1_2/plugins/com.st.stm32cube.ide.mcu.externaltools.gnu-tools-for-stm32.14.3.rel1.linux64_1.0.100.202602081740/tools/bin/../lib/gcc/arm-none-eabi/14.3.1/../../../../arm-none-eabi/lib/thumb/v7e-m+fp/hard/libc_nano.a(libc_a-nano-vfprintf.o)
                                 0x11 (size before relaxing)
 .rodata._printf_i.str1.1
                0x08004f3b       0x22 /home/user15/st/stm32cubeide_2.1.1_2/plugins/com.st.stm32cube.ide.mcu.externaltools.gnu-tools-for-stm32.14.3.rel1.linux64_1.0.100.202602081740/tools/bin/../lib/gcc/arm-none-eabi/14.3.1/../../../../arm-none-eabi/lib/thumb/v7e-m+fp/hard/libc_nano.a(libc_a-nano-vfprintf_i.o)
                0x08004f60                        . = ALIGN (0x4)
 *fill*         0x08004f3b        0x1 

.ARM.extab      0x08004f3c        0x0
                0x08004f3c                        . = ALIGN (0x4)
 *(.ARM.extab* .gnu.linkonce.armextab.*)
                0x08004f3c                        . = ALIGN (0x4)

.ARM            0x08004f3c        0x8
                0x08004f3c                        . = ALIGN (0x4)
                0x08004f3c                        __exidx_start = .
 *(.ARM.exidx*)
 .ARM.exidx     0x08004f3c        0x8 /home/user15/st/stm32cubeide_2.1.1_2/plugins/com.st.stm32cube.ide.mcu.externaltools.gnu-tools-for-stm32.14.3.rel1.linux64_1.0.100.202602081740/tools/bin/../lib/gcc/arm-none-eabi/14.3.1/../../../../arm-none-eabi/lib/thumb/v7e-m+fp/hard/libc_nano.a(libc_a-memchr.o)
 .ARM.exidx     0x08004f44        0x0 /home/user15/st/stm32cubeide_2.1.1_2/plugins/com.st.stm32cube.ide.mcu.externaltools.gnu-tools-for-stm32.14.3.rel1.linux64_1.0.100.202602081740/tools/bin/../lib/gcc/arm-none-eabi/14.3.1/thumb/v7e-m+fp/hard/libgcc.a(_udivmoddi4.o)
                                  0x8 (size before relaxing)
                0x08004f44                        __exidx_end = .
                0x08004f44                        . = ALIGN (0x4)

.preinit_array  0x08004f44        0x0
                0x08004f44                        . = ALIGN (0x4)
                0x08004f44                        PROVIDE (__preinit_array_start = .)
 *(.preinit_array*)
                0x08004f44                        PROVIDE (__preinit_array_end = .)
                0x08004f44                        . = ALIGN (0x4)

.init_array     0x08004f44        0x4
                0x08004f44                        . = ALIGN (0x4)
                0x08004f44                        PROVIDE (__init_array_start = .)
 *(SORT_BY_NAME(.init_array.*))
 *(.init_array*)
 .init_array    0x08004f44        0x4 /home/user15/st/stm32cubeide_2.1.1_2/plugins/com.st.stm32cube.ide.mcu.externaltools.gnu-tools-for-stm32.14.3.rel1.linux64_1.0.100.202602081740/tools/bin/../lib/gcc/arm-none-eabi/14.3.1/thumb/v7e-m+fp/hard/crtbegin.o
                0x08004f48                        PROVIDE (__init_array_end = .)
                0x08004f48                        . = ALIGN (0x4)

.fini_array     0x08004f48        0x4
                0x08004f48                        . = ALIGN (0x4)
                [!provide]                        PROVIDE (__fini_array_start = .)
 *(SORT_BY_NAME(.fini_array.*))
 *(.fini_array*)
 .fini_array    0x08004f48        0x4 /home/user15/st/stm32cubeide_2.1.1_2/plugins/com.st.stm32cube.ide.mcu.externaltools.gnu-tools-for-stm32.14.3.rel1.linux64_1.0.100.202602081740/tools/bin/../lib/gcc/arm-none-eabi/14.3.1/thumb/v7e-m+fp/hard/crtbegin.o
                [!provide]                        PROVIDE (__fini_array_end = .)
                0x08004f4c                        . = ALIGN (0x4)
                0x08004f4c                        _sidata = LOADADDR (.data)

.rel.dyn        0x08004f4c        0x0
 .rel.iplt      0x08004f4c        0x0 /home/user15/st/stm32cubeide_2.1.1_2/plugins/com.st.stm32cube.ide.mcu.externaltools.gnu-tools-for-stm32.14.3.rel1.linux64_1.0.100.202602081740/tools/bin/../lib/gcc/arm-none-eabi/14.3.1/thumb/v7e-m+fp/hard/crtbegin.o

.data           0x20000000       0x68 load address 0x08004f4c
                0x20000000                        . = ALIGN (0x4)
                0x20000000                        _sdata = .
 *(.data)
 *(.data*)
 .data.SystemCoreClock
                0x20000000        0x4 ./Core/Src/system_stm32f4xx.o
                0x20000000                SystemCoreClock
 .data.uwTickPrio
                0x20000004        0x4 ./Drivers/STM32F4xx_HAL_Driver/Src/stm32f4xx_hal.o
                0x20000004                uwTickPrio
 .data.uwTickFreq
                0x20000008        0x1 ./Drivers/STM32F4xx_HAL_Driver/Src/stm32f4xx_hal.o
                0x20000008                uwTickFreq
 *fill*         0x20000009        0x3 
 .data.__sglue  0x2000000c        0xc /home/user15/st/stm32cubeide_2.1.1_2/plugins/com.st.stm32cube.ide.mcu.externaltools.gnu-tools-for-stm32.14.3.rel1.linux64_1.0.100.202602081740/tools/bin/../lib/gcc/arm-none-eabi/14.3.1/../../../../arm-none-eabi/lib/thumb/v7e-m+fp/hard/libc_nano.a(libc_a-findfp.o)
                0x2000000c                __sglue
 .data._impure_ptr
                0x20000018        0x4 /home/user15/st/stm32cubeide_2.1.1_2/plugins/com.st.stm32cube.ide.mcu.externaltools.gnu-tools-for-stm32.14.3.rel1.linux64_1.0.100.202602081740/tools/bin/../lib/gcc/arm-none-eabi/14.3.1/../../../../arm-none-eabi/lib/thumb/v7e-m+fp/hard/libc_nano.a(libc_a-impure.o)
                0x20000018                _impure_ptr
 .data._impure_data
                0x2000001c       0x4c /home/user15/st/stm32cubeide_2.1.1_2/plugins/com.st.stm32cube.ide.mcu.externaltools.gnu-tools-for-stm32.14.3.rel1.linux64_1.0.100.202602081740/tools/bin/../lib/gcc/arm-none-eabi/14.3.1/../../../../arm-none-eabi/lib/thumb/v7e-m+fp/hard/libc_nano.a(libc_a-impure.o)
                0x2000001c                _impure_data
 *(.RamFunc)
 *(.RamFunc*)
                0x20000068                        . = ALIGN (0x4)
                0x20000068                        _edata = .

.igot.plt       0x20000068        0x0 load address 0x08004fb4
 .igot.plt      0x20000068        0x0 /home/user15/st/stm32cubeide_2.1.1_2/plugins/com.st.stm32cube.ide.mcu.externaltools.gnu-tools-for-stm32.14.3.rel1.linux64_1.0.100.202602081740/tools/bin/../lib/gcc/arm-none-eabi/14.3.1/thumb/v7e-m+fp/hard/crtbegin.o
                0x20000068                        . = ALIGN (0x4)

.bss            0x20000068      0x254 load address 0x08004fb4
                0x20000068                        _sbss = .
                0x20000068                        __bss_start__ = _sbss
 *(.bss)
 .bss           0x20000068       0x1c /home/user15/st/stm32cubeide_2.1.1_2/plugins/com.st.stm32cube.ide.mcu.externaltools.gnu-tools-for-stm32.14.3.rel1.linux64_1.0.100.202602081740/tools/bin/../lib/gcc/arm-none-eabi/14.3.1/thumb/v7e-m+fp/hard/crtbegin.o
 *(.bss*)
 .bss.rxData    0x20000084        0x1 ./Core/Src/main.o
                0x20000084                rxData
 *fill*         0x20000085        0x1 
 .bss.IC_Value1
                0x20000086        0x2 ./Core/Src/main.o
                0x20000086                IC_Value1
 .bss.IC_Value2
                0x20000088        0x2 ./Core/Src/main.o
                0x20000088                IC_Value2
 .bss.echoTime  0x2000008a        0x2 ./Core/Src/main.o
                0x2000008a                echoTime
 .bss.captureFlage
                0x2000008c        0x1 ./Core/Src/main.o
                0x2000008c                captureFlage
 .bss.distance  0x2000008d        0x1 ./Core/Src/main.o
                0x2000008d                distance
 *fill*         0x2000008e        0x2 
 .bss.__sbrk_heap_end
                0x20000090        0x4 ./Core/Src/sysmem.o
 .bss.htim3     0x20000094       0x48 ./Core/Src/tim.o
                0x20000094                htim3
 .bss.htim11    0x200000dc       0x48 ./Core/Src/tim.o
                0x200000dc                htim11
 .bss.huart2    0x20000124       0x48 ./Core/Src/usart.o
                0x20000124                huart2
 .bss.uwTick    0x2000016c        0x4 ./Drivers/STM32F4xx_HAL_Driver/Src/stm32f4xx_hal.o
                0x2000016c                uwTick
 .bss.__sf      0x20000170      0x138 /home/user15/st/stm32cubeide_2.1.1_2/plugins/com.st.stm32cube.ide.mcu.externaltools.gnu-tools-for-stm32.14.3.rel1.linux64_1.0.100.202602081740/tools/bin/../lib/gcc/arm-none-eabi/14.3.1/../../../../arm-none-eabi/lib/thumb/v7e-m+fp/hard/libc_nano.a(libc_a-findfp.o)
                0x20000170                __sf
 .bss.__stdio_exit_handler
                0x200002a8        0x4 /home/user15/st/stm32cubeide_2.1.1_2/plugins/com.st.stm32cube.ide.mcu.externaltools.gnu-tools-for-stm32.14.3.rel1.linux64_1.0.100.202602081740/tools/bin/../lib/gcc/arm-none-eabi/14.3.1/../../../../arm-none-eabi/lib/thumb/v7e-m+fp/hard/libc_nano.a(libc_a-findfp.o)
                0x200002a8                __stdio_exit_handler
 .bss.errno     0x200002ac        0x4 /home/user15/st/stm32cubeide_2.1.1_2/plugins/com.st.stm32cube.ide.mcu.externaltools.gnu-tools-for-stm32.14.3.rel1.linux64_1.0.100.202602081740/tools/bin/../lib/gcc/arm-none-eabi/14.3.1/../../../../arm-none-eabi/lib/thumb/v7e-m+fp/hard/libc_nano.a(libc_a-reent.o)
                0x200002ac                errno
 .bss.__lock___malloc_recursive_mutex
                0x200002b0        0x1 /home/user15/st/stm32cubeide_2.1.1_2/plugins/com.st.stm32cube.ide.mcu.externaltools.gnu-tools-for-stm32.14.3.rel1.linux64_1.0.100.202602081740/tools/bin/../lib/gcc/arm-none-eabi/14.3.1/../../../../arm-none-eabi/lib/thumb/v7e-m+fp/hard/libc_nano.a(libc_a-lock.o)
                0x200002b0                __lock___malloc_recursive_mutex
 .bss.__lock___sfp_recursive_mutex
                0x200002b1        0x1 /home/user15/st/stm32cubeide_2.1.1_2/plugins/com.st.stm32cube.ide.mcu.externaltools.gnu-tools-for-stm32.14.3.rel1.linux64_1.0.100.202602081740/tools/bin/../lib/gcc/arm-none-eabi/14.3.1/../../../../arm-none-eabi/lib/thumb/v7e-m+fp/hard/libc_nano.a(libc_a-lock.o)
                0x200002b1                __lock___sfp_recursive_mutex
 *fill*         0x200002b2        0x2 
 .bss.__malloc_sbrk_start
                0x200002b4        0x4 /home/user15/st/stm32cubeide_2.1.1_2/plugins/com.st.stm32cube.ide.mcu.externaltools.gnu-tools-for-stm32.14.3.rel1.linux64_1.0.100.202602081740/tools/bin/../lib/gcc/arm-none-eabi/14.3.1/../../../../arm-none-eabi/lib/thumb/v7e-m+fp/hard/libc_nano.a(libc_a-mallocr.o)
                0x200002b4                __malloc_sbrk_start
 .bss.__malloc_free_list
                0x200002b8        0x4 /home/user15/st/stm32cubeide_2.1.1_2/plugins/com.st.stm32cube.ide.mcu.externaltools.gnu-tools-for-stm32.14.3.rel1.linux64_1.0.100.202602081740/tools/bin/../lib/gcc/arm-none-eabi/14.3.1/../../../../arm-none-eabi/lib/thumb/v7e-m+fp/hard/libc_nano.a(libc_a-mallocr.o)
                0x200002b8                __malloc_free_list
 *(COMMON)
                0x200002bc                        . = ALIGN (0x4)
                0x200002bc                        _ebss = .
                0x200002bc                        __bss_end__ = _ebss

._user_heap_stack
                0x200002bc      0x604 load address 0x08004fb4
                0x200002c0                        . = ALIGN (0x8)
 *fill*         0x200002bc        0x4 
                [!provide]                        PROVIDE (end = .)
                0x200002c0                        PROVIDE (_end = .)
                0x200004c0                        . = (. + _Min_Heap_Size)
 *fill*         0x200002c0      0x200 
                0x200008c0                        . = (. + _Min_Stack_Size)
 *fill*         0x200004c0      0x400 
                0x200008c0                        . = ALIGN (0x8)

/DISCARD/
 libc.a(*)
 libm.a(*)
 libgcc.a(*)

.ARM.attributes
                0x00000000       0x30
 *(.ARM.attributes)
 .ARM.attributes
                0x00000000       0x22 /home/user15/st/stm32cubeide_2.1.1_2/plugins/com.st.stm32cube.ide.mcu.externaltools.gnu-tools-for-stm32.14.3.rel1.linux64_1.0.100.202602081740/tools/bin/../lib/gcc/arm-none-eabi/14.3.1/thumb/v7e-m+fp/hard/crti.o
 .ARM.attributes
                0x00000022       0x34 /home/user15/st/stm32cubeide_2.1.1_2/plugins/com.st.stm32cube.ide.mcu.externaltools.gnu-tools-for-stm32.14.3.rel1.linux64_1.0.100.202602081740/tools/bin/../lib/gcc/arm-none-eabi/14.3.1/thumb/v7e-m+fp/hard/crtbegin.o
 .ARM.attributes
                0x00000056       0x34 ./Core/Src/delay.o
 .ARM.attributes
                0x0000008a       0x34 ./Core/Src/gpio.o
 .ARM.attributes
                0x000000be       0x34 ./Core/Src/main.o
 .ARM.attributes
                0x000000f2       0x34 ./Core/Src/stm32f4xx_hal_msp.o
 .ARM.attributes
                0x00000126       0x34 ./Core/Src/stm32f4xx_it.o
 .ARM.attributes
                0x0000015a       0x34 ./Core/Src/syscalls.o
 .ARM.attributes
                0x0000018e       0x34 ./Core/Src/sysmem.o
 .ARM.attributes
                0x000001c2       0x34 ./Core/Src/system_stm32f4xx.o
 .ARM.attributes
                0x000001f6       0x34 ./Core/Src/tim.o
 .ARM.attributes
                0x0000022a       0x34 ./Core/Src/usart.o
 .ARM.attributes
                0x0000025e       0x21 ./Core/Startup/startup_stm32f411retx.o
 .ARM.attributes
                0x0000027f       0x34 ./Drivers/STM32F4xx_HAL_Driver/Src/stm32f4xx_hal.o
 .ARM.attributes
                0x000002b3       0x34 ./Drivers/STM32F4xx_HAL_Driver/Src/stm32f4xx_hal_cortex.o
 .ARM.attributes
                0x000002e7       0x34 ./Drivers/STM32F4xx_HAL_Driver/Src/stm32f4xx_hal_dma.o
 .ARM.attributes
                0x0000031b       0x34 ./Drivers/STM32F4xx_HAL_Driver/Src/stm32f4xx_hal_gpio.o
 .ARM.attributes
                0x0000034f       0x34 ./Drivers/STM32F4xx_HAL_Driver/Src/stm32f4xx_hal_rcc.o
 .ARM.attributes
                0x00000383       0x34 ./Drivers/STM32F4xx_HAL_Driver/Src/stm32f4xx_hal_tim.o
 .ARM.attributes
                0x000003b7       0x34 ./Drivers/STM32F4xx_HAL_Driver/Src/stm32f4xx_hal_tim_ex.o
 .ARM.attributes
                0x000003eb       0x34 ./Drivers/STM32F4xx_HAL_Driver/Src/stm32f4xx_hal_uart.o
 .ARM.attributes
                0x0000041f       0x34 /home/user15/st/stm32cubeide_2.1.1_2/plugins/com.st.stm32cube.ide.mcu.externaltools.gnu-tools-for-stm32.14.3.rel1.linux64_1.0.100.202602081740/tools/bin/../lib/gcc/arm-none-eabi/14.3.1/../../../../arm-none-eabi/lib/thumb/v7e-m+fp/hard/libc_nano.a(libc_a-findfp.o)
 .ARM.attributes
                0x00000453       0x34 /home/user15/st/stm32cubeide_2.1.1_2/plugins/com.st.stm32cube.ide.mcu.externaltools.gnu-tools-for-stm32.14.3.rel1.linux64_1.0.100.202602081740/tools/bin/../lib/gcc/arm-none-eabi/14.3.1/../../../../arm-none-eabi/lib/thumb/v7e-m+fp/hard/libc_nano.a(libc_a-fwalk.o)
 .ARM.attributes
                0x00000487       0x34 /home/user15/st/stm32cubeide_2.1.1_2/plugins/com.st.stm32cube.ide.mcu.externaltools.gnu-tools-for-stm32.14.3.rel1.linux64_1.0.100.202602081740/tools/bin/../lib/gcc/arm-none-eabi/14.3.1/../../../../arm-none-eabi/lib/thumb/v7e-m+fp/hard/libc_nano.a(libc_a-printf.o)
 .ARM.attributes
                0x000004bb       0x34 /home/user15/st/stm32cubeide_2.1.1_2/plugins/com.st.stm32cube.ide.mcu.externaltools.gnu-tools-for-stm32.14.3.rel1.linux64_1.0.100.202602081740/tools/bin/../lib/gcc/arm-none-eabi/14.3.1/../../../../arm-none-eabi/lib/thumb/v7e-m+fp/hard/libc_nano.a(libc_a-stdio.o)
 .ARM.attributes
                0x000004ef       0x34 /home/user15/st/stm32cubeide_2.1.1_2/plugins/com.st.stm32cube.ide.mcu.externaltools.gnu-tools-for-stm32.14.3.rel1.linux64_1.0.100.202602081740/tools/bin/../lib/gcc/arm-none-eabi/14.3.1/../../../../arm-none-eabi/lib/thumb/v7e-m+fp/hard/libc_nano.a(libc_a-memset.o)
 .ARM.attributes
                0x00000523       0x34 /home/user15/st/stm32cubeide_2.1.1_2/plugins/com.st.stm32cube.ide.mcu.externaltools.gnu-tools-for-stm32.14.3.rel1.linux64_1.0.100.202602081740/tools/bin/../lib/gcc/arm-none-eabi/14.3.1/../../../../arm-none-eabi/lib/thumb/v7e-m+fp/hard/libc_nano.a(libc_a-closer.o)
 .ARM.attributes
                0x00000557       0x34 /home/user15/st/stm32cubeide_2.1.1_2/plugins/com.st.stm32cube.ide.mcu.externaltools.gnu-tools-for-stm32.14.3.rel1.linux64_1.0.100.202602081740/tools/bin/../lib/gcc/arm-none-eabi/14.3.1/../../../../arm-none-eabi/lib/thumb/v7e-m+fp/hard/libc_nano.a(libc_a-reent.o)
 .ARM.attributes
                0x0000058b       0x34 /home/user15/st/stm32cubeide_2.1.1_2/plugins/com.st.stm32cube.ide.mcu.externaltools.gnu-tools-for-stm32.14.3.rel1.linux64_1.0.100.202602081740/tools/bin/../lib/gcc/arm-none-eabi/14.3.1/../../../../arm-none-eabi/lib/thumb/v7e-m+fp/hard/libc_nano.a(libc_a-impure.o)
 .ARM.attributes
                0x000005bf       0x34 /home/user15/st/stm32cubeide_2.1.1_2/plugins/com.st.stm32cube.ide.mcu.externaltools.gnu-tools-for-stm32.14.3.rel1.linux64_1.0.100.202602081740/tools/bin/../lib/gcc/arm-none-eabi/14.3.1/../../../../arm-none-eabi/lib/thumb/v7e-m+fp/hard/libc_nano.a(libc_a-lseekr.o)
 .ARM.attributes
                0x000005f3       0x34 /home/user15/st/stm32cubeide_2.1.1_2/plugins/com.st.stm32cube.ide.mcu.externaltools.gnu-tools-for-stm32.14.3.rel1.linux64_1.0.100.202602081740/tools/bin/../lib/gcc/arm-none-eabi/14.3.1/../../../../arm-none-eabi/lib/thumb/v7e-m+fp/hard/libc_nano.a(libc_a-readr.o)
 .ARM.attributes
                0x00000627       0x34 /home/user15/st/stm32cubeide_2.1.1_2/plugins/com.st.stm32cube.ide.mcu.externaltools.gnu-tools-for-stm32.14.3.rel1.linux64_1.0.100.202602081740/tools/bin/../lib/gcc/arm-none-eabi/14.3.1/../../../../arm-none-eabi/lib/thumb/v7e-m+fp/hard/libc_nano.a(libc_a-writer.o)
 .ARM.attributes
                0x0000065b       0x34 /home/user15/st/stm32cubeide_2.1.1_2/plugins/com.st.stm32cube.ide.mcu.externaltools.gnu-tools-for-stm32.14.3.rel1.linux64_1.0.100.202602081740/tools/bin/../lib/gcc/arm-none-eabi/14.3.1/../../../../arm-none-eabi/lib/thumb/v7e-m+fp/hard/libc_nano.a(libc_a-errno.o)
 .ARM.attributes
                0x0000068f       0x34 /home/user15/st/stm32cubeide_2.1.1_2/plugins/com.st.stm32cube.ide.mcu.externaltools.gnu-tools-for-stm32.14.3.rel1.linux64_1.0.100.202602081740/tools/bin/../lib/gcc/arm-none-eabi/14.3.1/../../../../arm-none-eabi/lib/thumb/v7e-m+fp/hard/libc_nano.a(libc_a-init.o)
 .ARM.attributes
                0x000006c3       0x34 /home/user15/st/stm32cubeide_2.1.1_2/plugins/com.st.stm32cube.ide.mcu.externaltools.gnu-tools-for-stm32.14.3.rel1.linux64_1.0.100.202602081740/tools/bin/../lib/gcc/arm-none-eabi/14.3.1/../../../../arm-none-eabi/lib/thumb/v7e-m+fp/hard/libc_nano.a(libc_a-lock.o)
 .ARM.attributes
                0x000006f7       0x34 /home/user15/st/stm32cubeide_2.1.1_2/plugins/com.st.stm32cube.ide.mcu.externaltools.gnu-tools-for-stm32.14.3.rel1.linux64_1.0.100.202602081740/tools/bin/../lib/gcc/arm-none-eabi/14.3.1/../../../../arm-none-eabi/lib/thumb/v7e-m+fp/hard/libc_nano.a(libc_a-freer.o)
 .ARM.attributes
                0x0000072b       0x34 /home/user15/st/stm32cubeide_2.1.1_2/plugins/com.st.stm32cube.ide.mcu.externaltools.gnu-tools-for-stm32.14.3.rel1.linux64_1.0.100.202602081740/tools/bin/../lib/gcc/arm-none-eabi/14.3.1/../../../../arm-none-eabi/lib/thumb/v7e-m+fp/hard/libc_nano.a(libc_a-mallocr.o)
 .ARM.attributes
                0x0000075f       0x34 /home/user15/st/stm32cubeide_2.1.1_2/plugins/com.st.stm32cube.ide.mcu.externaltools.gnu-tools-for-stm32.14.3.rel1.linux64_1.0.100.202602081740/tools/bin/../lib/gcc/arm-none-eabi/14.3.1/../../../../arm-none-eabi/lib/thumb/v7e-m+fp/hard/libc_nano.a(libc_a-mlock.o)
 .ARM.attributes
                0x00000793       0x34 /home/user15/st/stm32cubeide_2.1.1_2/plugins/com.st.stm32cube.ide.mcu.externaltools.gnu-tools-for-stm32.14.3.rel1.linux64_1.0.100.202602081740/tools/bin/../lib/gcc/arm-none-eabi/14.3.1/../../../../arm-none-eabi/lib/thumb/v7e-m+fp/hard/libc_nano.a(libc_a-nano-vfprintf.o)
 .ARM.attributes
                0x000007c7       0x34 /home/user15/st/stm32cubeide_2.1.1_2/plugins/com.st.stm32cube.ide.mcu.externaltools.gnu-tools-for-stm32.14.3.rel1.linux64_1.0.100.202602081740/tools/bin/../lib/gcc/arm-none-eabi/14.3.1/../../../../arm-none-eabi/lib/thumb/v7e-m+fp/hard/libc_nano.a(libc_a-nano-vfprintf_i.o)
 .ARM.attributes
                0x000007fb       0x34 /home/user15/st/stm32cubeide_2.1.1_2/plugins/com.st.stm32cube.ide.mcu.externaltools.gnu-tools-for-stm32.14.3.rel1.linux64_1.0.100.202602081740/tools/bin/../lib/gcc/arm-none-eabi/14.3.1/../../../../arm-none-eabi/lib/thumb/v7e-m+fp/hard/libc_nano.a(libc_a-fflush.o)
 .ARM.attributes
                0x0000082f       0x34 /home/user15/st/stm32cubeide_2.1.1_2/plugins/com.st.stm32cube.ide.mcu.externaltools.gnu-tools-for-stm32.14.3.rel1.linux64_1.0.100.202602081740/tools/bin/../lib/gcc/arm-none-eabi/14.3.1/../../../../arm-none-eabi/lib/thumb/v7e-m+fp/hard/libc_nano.a(libc_a-wbuf.o)
 .ARM.attributes
                0x00000863       0x34 /home/user15/st/stm32cubeide_2.1.1_2/plugins/com.st.stm32cube.ide.mcu.externaltools.gnu-tools-for-stm32.14.3.rel1.linux64_1.0.100.202602081740/tools/bin/../lib/gcc/arm-none-eabi/14.3.1/../../../../arm-none-eabi/lib/thumb/v7e-m+fp/hard/libc_nano.a(libc_a-wsetup.o)
 .ARM.attributes
                0x00000897       0x34 /home/user15/st/stm32cubeide_2.1.1_2/plugins/com.st.stm32cube.ide.mcu.externaltools.gnu-tools-for-stm32.14.3.rel1.linux64_1.0.100.202602081740/tools/bin/../lib/gcc/arm-none-eabi/14.3.1/../../../../arm-none-eabi/lib/thumb/v7e-m+fp/hard/libc_nano.a(libc_a-sbrkr.o)
 .ARM.attributes
                0x000008cb       0x1c /home/user15/st/stm32cubeide_2.1.1_2/plugins/com.st.stm32cube.ide.mcu.externaltools.gnu-tools-for-stm32.14.3.rel1.linux64_1.0.100.202602081740/tools/bin/../lib/gcc/arm-none-eabi/14.3.1/../../../../arm-none-eabi/lib/thumb/v7e-m+fp/hard/libc_nano.a(libc_a-memchr.o)
 .ARM.attributes
                0x000008e7       0x34 /home/user15/st/stm32cubeide_2.1.1_2/plugins/com.st.stm32cube.ide.mcu.externaltools.gnu-tools-for-stm32.14.3.rel1.linux64_1.0.100.202602081740/tools/bin/../lib/gcc/arm-none-eabi/14.3.1/../../../../arm-none-eabi/lib/thumb/v7e-m+fp/hard/libc_nano.a(libc_a-makebuf.o)
 .ARM.attributes
                0x0000091b       0x34 /home/user15/st/stm32cubeide_2.1.1_2/plugins/com.st.stm32cube.ide.mcu.externaltools.gnu-tools-for-stm32.14.3.rel1.linux64_1.0.100.202602081740/tools/bin/../lib/gcc/arm-none-eabi/14.3.1/../../../../arm-none-eabi/lib/thumb/v7e-m+fp/hard/libc_nano.a(libc_a-fstatr.o)
 .ARM.attributes
                0x0000094f       0x34 /home/user15/st/stm32cubeide_2.1.1_2/plugins/com.st.stm32cube.ide.mcu.externaltools.gnu-tools-for-stm32.14.3.rel1.linux64_1.0.100.202602081740/tools/bin/../lib/gcc/arm-none-eabi/14.3.1/../../../../arm-none-eabi/lib/thumb/v7e-m+fp/hard/libc_nano.a(libc_a-isattyr.o)
 .ARM.attributes
                0x00000983       0x22 /home/user15/st/stm32cubeide_2.1.1_2/plugins/com.st.stm32cube.ide.mcu.externaltools.gnu-tools-for-stm32.14.3.rel1.linux64_1.0.100.202602081740/tools/bin/../lib/gcc/arm-none-eabi/14.3.1/thumb/v7e-m+fp/hard/libgcc.a(_aeabi_uldivmod.o)
 .ARM.attributes
                0x000009a5       0x34 /home/user15/st/stm32cubeide_2.1.1_2/plugins/com.st.stm32cube.ide.mcu.externaltools.gnu-tools-for-stm32.14.3.rel1.linux64_1.0.100.202602081740/tools/bin/../lib/gcc/arm-none-eabi/14.3.1/thumb/v7e-m+fp/hard/libgcc.a(_udivmoddi4.o)
 .ARM.attributes
                0x000009d9       0x22 /home/user15/st/stm32cubeide_2.1.1_2/plugins/com.st.stm32cube.ide.mcu.externaltools.gnu-tools-for-stm32.14.3.rel1.linux64_1.0.100.202602081740/tools/bin/../lib/gcc/arm-none-eabi/14.3.1/thumb/v7e-m+fp/hard/libgcc.a(_dvmd_tls.o)
 .ARM.attributes
                0x000009fb       0x22 /home/user15/st/stm32cubeide_2.1.1_2/plugins/com.st.stm32cube.ide.mcu.externaltools.gnu-tools-for-stm32.14.3.rel1.linux64_1.0.100.202602081740/tools/bin/../lib/gcc/arm-none-eabi/14.3.1/thumb/v7e-m+fp/hard/crtn.o
OUTPUT(05_UTLRASONIC.elf elf32-littlearm)
LOAD linker stubs
LOAD /home/user15/st/stm32cubeide_2.1.1_2/plugins/com.st.stm32cube.ide.mcu.externaltools.gnu-tools-for-stm32.14.3.rel1.linux64_1.0.100.202602081740/tools/bin/../lib/gcc/arm-none-eabi/14.3.1/../../../../arm-none-eabi/lib/thumb/v7e-m+fp/hard/libc.a
LOAD /home/user15/st/stm32cubeide_2.1.1_2/plugins/com.st.stm32cube.ide.mcu.externaltools.gnu-tools-for-stm32.14.3.rel1.linux64_1.0.100.202602081740/tools/bin/../lib/gcc/arm-none-eabi/14.3.1/../../../../arm-none-eabi/lib/thumb/v7e-m+fp/hard/libm.a
LOAD /home/user15/st/stm32cubeide_2.1.1_2/plugins/com.st.stm32cube.ide.mcu.externaltools.gnu-tools-for-stm32.14.3.rel1.linux64_1.0.100.202602081740/tools/bin/../lib/gcc/arm-none-eabi/14.3.1/thumb/v7e-m+fp/hard/libgcc.a

.debug_info     0x00000000     0xe99e
 .debug_info    0x00000000      0x653 ./Core/Src/delay.o
 .debug_info    0x00000653      0x3fb ./Core/Src/gpio.o
 .debug_info    0x00000a4e     0x101a ./Core/Src/main.o
 .debug_info    0x00001a68      0x291 ./Core/Src/stm32f4xx_hal_msp.o
 .debug_info    0x00001cf9      0x99f ./Core/Src/stm32f4xx_it.o
 .debug_info    0x00002698      0x6a3 ./Core/Src/syscalls.o
 .debug_info    0x00002d3b      0x168 ./Core/Src/sysmem.o
 .debug_info    0x00002ea3      0x53e ./Core/Src/system_stm32f4xx.o
 .debug_info    0x000033e1      0xdfc ./Core/Src/tim.o
 .debug_info    0x000041dd      0xb2e ./Core/Src/usart.o
 .debug_info    0x00004d0b       0x30 ./Core/Startup/startup_stm32f411retx.o
 .debug_info    0x00004d3b      0x8c4 ./Drivers/STM32F4xx_HAL_Driver/Src/stm32f4xx_hal.o
 .debug_info    0x000055ff      0xcfc ./Drivers/STM32F4xx_HAL_Driver/Src/stm32f4xx_hal_cortex.o
 .debug_info    0x000062fb      0x8e6 ./Drivers/STM32F4xx_HAL_Driver/Src/stm32f4xx_hal_dma.o
 .debug_info    0x00006be1      0x6f9 ./Drivers/STM32F4xx_HAL_Driver/Src/stm32f4xx_hal_gpio.o
 .debug_info    0x000072da      0x904 ./Drivers/STM32F4xx_HAL_Driver/Src/stm32f4xx_hal_rcc.o
 .debug_info    0x00007bde     0x2996 ./Drivers/STM32F4xx_HAL_Driver/Src/stm32f4xx_hal_tim.o
 .debug_info    0x0000a574     0x14d4 ./Drivers/STM32F4xx_HAL_Driver/Src/stm32f4xx_hal_tim_ex.o
 .debug_info    0x0000ba48     0x2f56 ./Drivers/STM32F4xx_HAL_Driver/Src/stm32f4xx_hal_uart.o

.debug_abbrev   0x00000000     0x246c
 .debug_abbrev  0x00000000      0x171 ./Core/Src/delay.o
 .debug_abbrev  0x00000171      0x151 ./Core/Src/gpio.o
 .debug_abbrev  0x000002c2      0x2c7 ./Core/Src/main.o
 .debug_abbrev  0x00000589       0xd8 ./Core/Src/stm32f4xx_hal_msp.o
 .debug_abbrev  0x00000661      0x1af ./Core/Src/stm32f4xx_it.o
 .debug_abbrev  0x00000810      0x1b6 ./Core/Src/syscalls.o
 .debug_abbrev  0x000009c6       0xbc ./Core/Src/sysmem.o
 .debug_abbrev  0x00000a82      0x11a ./Core/Src/system_stm32f4xx.o
 .debug_abbrev  0x00000b9c      0x247 ./Core/Src/tim.o
 .debug_abbrev  0x00000de3      0x217 ./Core/Src/usart.o
 .debug_abbrev  0x00000ffa       0x24 ./Core/Startup/startup_stm32f411retx.o
 .debug_abbrev  0x0000101e      0x24b ./Drivers/STM32F4xx_HAL_Driver/Src/stm32f4xx_hal.o
 .debug_abbrev  0x00001269      0x31d ./Drivers/STM32F4xx_HAL_Driver/Src/stm32f4xx_hal_cortex.o
 .debug_abbrev  0x00001586      0x221 ./Drivers/STM32F4xx_HAL_Driver/Src/stm32f4xx_hal_dma.o
 .debug_abbrev  0x000017a7      0x1d3 ./Drivers/STM32F4xx_HAL_Driver/Src/stm32f4xx_hal_gpio.o
 .debug_abbrev  0x0000197a      0x2b6 ./Drivers/STM32F4xx_HAL_Driver/Src/stm32f4xx_hal_rcc.o
 .debug_abbrev  0x00001c30      0x28b ./Drivers/STM32F4xx_HAL_Driver/Src/stm32f4xx_hal_tim.o
 .debug_abbrev  0x00001ebb      0x296 ./Drivers/STM32F4xx_HAL_Driver/Src/stm32f4xx_hal_tim_ex.o
 .debug_abbrev  0x00002151      0x31b ./Drivers/STM32F4xx_HAL_Driver/Src/stm32f4xx_hal_uart.o

.debug_aranges  0x00000000      0xd78
 .debug_aranges
                0x00000000       0x20 ./Core/Src/delay.o
 .debug_aranges
                0x00000020       0x20 ./Core/Src/gpio.o
 .debug_aranges
                0x00000040       0x50 ./Core/Src/main.o
 .debug_aranges
                0x00000090       0x20 ./Core/Src/stm32f4xx_hal_msp.o
 .debug_aranges
                0x000000b0       0x78 ./Core/Src/stm32f4xx_it.o
 .debug_aranges
                0x00000128       0xa8 ./Core/Src/syscalls.o
 .debug_aranges
                0x000001d0       0x20 ./Core/Src/sysmem.o
 .debug_aranges
                0x000001f0       0x28 ./Core/Src/system_stm32f4xx.o
 .debug_aranges
                0x00000218       0x38 ./Core/Src/tim.o
 .debug_aranges
                0x00000250       0x30 ./Core/Src/usart.o
 .debug_aranges
                0x00000280       0x28 ./Core/Startup/startup_stm32f411retx.o
 .debug_aranges
                0x000002a8       0xf0 ./Drivers/STM32F4xx_HAL_Driver/Src/stm32f4xx_hal.o
 .debug_aranges
                0x00000398      0x130 ./Drivers/STM32F4xx_HAL_Driver/Src/stm32f4xx_hal_cortex.o
 .debug_aranges
                0x000004c8       0x90 ./Drivers/STM32F4xx_HAL_Driver/Src/stm32f4xx_hal_dma.o
 .debug_aranges
                0x00000558       0x58 ./Drivers/STM32F4xx_HAL_Driver/Src/stm32f4xx_hal_gpio.o
 .debug_aranges
                0x000005b0       0x88 ./Drivers/STM32F4xx_HAL_Driver/Src/stm32f4xx_hal_rcc.o
 .debug_aranges
                0x00000638      0x3d0 ./Drivers/STM32F4xx_HAL_Driver/Src/stm32f4xx_hal_tim.o
 .debug_aranges
                0x00000a08      0x168 ./Drivers/STM32F4xx_HAL_Driver/Src/stm32f4xx_hal_tim_ex.o
 .debug_aranges
                0x00000b70      0x208 ./Drivers/STM32F4xx_HAL_Driver/Src/stm32f4xx_hal_uart.o

.debug_rnglists
                0x00000000      0xa6d
 .debug_rnglists
                0x00000000       0x13 ./Core/Src/delay.o
 .debug_rnglists
                0x00000013       0x14 ./Core/Src/gpio.o
 .debug_rnglists
                0x00000027       0x39 ./Core/Src/main.o
 .debug_rnglists
                0x00000060       0x13 ./Core/Src/stm32f4xx_hal_msp.o
 .debug_rnglists
                0x00000073       0x55 ./Core/Src/stm32f4xx_it.o
 .debug_rnglists
                0x000000c8       0x79 ./Core/Src/syscalls.o
 .debug_rnglists
                0x00000141       0x13 ./Core/Src/sysmem.o
 .debug_rnglists
                0x00000154       0x1a ./Core/Src/system_stm32f4xx.o
 .debug_rnglists
                0x0000016e       0x27 ./Core/Src/tim.o
 .debug_rnglists
                0x00000195       0x20 ./Core/Src/usart.o
 .debug_rnglists
                0x000001b5       0x19 ./Core/Startup/startup_stm32f411retx.o
 .debug_rnglists
                0x000001ce       0xaf ./Drivers/STM32F4xx_HAL_Driver/Src/stm32f4xx_hal.o
 .debug_rnglists
                0x0000027d       0xe0 ./Drivers/STM32F4xx_HAL_Driver/Src/stm32f4xx_hal_cortex.o
 .debug_rnglists
                0x0000035d       0x70 ./Drivers/STM32F4xx_HAL_Driver/Src/stm32f4xx_hal_dma.o
 .debug_rnglists
                0x000003cd       0x3f ./Drivers/STM32F4xx_HAL_Driver/Src/stm32f4xx_hal_gpio.o
 .debug_rnglists
                0x0000040c       0x66 ./Drivers/STM32F4xx_HAL_Driver/Src/stm32f4xx_hal_rcc.o
 .debug_rnglists
                0x00000472      0x31a ./Drivers/STM32F4xx_HAL_Driver/Src/stm32f4xx_hal_tim.o
 .debug_rnglists
                0x0000078c      0x125 ./Drivers/STM32F4xx_HAL_Driver/Src/stm32f4xx_hal_tim_ex.o
 .debug_rnglists
                0x000008b1      0x1bc ./Drivers/STM32F4xx_HAL_Driver/Src/stm32f4xx_hal_uart.o

.debug_macro    0x00000000    0x179d5
 .debug_macro   0x00000000      0x1ec ./Core/Src/delay.o
 .debug_macro   0x000001ec      0xad8 ./Core/Src/delay.o
 .debug_macro   0x00000cc4      0x29b ./Core/Src/delay.o
 .debug_macro   0x00000f5f       0x2e ./Core/Src/delay.o
 .debug_macro   0x00000f8d       0x28 ./Core/Src/delay.o
 .debug_macro   0x00000fb5       0x22 ./Core/Src/delay.o
 .debug_macro   0x00000fd7       0x8e ./Core/Src/delay.o
 .debug_macro   0x00001065       0x51 ./Core/Src/delay.o
 .debug_macro   0x000010b6      0x103 ./Core/Src/delay.o
 .debug_macro   0x000011b9       0x6a ./Core/Src/delay.o
 .debug_macro   0x00001223      0x1df ./Core/Src/delay.o
 .debug_macro   0x00001402       0x1c ./Core/Src/delay.o
 .debug_macro   0x0000141e       0x22 ./Core/Src/delay.o
 .debug_macro   0x00001440       0xfb ./Core/Src/delay.o
 .debug_macro   0x0000153b     0x1011 ./Core/Src/delay.o
 .debug_macro   0x0000254c      0x11f ./Core/Src/delay.o
 .debug_macro   0x0000266b     0xb968 ./Core/Src/delay.o
 .debug_macro   0x0000dfd3       0x6d ./Core/Src/delay.o
 .debug_macro   0x0000e040     0x3693 ./Core/Src/delay.o
 .debug_macro   0x000116d3      0x190 ./Core/Src/delay.o
 .debug_macro   0x00011863       0x5c ./Core/Src/delay.o
 .debug_macro   0x000118bf      0x45c ./Core/Src/delay.o
 .debug_macro   0x00011d1b      0x9e9 ./Core/Src/delay.o
 .debug_macro   0x00012704      0x115 ./Core/Src/delay.o
 .debug_macro   0x00012819      0x11b ./Core/Src/delay.o
 .debug_macro   0x00012934       0xa5 ./Core/Src/delay.o
 .debug_macro   0x000129d9      0x15f ./Core/Src/delay.o
 .debug_macro   0x00012b38      0x287 ./Core/Src/delay.o
 .debug_macro   0x00012dbf       0x5f ./Core/Src/delay.o
 .debug_macro   0x00012e1e      0x236 ./Core/Src/delay.o
 .debug_macro   0x00013054      0x132 ./Core/Src/delay.o
 .debug_macro   0x00013186      0x264 ./Core/Src/delay.o
 .debug_macro   0x000133ea       0x2e ./Core/Src/delay.o
 .debug_macro   0x00013418      0x127 ./Core/Src/delay.o
 .debug_macro   0x0001353f       0x85 ./Core/Src/delay.o
 .debug_macro   0x000135c4       0x89 ./Core/Src/delay.o
 .debug_macro   0x0001364d      0x8ed ./Core/Src/delay.o
 .debug_macro   0x00013f3a       0x47 ./Core/Src/delay.o
 .debug_macro   0x00013f81      0x2aa ./Core/Src/delay.o
 .debug_macro   0x0001422b      0x126 ./Core/Src/delay.o
 .debug_macro   0x00014351      0x1e2 ./Core/Src/gpio.o
 .debug_macro   0x00014533      0x2f2 ./Core/Src/main.o
 .debug_macro   0x00014825       0x61 ./Core/Src/main.o
 .debug_macro   0x00014886       0x2a ./Core/Src/main.o
 .debug_macro   0x000148b0       0x43 ./Core/Src/main.o
 .debug_macro   0x000148f3       0x34 ./Core/Src/main.o
 .debug_macro   0x00014927       0x16 ./Core/Src/main.o
 .debug_macro   0x0001493d       0x3c ./Core/Src/main.o
 .debug_macro   0x00014979      0x364 ./Core/Src/main.o
 .debug_macro   0x00014cdd       0x10 ./Core/Src/main.o
 .debug_macro   0x00014ced       0x16 ./Core/Src/main.o
 .debug_macro   0x00014d03       0x4a ./Core/Src/main.o
 .debug_macro   0x00014d4d       0x34 ./Core/Src/main.o
 .debug_macro   0x00014d81       0x10 ./Core/Src/main.o
 .debug_macro   0x00014d91       0x58 ./Core/Src/main.o
 .debug_macro   0x00014de9       0x8e ./Core/Src/main.o
 .debug_macro   0x00014e77       0x1c ./Core/Src/main.o
 .debug_macro   0x00014e93      0x17e ./Core/Src/main.o
 .debug_macro   0x00015011       0x16 ./Core/Src/main.o
 .debug_macro   0x00015027       0x16 ./Core/Src/main.o
 .debug_macro   0x0001503d      0x146 ./Core/Src/main.o
 .debug_macro   0x00015183      0x1d8 ./Core/Src/stm32f4xx_hal_msp.o
 .debug_macro   0x0001535b      0x1e2 ./Core/Src/stm32f4xx_it.o
 .debug_macro   0x0001553d      0x274 ./Core/Src/syscalls.o
 .debug_macro   0x000157b1       0x5b ./Core/Src/syscalls.o
 .debug_macro   0x0001580c       0x94 ./Core/Src/syscalls.o
 .debug_macro   0x000158a0       0x57 ./Core/Src/syscalls.o
 .debug_macro   0x000158f7       0x10 ./Core/Src/syscalls.o
 .debug_macro   0x00015907       0x10 ./Core/Src/syscalls.o
 .debug_macro   0x00015917       0x10 ./Core/Src/syscalls.o
 .debug_macro   0x00015927       0x10 ./Core/Src/syscalls.o
 .debug_macro   0x00015937       0x1c ./Core/Src/syscalls.o
 .debug_macro   0x00015953       0x52 ./Core/Src/syscalls.o
 .debug_macro   0x000159a5       0x22 ./Core/Src/syscalls.o
 .debug_macro   0x000159c7       0x10 ./Core/Src/syscalls.o
 .debug_macro   0x000159d7       0x52 ./Core/Src/syscalls.o
 .debug_macro   0x00015a29       0xcf ./Core/Src/syscalls.o
 .debug_macro   0x00015af8       0x1c ./Core/Src/syscalls.o
 .debug_macro   0x00015b14       0x3d ./Core/Src/syscalls.o
 .debug_macro   0x00015b51       0x35 ./Core/Src/syscalls.o
 .debug_macro   0x00015b86      0x12c ./Core/Src/syscalls.o
 .debug_macro   0x00015cb2       0x16 ./Core/Src/syscalls.o
 .debug_macro   0x00015cc8       0x16 ./Core/Src/syscalls.o
 .debug_macro   0x00015cde       0x29 ./Core/Src/syscalls.o
 .debug_macro   0x00015d07       0x10 ./Core/Src/syscalls.o
 .debug_macro   0x00015d17      0x242 ./Core/Src/syscalls.o
 .debug_macro   0x00015f59       0x1c ./Core/Src/syscalls.o
 .debug_macro   0x00015f75       0x10 ./Core/Src/syscalls.o
 .debug_macro   0x00015f85      0x18a ./Core/Src/syscalls.o
 .debug_macro   0x0001610f       0x16 ./Core/Src/syscalls.o
 .debug_macro   0x00016125       0xce ./Core/Src/syscalls.o
 .debug_macro   0x000161f3      0x112 ./Core/Src/sysmem.o
 .debug_macro   0x00016305      0x23c ./Core/Src/sysmem.o
 .debug_macro   0x00016541      0x1ce ./Core/Src/system_stm32f4xx.o
 .debug_macro   0x0001670f      0x1e2 ./Core/Src/tim.o
 .debug_macro   0x000168f1      0x1e2 ./Core/Src/usart.o
 .debug_macro   0x00016ad3      0x22e ./Drivers/STM32F4xx_HAL_Driver/Src/stm32f4xx_hal.o
 .debug_macro   0x00016d01      0x1ce ./Drivers/STM32F4xx_HAL_Driver/Src/stm32f4xx_hal_cortex.o
 .debug_macro   0x00016ecf      0x1d4 ./Drivers/STM32F4xx_HAL_Driver/Src/stm32f4xx_hal_dma.o
 .debug_macro   0x000170a3      0x1d4 ./Drivers/STM32F4xx_HAL_Driver/Src/stm32f4xx_hal_gpio.o
 .debug_macro   0x00017277      0x1f2 ./Drivers/STM32F4xx_HAL_Driver/Src/stm32f4xx_hal_rcc.o
 .debug_macro   0x00017469      0x1cf ./Drivers/STM32F4xx_HAL_Driver/Src/stm32f4xx_hal_tim.o
 .debug_macro   0x00017638      0x1ce ./Drivers/STM32F4xx_HAL_Driver/Src/stm32f4xx_hal_tim_ex.o
 .debug_macro   0x00017806      0x1cf ./Drivers/STM32F4xx_HAL_Driver/Src/stm32f4xx_hal_uart.o

.debug_line     0x00000000     0xf95d
 .debug_line    0x00000000      0x6cd ./Core/Src/delay.o
 .debug_line    0x000006cd      0x6c5 ./Core/Src/gpio.o
 .debug_line    0x00000d92      0x990 ./Core/Src/main.o
 .debug_line    0x00001722      0x6b7 ./Core/Src/stm32f4xx_hal_msp.o
 .debug_line    0x00001dd9      0x7ae ./Core/Src/stm32f4xx_it.o
 .debug_line    0x00002587      0x818 ./Core/Src/syscalls.o
 .debug_line    0x00002d9f      0x4f4 ./Core/Src/sysmem.o
 .debug_line    0x00003293      0x72d ./Core/Src/system_stm32f4xx.o
 .debug_line    0x000039c0      0x7c4 ./Core/Src/tim.o
 .debug_line    0x00004184      0x728 ./Core/Src/usart.o
 .debug_line    0x000048ac       0x7a ./Core/Startup/startup_stm32f411retx.o
 .debug_line    0x00004926      0x9ac ./Drivers/STM32F4xx_HAL_Driver/Src/stm32f4xx_hal.o
 .debug_line    0x000052d2      0xc79 ./Drivers/STM32F4xx_HAL_Driver/Src/stm32f4xx_hal_cortex.o
 .debug_line    0x00005f4b      0xf15 ./Drivers/STM32F4xx_HAL_Driver/Src/stm32f4xx_hal_dma.o
 .debug_line    0x00006e60      0xac2 ./Drivers/STM32F4xx_HAL_Driver/Src/stm32f4xx_hal_gpio.o
 .debug_line    0x00007922      0xdb8 ./Drivers/STM32F4xx_HAL_Driver/Src/stm32f4xx_hal_rcc.o
 .debug_line    0x000086da     0x34ee ./Drivers/STM32F4xx_HAL_Driver/Src/stm32f4xx_hal_tim.o
 .debug_line    0x0000bbc8     0x18a4 ./Drivers/STM32F4xx_HAL_Driver/Src/stm32f4xx_hal_tim_ex.o
 .debug_line    0x0000d46c     0x24f1 ./Drivers/STM32F4xx_HAL_Driver/Src/stm32f4xx_hal_uart.o

.debug_str      0x00000000    0x9015c
 .debug_str     0x00000000    0x9015c ./Core/Src/delay.o
                              0x87553 (size before relaxing)
 .debug_str     0x0009015c    0x871ed ./Core/Src/gpio.o
 .debug_str     0x0009015c    0x8b382 ./Core/Src/main.o
 .debug_str     0x0009015c    0x87122 ./Core/Src/stm32f4xx_hal_msp.o
 .debug_str     0x0009015c    0x87869 ./Core/Src/stm32f4xx_it.o
 .debug_str     0x0009015c     0x9952 ./Core/Src/syscalls.o
 .debug_str     0x0009015c     0x76fc ./Core/Src/sysmem.o
 .debug_str     0x0009015c    0x871d2 ./Core/Src/system_stm32f4xx.o
 .debug_str     0x0009015c    0x87cd2 ./Core/Src/tim.o
 .debug_str     0x0009015c    0x87a86 ./Core/Src/usart.o
 .debug_str     0x0009015c       0x74 ./Core/Startup/startup_stm32f411retx.o
 .debug_str     0x0009015c    0x87bfe ./Drivers/STM32F4xx_HAL_Driver/Src/stm32f4xx_hal.o
 .debug_str     0x0009015c    0x87968 ./Drivers/STM32F4xx_HAL_Driver/Src/stm32f4xx_hal_cortex.o
 .debug_str     0x0009015c    0x875da ./Drivers/STM32F4xx_HAL_Driver/Src/stm32f4xx_hal_dma.o
 .debug_str     0x0009015c    0x8734d ./Drivers/STM32F4xx_HAL_Driver/Src/stm32f4xx_hal_gpio.o
 .debug_str     0x0009015c    0x87606 ./Drivers/STM32F4xx_HAL_Driver/Src/stm32f4xx_hal_rcc.o
 .debug_str     0x0009015c    0x8854a ./Drivers/STM32F4xx_HAL_Driver/Src/stm32f4xx_hal_tim.o
 .debug_str     0x0009015c    0x87d56 ./Drivers/STM32F4xx_HAL_Driver/Src/stm32f4xx_hal_tim_ex.o
 .debug_str     0x0009015c    0x87bd5 ./Drivers/STM32F4xx_HAL_Driver/Src/stm32f4xx_hal_uart.o

.comment        0x00000000       0x43
 .comment       0x00000000       0x43 ./Core/Src/delay.o
                                 0x44 (size before relaxing)
 .comment       0x00000043       0x44 ./Core/Src/gpio.o
 .comment       0x00000043       0x44 ./Core/Src/main.o
 .comment       0x00000043       0x44 ./Core/Src/stm32f4xx_hal_msp.o
 .comment       0x00000043       0x44 ./Core/Src/stm32f4xx_it.o
 .comment       0x00000043       0x44 ./Core/Src/syscalls.o
 .comment       0x00000043       0x44 ./Core/Src/sysmem.o
 .comment       0x00000043       0x44 ./Core/Src/system_stm32f4xx.o
 .comment       0x00000043       0x44 ./Core/Src/tim.o
 .comment       0x00000043       0x44 ./Core/Src/usart.o
 .comment       0x00000043       0x44 ./Drivers/STM32F4xx_HAL_Driver/Src/stm32f4xx_hal.o
 .comment       0x00000043       0x44 ./Drivers/STM32F4xx_HAL_Driver/Src/stm32f4xx_hal_cortex.o
 .comment       0x00000043       0x44 ./Drivers/STM32F4xx_HAL_Driver/Src/stm32f4xx_hal_dma.o
 .comment       0x00000043       0x44 ./Drivers/STM32F4xx_HAL_Driver/Src/stm32f4xx_hal_gpio.o
 .comment       0x00000043       0x44 ./Drivers/STM32F4xx_HAL_Driver/Src/stm32f4xx_hal_rcc.o
 .comment       0x00000043       0x44 ./Drivers/STM32F4xx_HAL_Driver/Src/stm32f4xx_hal_tim.o
 .comment       0x00000043       0x44 ./Drivers/STM32F4xx_HAL_Driver/Src/stm32f4xx_hal_tim_ex.o
 .comment       0x00000043       0x44 ./Drivers/STM32F4xx_HAL_Driver/Src/stm32f4xx_hal_uart.o

.debug_frame    0x00000000     0x3c40
 .debug_frame   0x00000000       0x34 ./Core/Src/delay.o
 .debug_frame   0x00000034       0x34 ./Core/Src/gpio.o
 .debug_frame   0x00000068       0xf0 ./Core/Src/main.o
 .debug_frame   0x00000158       0x34 ./Core/Src/stm32f4xx_hal_msp.o
 .debug_frame   0x0000018c      0x14c ./Core/Src/stm32f4xx_it.o
 .debug_frame   0x000002d8      0x288 ./Core/Src/syscalls.o
 .debug_frame   0x00000560       0x34 ./Core/Src/sysmem.o
 .debug_frame   0x00000594       0x50 ./Core/Src/system_stm32f4xx.o
 .debug_frame   0x000005e4       0x98 ./Core/Src/tim.o
 .debug_frame   0x0000067c       0x74 ./Core/Src/usart.o
 .debug_frame   0x000006f0      0x31c ./Drivers/STM32F4xx_HAL_Driver/Src/stm32f4xx_hal.o
 .debug_frame   0x00000a0c      0x4b8 ./Drivers/STM32F4xx_HAL_Driver/Src/stm32f4xx_hal_cortex.o
 .debug_frame   0x00000ec4      0x230 ./Drivers/STM32F4xx_HAL_Driver/Src/stm32f4xx_hal_dma.o
 .debug_frame   0x000010f4      0x130 ./Drivers/STM32F4xx_HAL_Driver/Src/stm32f4xx_hal_gpio.o
 .debug_frame   0x00001224      0x1d8 ./Drivers/STM32F4xx_HAL_Driver/Src/stm32f4xx_hal_rcc.o
 .debug_frame   0x000013fc     0x10e8 ./Drivers/STM32F4xx_HAL_Driver/Src/stm32f4xx_hal_tim.o
 .debug_frame   0x000024e4      0x600 ./Drivers/STM32F4xx_HAL_Driver/Src/stm32f4xx_hal_tim_ex.o
 .debug_frame   0x00002ae4      0x8ec ./Drivers/STM32F4xx_HAL_Driver/Src/stm32f4xx_hal_uart.o
 .debug_frame   0x000033d0      0x144 /home/user15/st/stm32cubeide_2.1.1_2/plugins/com.st.stm32cube.ide.mcu.externaltools.gnu-tools-for-stm32.14.3.rel1.linux64_1.0.100.202602081740/tools/bin/../lib/gcc/arm-none-eabi/14.3.1/../../../../arm-none-eabi/lib/thumb/v7e-m+fp/hard/libc_nano.a(libc_a-findfp.o)
 .debug_frame   0x00003514       0x34 /home/user15/st/stm32cubeide_2.1.1_2/plugins/com.st.stm32cube.ide.mcu.externaltools.gnu-tools-for-stm32.14.3.rel1.linux64_1.0.100.202602081740/tools/bin/../lib/gcc/arm-none-eabi/14.3.1/../../../../arm-none-eabi/lib/thumb/v7e-m+fp/hard/libc_nano.a(libc_a-fwalk.o)
 .debug_frame   0x00003548       0x64 /home/user15/st/stm32cubeide_2.1.1_2/plugins/com.st.stm32cube.ide.mcu.externaltools.gnu-tools-for-stm32.14.3.rel1.linux64_1.0.100.202602081740/tools/bin/../lib/gcc/arm-none-eabi/14.3.1/../../../../arm-none-eabi/lib/thumb/v7e-m+fp/hard/libc_nano.a(libc_a-printf.o)
 .debug_frame   0x000035ac       0x88 /home/user15/st/stm32cubeide_2.1.1_2/plugins/com.st.stm32cube.ide.mcu.externaltools.gnu-tools-for-stm32.14.3.rel1.linux64_1.0.100.202602081740/tools/bin/../lib/gcc/arm-none-eabi/14.3.1/../../../../arm-none-eabi/lib/thumb/v7e-m+fp/hard/libc_nano.a(libc_a-stdio.o)
 .debug_frame   0x00003634       0x20 /home/user15/st/stm32cubeide_2.1.1_2/plugins/com.st.stm32cube.ide.mcu.externaltools.gnu-tools-for-stm32.14.3.rel1.linux64_1.0.100.202602081740/tools/bin/../lib/gcc/arm-none-eabi/14.3.1/../../../../arm-none-eabi/lib/thumb/v7e-m+fp/hard/libc_nano.a(libc_a-memset.o)
 .debug_frame   0x00003654       0x2c /home/user15/st/stm32cubeide_2.1.1_2/plugins/com.st.stm32cube.ide.mcu.externaltools.gnu-tools-for-stm32.14.3.rel1.linux64_1.0.100.202602081740/tools/bin/../lib/gcc/arm-none-eabi/14.3.1/../../../../arm-none-eabi/lib/thumb/v7e-m+fp/hard/libc_nano.a(libc_a-closer.o)
 .debug_frame   0x00003680       0x38 /home/user15/st/stm32cubeide_2.1.1_2/plugins/com.st.stm32cube.ide.mcu.externaltools.gnu-tools-for-stm32.14.3.rel1.linux64_1.0.100.202602081740/tools/bin/../lib/gcc/arm-none-eabi/14.3.1/../../../../arm-none-eabi/lib/thumb/v7e-m+fp/hard/libc_nano.a(libc_a-reent.o)
 .debug_frame   0x000036b8       0x2c /home/user15/st/stm32cubeide_2.1.1_2/plugins/com.st.stm32cube.ide.mcu.externaltools.gnu-tools-for-stm32.14.3.rel1.linux64_1.0.100.202602081740/tools/bin/../lib/gcc/arm-none-eabi/14.3.1/../../../../arm-none-eabi/lib/thumb/v7e-m+fp/hard/libc_nano.a(libc_a-lseekr.o)
 .debug_frame   0x000036e4       0x2c /home/user15/st/stm32cubeide_2.1.1_2/plugins/com.st.stm32cube.ide.mcu.externaltools.gnu-tools-for-stm32.14.3.rel1.linux64_1.0.100.202602081740/tools/bin/../lib/gcc/arm-none-eabi/14.3.1/../../../../arm-none-eabi/lib/thumb/v7e-m+fp/hard/libc_nano.a(libc_a-readr.o)
 .debug_frame   0x00003710       0x2c /home/user15/st/stm32cubeide_2.1.1_2/plugins/com.st.stm32cube.ide.mcu.externaltools.gnu-tools-for-stm32.14.3.rel1.linux64_1.0.100.202602081740/tools/bin/../lib/gcc/arm-none-eabi/14.3.1/../../../../arm-none-eabi/lib/thumb/v7e-m+fp/hard/libc_nano.a(libc_a-writer.o)
 .debug_frame   0x0000373c       0x20 /home/user15/st/stm32cubeide_2.1.1_2/plugins/com.st.stm32cube.ide.mcu.externaltools.gnu-tools-for-stm32.14.3.rel1.linux64_1.0.100.202602081740/tools/bin/../lib/gcc/arm-none-eabi/14.3.1/../../../../arm-none-eabi/lib/thumb/v7e-m+fp/hard/libc_nano.a(libc_a-errno.o)
 .debug_frame   0x0000375c       0x2c /home/user15/st/stm32cubeide_2.1.1_2/plugins/com.st.stm32cube.ide.mcu.externaltools.gnu-tools-for-stm32.14.3.rel1.linux64_1.0.100.202602081740/tools/bin/../lib/gcc/arm-none-eabi/14.3.1/../../../../arm-none-eabi/lib/thumb/v7e-m+fp/hard/libc_nano.a(libc_a-init.o)
 .debug_frame   0x00003788       0xb0 /home/user15/st/stm32cubeide_2.1.1_2/plugins/com.st.stm32cube.ide.mcu.externaltools.gnu-tools-for-stm32.14.3.rel1.linux64_1.0.100.202602081740/tools/bin/../lib/gcc/arm-none-eabi/14.3.1/../../../../arm-none-eabi/lib/thumb/v7e-m+fp/hard/libc_nano.a(libc_a-lock.o)
 .debug_frame   0x00003838       0x38 /home/user15/st/stm32cubeide_2.1.1_2/plugins/com.st.stm32cube.ide.mcu.externaltools.gnu-tools-for-stm32.14.3.rel1.linux64_1.0.100.202602081740/tools/bin/../lib/gcc/arm-none-eabi/14.3.1/../../../../arm-none-eabi/lib/thumb/v7e-m+fp/hard/libc_nano.a(libc_a-freer.o)
 .debug_frame   0x00003870       0x50 /home/user15/st/stm32cubeide_2.1.1_2/plugins/com.st.stm32cube.ide.mcu.externaltools.gnu-tools-for-stm32.14.3.rel1.linux64_1.0.100.202602081740/tools/bin/../lib/gcc/arm-none-eabi/14.3.1/../../../../arm-none-eabi/lib/thumb/v7e-m+fp/hard/libc_nano.a(libc_a-mallocr.o)
 .debug_frame   0x000038c0       0x30 /home/user15/st/stm32cubeide_2.1.1_2/plugins/com.st.stm32cube.ide.mcu.externaltools.gnu-tools-for-stm32.14.3.rel1.linux64_1.0.100.202602081740/tools/bin/../lib/gcc/arm-none-eabi/14.3.1/../../../../arm-none-eabi/lib/thumb/v7e-m+fp/hard/libc_nano.a(libc_a-mlock.o)
 .debug_frame   0x000038f0       0xa0 /home/user15/st/stm32cubeide_2.1.1_2/plugins/com.st.stm32cube.ide.mcu.externaltools.gnu-tools-for-stm32.14.3.rel1.linux64_1.0.100.202602081740/tools/bin/../lib/gcc/arm-none-eabi/14.3.1/../../../../arm-none-eabi/lib/thumb/v7e-m+fp/hard/libc_nano.a(libc_a-nano-vfprintf.o)
 .debug_frame   0x00003990       0x60 /home/user15/st/stm32cubeide_2.1.1_2/plugins/com.st.stm32cube.ide.mcu.externaltools.gnu-tools-for-stm32.14.3.rel1.linux64_1.0.100.202602081740/tools/bin/../lib/gcc/arm-none-eabi/14.3.1/../../../../arm-none-eabi/lib/thumb/v7e-m+fp/hard/libc_nano.a(libc_a-nano-vfprintf_i.o)
 .debug_frame   0x000039f0       0x5c /home/user15/st/stm32cubeide_2.1.1_2/plugins/com.st.stm32cube.ide.mcu.externaltools.gnu-tools-for-stm32.14.3.rel1.linux64_1.0.100.202602081740/tools/bin/../lib/gcc/arm-none-eabi/14.3.1/../../../../arm-none-eabi/lib/thumb/v7e-m+fp/hard/libc_nano.a(libc_a-fflush.o)
 .debug_frame   0x00003a4c       0x40 /home/user15/st/stm32cubeide_2.1.1_2/plugins/com.st.stm32cube.ide.mcu.externaltools.gnu-tools-for-stm32.14.3.rel1.linux64_1.0.100.202602081740/tools/bin/../lib/gcc/arm-none-eabi/14.3.1/../../../../arm-none-eabi/lib/thumb/v7e-m+fp/hard/libc_nano.a(libc_a-wbuf.o)