Archive member included to satisfy reference by file (symbol)

/home/user15/st/stm32cubeide_2.1.1_2/plugins/com.st.stm32cube.ide.mcu.externaltools.gnu-tools-for-stm32.14.3.rel1.linux64_1.0.100.202602081740/tools/bin/../lib/gcc/arm-none-eabi/14.3.1/../../../../arm-none-eabi/lib/thumb/v7e-m+fp/hard/libc_nano.a(libc_a-exit.o)
                              /home/user15/st/stm32cubeide_2.1.1_2/plugins/com.st.stm32cube.ide.mcu.externaltools.gnu-tools-for-stm32.14.3.rel1.linux64_1.0.100.202602081740/tools/bin/../lib/gcc/arm-none-eabi/14.3.1/../../../../arm-none-eabi/lib/thumb/v7e-m+fp/hard/crt0.o (exit)
/home/user15/st/stm32cubeide_2.1.1_2/plugins/com.st.stm32cube.ide.mcu.externaltools.gnu-tools-for-stm32.14.3.rel1.linux64_1.0.100.202602081740/tools/bin/../lib/gcc/arm-none-eabi/14.3.1/../../../../arm-none-eabi/lib/thumb/v7e-m+fp/hard/libc_nano.a(libc_a-findfp.o)
                              /home/user15/st/stm32cubeide_2.1.1_2/plugins/com.st.stm32cube.ide.mcu.externaltools.gnu-tools-for-stm32.14.3.rel1.linux64_1.0.100.202602081740/tools/bin/../lib/gcc/arm-none-eabi/14.3.1/../../../../arm-none-eabi/lib/thumb/v7e-m+fp/hard/libc_nano.a(libc_a-exit.o) (__stdio_exit_handler)
/home/user15/st/stm32cubeide_2.1.1_2/plugins/com.st.stm32cube.ide.mcu.externaltools.gnu-tools-for-stm32.14.3.rel1.linux64_1.0.100.202602081740/tools/bin/../lib/gcc/arm-none-eabi/14.3.1/../../../../arm-none-eabi/lib/thumb/v7e-m+fp/hard/libc_nano.a(libc_a-fwalk.o)
                              /home/user15/st/stm32cubeide_2.1.1_2/plugins/com.st.stm32cube.ide.mcu.externaltools.gnu-tools-for-stm32.14.3.rel1.linux64_1.0.100.202602081740/tools/bin/../lib/gcc/arm-none-eabi/14.3.1/../../../../arm-none-eabi/lib/thumb/v7e-m+fp/hard/libc_nano.a(libc_a-findfp.o) (_fwalk_sglue)
/home/user15/st/stm32cubeide_2.1.1_2/plugins/com.st.stm32cube.ide.mcu.externaltools.gnu-tools-for-stm32.14.3.rel1.linux64_1.0.100.202602081740/tools/bin/../lib/gcc/arm-none-eabi/14.3.1/../../../../arm-none-eabi/lib/thumb/v7e-m+fp/hard/libc_nano.a(libc_a-sprintf.o)
                              ./Core/Src/main.o (sprintf)
/home/user15/st/stm32cubeide_2.1.1_2/plugins/com.st.stm32cube.ide.mcu.externaltools.gnu-tools-for-stm32.14.3.rel1.linux64_1.0.100.202602081740/tools/bin/../lib/gcc/arm-none-eabi/14.3.1/../../../../arm-none-eabi/lib/thumb/v7e-m+fp/hard/libc_nano.a(libc_a-stdio.o)
                              /home/user15/st/stm32cubeide_2.1.1_2/plugins/com.st.stm32cube.ide.mcu.externaltools.gnu-tools-for-stm32.14.3.rel1.linux64_1.0.100.202602081740/tools/bin/../lib/gcc/arm-none-eabi/14.3.1/../../../../arm-none-eabi/lib/thumb/v7e-m+fp/hard/libc_nano.a(libc_a-findfp.o) (__sread)
/home/user15/st/stm32cubeide_2.1.1_2/plugins/com.st.stm32cube.ide.mcu.externaltools.gnu-tools-for-stm32.14.3.rel1.linux64_1.0.100.202602081740/tools/bin/../lib/gcc/arm-none-eabi/14.3.1/../../../../arm-none-eabi/lib/thumb/v7e-m+fp/hard/libc_nano.a(libc_a-memset.o)
                              /home/user15/st/stm32cubeide_2.1.1_2/plugins/com.st.stm32cube.ide.mcu.externaltools.gnu-tools-for-stm32.14.3.rel1.linux64_1.0.100.202602081740/tools/bin/../lib/gcc/arm-none-eabi/14.3.1/../../../../arm-none-eabi/lib/thumb/v7e-m+fp/hard/crt0.o (memset)
/home/user15/st/stm32cubeide_2.1.1_2/plugins/com.st.stm32cube.ide.mcu.externaltools.gnu-tools-for-stm32.14.3.rel1.linux64_1.0.100.202602081740/tools/bin/../lib/gcc/arm-none-eabi/14.3.1/../../../../arm-none-eabi/lib/thumb/v7e-m+fp/hard/libc_nano.a(libc_a-closer.o)
                              /home/user15/st/stm32cubeide_2.1.1_2/plugins/com.st.stm32cube.ide.mcu.externaltools.gnu-tools-for-stm32.14.3.rel1.linux64_1.0.100.202602081740/tools/bin/../lib/gcc/arm-none-eabi/14.3.1/../../../../arm-none-eabi/lib/thumb/v7e-m+fp/hard/libc_nano.a(libc_a-stdio.o) (_close_r)
/home/user15/st/stm32cubeide_2.1.1_2/plugins/com.st.stm32cube.ide.mcu.externaltools.gnu-tools-for-stm32.14.3.rel1.linux64_1.0.100.202602081740/tools/bin/../lib/gcc/arm-none-eabi/14.3.1/../../../../arm-none-eabi/lib/thumb/v7e-m+fp/hard/libc_nano.a(libc_a-reent.o)
                              /home/user15/st/stm32cubeide_2.1.1_2/plugins/com.st.stm32cube.ide.mcu.externaltools.gnu-tools-for-stm32.14.3.rel1.linux64_1.0.100.202602081740/tools/bin/../lib/gcc/arm-none-eabi/14.3.1/../../../../arm-none-eabi/lib/thumb/v7e-m+fp/hard/libc_nano.a(libc_a-closer.o) (errno)
/home/user15/st/stm32cubeide_2.1.1_2/plugins/com.st.stm32cube.ide.mcu.externaltools.gnu-tools-for-stm32.14.3.rel1.linux64_1.0.100.202602081740/tools/bin/../lib/gcc/arm-none-eabi/14.3.1/../../../../arm-none-eabi/lib/thumb/v7e-m+fp/hard/libc_nano.a(libc_a-impure.o)
                              /home/user15/st/stm32cubeide_2.1.1_2/plugins/com.st.stm32cube.ide.mcu.externaltools.gnu-tools-for-stm32.14.3.rel1.linux64_1.0.100.202602081740/tools/bin/../lib/gcc/arm-none-eabi/14.3.1/../../../../arm-none-eabi/lib/thumb/v7e-m+fp/hard/libc_nano.a(libc_a-sprintf.o) (_impure_ptr)
[...]
Memory Configuration

Name             Origin             Length             Attributes
RAM              0x20000000         0x00020000         xrw
FLASH            0x08000000         0x00080000         xr
*default*        0x00000000         0xffffffff

Linker script and memory map

LOAD /home/user15/st/stm32cubeide_2.1.1_2/plugins/com.st.stm32cube.ide.mcu.externaltools.gnu-tools-for-stm32.14.3.rel1.linux64_1.0.100.202602081740/tools/bin/../lib/gcc/arm-none-eabi/14.3.1/thumb/v7e-m+fp/hard/crti.o
LOAD /home/user15/st/stm32cubeide_2.1.1_2/plugins/com.st.stm32cube.ide.mcu.externaltools.gnu-tools-for-stm32.14.3.rel1.linux64_1.0.100.202602081740/tools/bin/../lib/gcc/arm-none-eabi/14.3.1/thumb/v7e-m+fp/hard/crtbegin.o
LOAD /home/user15/st/stm32cubeide_2.1.1_2/plugins/com.st.stm32cube.ide.mcu.externaltools.gnu-tools-for-stm32.14.3.rel1.linux64_1.0.100.202602081740/tools/bin/../lib/gcc/arm-none-eabi/14.3.1/../../../../arm-none-eabi/lib/thumb/v7e-m+fp/hard/crt0.o
LOAD ./Core/Src/delay.o
LOAD ./Core/Src/gpio.o
LOAD ./Core/Src/i2c.o
LOAD ./Core/Src/i2c_lcd.o
LOAD ./Core/Src/main.o
LOAD ./Core/Src/stm32f4xx_hal_msp.o
LOAD ./Core/Src/stm32f4xx_it.o
LOAD ./Core/Src/syscalls.o
LOAD ./Core/Src/sysmem.o
LOAD ./Core/Src/system_stm32f4xx.o
LOAD ./Core/Src/tim.o
LOAD ./Core/Src/usart.o
LOAD ./Core/Startup/startup_stm32f411retx.o
LOAD ./Drivers/STM32F4xx_HAL_Driver/Src/stm32f4xx_hal.o
LOAD ./Drivers/STM32F4xx_HAL_Driver/Src/stm32f4xx_hal_cortex.o
LOAD ./Drivers/STM32F4xx_HAL_Driver/Src/stm32f4xx_hal_dma.o
LOAD ./Drivers/STM32F4xx_HAL_Driver/Src/stm32f4xx_hal_dma_ex.o
LOAD ./Drivers/STM32F4xx_HAL_Driver/Src/stm32f4xx_hal_exti.o
LOAD ./Drivers/STM32F4xx_HAL_Driver/Src/stm32f4xx_hal_flash.o
LOAD ./Drivers/STM32F4xx_HAL_Driver/Src/stm32f4xx_hal_flash_ex.o
LOAD ./Drivers/STM32F4xx_HAL_Driver/Src/stm32f4xx_hal_flash_ramfunc.o
LOAD ./Drivers/STM32F4xx_HAL_Driver/Src/stm32f4xx_hal_gpio.o
LOAD ./Drivers/STM32F4xx_HAL_Driver/Src/stm32f4xx_hal_i2c.o
LOAD ./Drivers/STM32F4xx_HAL_Driver/Src/stm32f4xx_hal_i2c_ex.o
LOAD ./Drivers/STM32F4xx_HAL_Driver/Src/stm32f4xx_hal_pwr.o
LOAD ./Drivers/STM32F4xx_HAL_Driver/Src/stm32f4xx_hal_pwr_ex.o
LOAD ./Drivers/STM32F4xx_HAL_Driver/Src/stm32f4xx_hal_rcc.o
LOAD ./Drivers/STM32F4xx_HAL_Driver/Src/stm32f4xx_hal_rcc_ex.o
LOAD ./Drivers/STM32F4xx_HAL_Driver/Src/stm32f4xx_hal_tim.o
LOAD ./Drivers/STM32F4xx_HAL_Driver/Src/stm32f4xx_hal_tim_ex.o
LOAD ./Drivers/STM32F4xx_HAL_Driver/Src/stm32f4xx_hal_uart.o
START GROUP
LOAD /home/user15/st/stm32cubeide_2.1.1_2/plugins/com.st.stm32cube.ide.mcu.externaltools.gnu-tools-for-stm32.14.3.rel1.linux64_1.0.100.202602081740/tools/bin/../lib/gcc/arm-none-eabi/14.3.1/../../../../arm-none-eabi/lib/thumb/v7e-m+fp/hard/libc_nano.a
LOAD /home/user15/st/stm32cubeide_2.1.1_2/plugins/com.st.stm32cube.ide.mcu.externaltools.gnu-tools-for-stm32.14.3.rel1.linux64_1.0.100.202602081740/tools/bin/../lib/gcc/arm-none-eabi/14.3.1/../../../../arm-none-eabi/lib/thumb/v7e-m+fp/hard/libm.a
END GROUP
START GROUP
LOAD /home/user15/st/stm32cubeide_2.1.1_2/plugins/com.st.stm32cube.ide.mcu.externaltools.gnu-tools-for-stm32.14.3.rel1.linux64_1.0.100.202602081740/tools/bin/../lib/gcc/arm-none-eabi/14.3.1/thumb/v7e-m+fp/hard/libgcc.a
LOAD /home/user15/st/stm32cubeide_2.1.1_2/plugins/com.st.stm32cube.ide.mcu.externaltools.gnu-tools-for-stm32.14.3.rel1.linux64_1.0.100.202602081740/tools/bin/../lib/gcc/arm-none-eabi/14.3.1/../../../../arm-none-eabi/lib/thumb/v7e-m+fp/hard/libc_nano.a
END GROUP
START GROUP
LOAD /home/user15/st/stm32cubeide_2.1.1_2/plugins/com.st.stm32cube.ide.mcu.externaltools.gnu-tools-for-stm32.14.3.rel1.linux64_1.0.100.202602081740/tools/bin/../lib/gcc/arm-none-eabi/14.3.1/thumb/v7e-m+fp/hard/libgcc.a
LOAD /home/user15/st/stm32cubeide_2.1.1_2/plugins/com.st.stm32cube.ide.mcu.externaltools.gnu-tools-for-stm32.14.3.rel1.linux64_1.0.100.202602081740/tools/bin/../lib/gcc/arm-none-eabi/14.3.1/../../../../arm-none-eabi/lib/thumb/v7e-m+fp/hard/libc_nano.a
LOAD /home/user15/st/stm32cubeide_2.1.1_2/plugins/com.st.stm32cube.ide.mcu.externaltools.gnu-tools-for-stm32.14.3.rel1.linux64_1.0.100.202602081740/tools/bin/../lib/gcc/arm-none-eabi/14.3.1/../../../../arm-none-eabi/lib/thumb/v7e-m+fp/hard/libnosys.a
END GROUP
START GROUP
LOAD /home/user15/st/stm32cubeide_2.1.1_2/plugins/com.st.stm32cube.ide.mcu.externaltools.gnu-tools-for-stm32.14.3.rel1.linux64_1.0.100.202602081740/tools/bin/../lib/gcc/arm-none-eabi/14.3.1/thumb/v7e-m+fp/hard/libgcc.a
LOAD /home/user15/st/stm32cubeide_2.1.1_2/plugins/com.st.stm32cube.ide.mcu.externaltools.gnu-tools-for-stm32.14.3.rel1.linux64_1.0.100.202602081740/tools/bin/../lib/gcc/arm-none-eabi/14.3.1/../../../../arm-none-eabi/lib/thumb/v7e-m+fp/hard/libc_nano.a
LOAD /home/user15/st/stm32cubeide_2.1.1_2/plugins/com.st.stm32cube.ide.mcu.externaltools.gnu-tools-for-stm32.14.3.rel1.linux64_1.0.100.202602081740/tools/bin/../lib/gcc/arm-none-eabi/14.3.1/../../../../arm-none-eabi/lib/thumb/v7e-m+fp/hard/libnosys.a
END GROUP
LOAD /home/user15/st/stm32cubeide_2.1.1_2/plugins/com.st.stm32cube.ide.mcu.externaltools.gnu-tools-for-stm32.14.3.rel1.linux64_1.0.100.202602081740/tools/bin/../lib/gcc/arm-none-eabi/14.3.1/thumb/v7e-m+fp/hard/crtend.o
LOAD /home/user15/st/stm32cubeide_2.1.1_2/plugins/com.st.stm32cube.ide.mcu.externaltools.gnu-tools-for-stm32.14.3.rel1.linux64_1.0.100.202602081740/tools/bin/../lib/gcc/arm-none-eabi/14.3.1/thumb/v7e-m+fp/hard/crtn.o
                0x20020000                        _estack = (ORIGIN (RAM) + LENGTH (RAM))
                0x00000200                        _Min_Heap_Size = 0x200
                0x00000400                        _Min_Stack_Size = 0x400

.isr_vector     0x08000000      0x198
                0x08000000                        . = ALIGN (0x4)
 *(.isr_vector)
 .isr_vector    0x08000000      0x198 ./Core/Startup/startup_stm32f411retx.o
                0x08000000                g_pfnVectors
                0x08000198                        . = ALIGN (0x4)

.text           0x080001a0     0x5014
                0x080001a0                        . = ALIGN (0x4)
 *(.text)
 .text          0x080001a0       0x40 /home/user15/st/stm32cubeide_2.1.1_2/plugins/com.st.stm32cube.ide.mcu.externaltools.gnu-tools-for-stm32.14.3.rel1.linux64_1.0.100.202602081740/tools/bin/../lib/gcc/arm-none-eabi/14.3.1/thumb/v7e-m+fp/hard/crtbegin.o
 .text          0x080001e0       0xa0 /home/user15/st/stm32cubeide_2.1.1_2/plugins/com.st.stm32cube.ide.mcu.externaltools.gnu-tools-for-stm32.14.3.rel1.linux64_1.0.100.202602081740/tools/bin/../lib/gcc/arm-none-eabi/14.3.1/../../../../arm-none-eabi/lib/thumb/v7e-m+fp/hard/libc_nano.a(libc_a-memchr.o)
                0x080001e0                memchr
 .text          0x08000280       0x30 /home/user15/st/stm32cubeide_2.1.1_2/plugins/com.st.stm32cube.ide.mcu.externaltools.gnu-tools-for-stm32.14.3.rel1.linux64_1.0.100.202602081740/tools/bin/../lib/gcc/arm-none-eabi/14.3.1/thumb/v7e-m+fp/hard/libgcc.a(_aeabi_uldivmod.o)
                0x08000280                __aeabi_uldivmod
 .text          0x080002b0      0x2f8 /home/user15/st/stm32cubeide_2.1.1_2/plugins/com.st.stm32cube.ide.mcu.externaltools.gnu-tools-for-stm32.14.3.rel1.linux64_1.0.100.202602081740/tools/bin/../lib/gcc/arm-none-eabi/14.3.1/thumb/v7e-m+fp/hard/libgcc.a(_udivmoddi4.o)
                0x080002b0                __udivmoddi4
 .text          0x080005a8        0x4 /home/user15/st/stm32cubeide_2.1.1_2/plugins/com.st.stm32cube.ide.mcu.externaltools.gnu-tools-for-stm32.14.3.rel1.linux64_1.0.100.202602081740/tools/bin/../lib/gcc/arm-none-eabi/14.3.1/thumb/v7e-m+fp/hard/libgcc.a(_dvmd_tls.o)
                0x080005a8                __aeabi_ldiv0
                0x080005a8                __aeabi_idiv0
 *(.text*)
 .text.delay_us
                0x080005ac       0x34 ./Core/Src/delay.o
                0x080005ac                delay_us
 .text.MX_GPIO_Init
                0x080005e0       0xa0 ./Core/Src/gpio.o
                0x080005e0                MX_GPIO_Init
 .text.MX_I2C1_Init
                0x08000680       0x5c ./Core/Src/i2c.o
                0x08000680                MX_I2C1_Init
 .text.HAL_I2C_MspInit
                0x080006dc       0x90 ./Core/Src/i2c.o
                0x080006dc                HAL_I2C_MspInit
 .text.lcd_command
                0x0800076c       0x70 ./Core/Src/i2c_lcd.o
                0x0800076c                lcd_command
 .text.lcd_data
                0x080007dc       0x70 ./Core/Src/i2c_lcd.o
                0x080007dc                lcd_data
 .text.i2c_lcd_init
                0x0800084c       0x56 ./Core/Src/i2c_lcd.o
                0x0800084c                i2c_lcd_init
 .text.lcd_string
                0x080008a2       0x2a ./Core/Src/i2c_lcd.o
                0x080008a2                lcd_string
 .text.move_cusor
                0x080008cc       0x30 ./Core/Src/i2c_lcd.o
                0x080008cc                move_cusor
 .text.HCSR4_TRIG
                0x080008fc       0x3c ./Core/Src/main.o
                0x080008fc                HCSR4_TRIG
 .text.HAL_TIM_IC_CaptureCallback
                0x08000938      0x118 ./Core/Src/main.o
                0x08000938                HAL_TIM_IC_CaptureCallback
 .text.ULTRA_LCD_test
                0x08000a50       0x44 ./Core/Src/main.o
                0x08000a50                ULTRA_LCD_test
 .text.main     0x08000a94       0xa4 ./Core/Src/main.o
                0x08000a94                main
 .text.SystemClock_Config
                0x08000b38       0xbc ./Core/Src/main.o
                0x08000b38                SystemClock_Config
 .text.Error_Handler
                0x08000bf4        0xc ./Core/Src/main.o
                0x08000bf4                Error_Handler
 .text.HAL_MspInit
                0x08000c00       0x50 ./Core/Src/stm32f4xx_hal_msp.o
                0x08000c00                HAL_MspInit
 .text.NMI_Handler
                0x08000c50        0x8 ./Core/Src/stm32f4xx_it.o
                0x08000c50                NMI_Handler
 .text.HardFault_Handler
                0x08000c58        0x8 ./Core/Src/stm32f4xx_it.o
                0x08000c58                HardFault_Handler
 .text.MemManage_Handler
                0x08000c60        0x8 ./Core/Src/stm32f4xx_it.o
                0x08000c60                MemManage_Handler
 .text.BusFault_Handler
                0x08000c68        0x8 ./Core/Src/stm32f4xx_it.o
                0x08000c68                BusFault_Handler
 .text.UsageFault_Handler
                0x08000c70        0x8 ./Core/Src/stm32f4xx_it.o
                0x08000c70                UsageFault_Handler
 .text.SVC_Handler
                0x08000c78        0xe ./Core/Src/stm32f4xx_it.o
                0x08000c78                SVC_Handler
 .text.DebugMon_Handler
                0x08000c86        0xe ./Core/Src/stm32f4xx_it.o
                0x08000c86                DebugMon_Handler
 .text.PendSV_Handler
                0x08000c94        0xe ./Core/Src/stm32f4xx_it.o
                0x08000c94                PendSV_Handler
 .text.SysTick_Handler
                0x08000ca2        0xc ./Core/Src/stm32f4xx_it.o
                0x08000ca2                SysTick_Handler
 *fill*         0x08000cae        0x2 
 .text.TIM1_TRG_COM_TIM11_IRQHandler
                0x08000cb0       0x14 ./Core/Src/stm32f4xx_it.o
                0x08000cb0                TIM1_TRG_COM_TIM11_IRQHandler
 .text.TIM3_IRQHandler
                0x08000cc4       0x14 ./Core/Src/stm32f4xx_it.o
                0x08000cc4                TIM3_IRQHandler
 .text.USART2_IRQHandler
                0x08000cd8       0x14 ./Core/Src/stm32f4xx_it.o
                0x08000cd8                USART2_IRQHandler
 .text._sbrk    0x08000cec       0x6c ./Core/Src/sysmem.o
                0x08000cec                _sbrk
 .text.SystemInit
                0x08000d58       0x24 ./Core/Src/system_stm32f4xx.o
                0x08000d58                SystemInit
 .text.MX_TIM3_Init
                0x08000d7c       0xe0 ./Core/Src/tim.o
                0x08000d7c                MX_TIM3_Init
 .text.MX_TIM11_Init
                0x08000e5c       0x48 ./Core/Src/tim.o
                0x08000e5c                MX_TIM11_Init
 .text.HAL_TIM_Base_MspInit
                0x08000ea4       0xdc ./Core/Src/tim.o
                0x08000ea4                HAL_TIM_Base_MspInit
 .text.MX_USART2_UART_Init
                0x08000f80       0x54 ./Core/Src/usart.o
                0x08000f80                MX_USART2_UART_Init
 .text.HAL_UART_MspInit
                0x08000fd4       0xa0 ./Core/Src/usart.o
                0x08000fd4                HAL_UART_MspInit
 .text.Reset_Handler
                0x08001074       0x50 ./Core/Startup/startup_stm32f411retx.o
                0x08001074                Reset_Handler
 .text.Default_Handler
                0x080010c4        0x2 ./Core/Startup/startup_stm32f411retx.o
                0x080010c4                RTC_Alarm_IRQHandler
                0x080010c4                EXTI2_IRQHandler
                0x080010c4                SPI4_IRQHandler
                0x080010c4                TIM1_CC_IRQHandler
                0x080010c4                DMA2_Stream5_IRQHandler
                0x080010c4                DMA1_Stream5_IRQHandler
                0x080010c4                PVD_IRQHandler
                0x080010c4                SDIO_IRQHandler
                0x080010c4                TAMP_STAMP_IRQHandler
                0x080010c4                EXTI3_IRQHandler
                0x080010c4                TIM1_UP_TIM10_IRQHandler
                0x080010c4                I2C3_ER_IRQHandler
                0x080010c4                EXTI0_IRQHandler
                0x080010c4                I2C2_EV_IRQHandler
                0x080010c4                DMA1_Stream2_IRQHandler
                0x080010c4                FPU_IRQHandler
                0x080010c4                DMA2_Stream2_IRQHandler
                0x080010c4                SPI1_IRQHandler
                0x080010c4                TIM1_BRK_TIM9_IRQHandler
                0x080010c4                DMA2_Stream3_IRQHandler
                0x080010c4                USART6_IRQHandler
                0x080010c4                DMA2_Stream0_IRQHandler
                0x080010c4                TIM4_IRQHandler
                0x080010c4                I2C1_EV_IRQHandler
                0x080010c4                DMA1_Stream6_IRQHandler
                0x080010c4                DMA1_Stream1_IRQHandler
                0x080010c4                RCC_IRQHandler
                0x080010c4                Default_Handler
                0x080010c4                EXTI15_10_IRQHandler
                0x080010c4                ADC_IRQHandler
                0x080010c4                DMA1_Stream7_IRQHandler
                0x080010c4                SPI5_IRQHandler
                0x080010c4                TIM5_IRQHandler
                0x080010c4                DMA2_Stream7_IRQHandler
                0x080010c4                I2C3_EV_IRQHandler
                0x080010c4                EXTI9_5_IRQHandler
                0x080010c4                RTC_WKUP_IRQHandler
                0x080010c4                SPI2_IRQHandler
                0x080010c4                DMA1_Stream0_IRQHandler
                0x080010c4                EXTI4_IRQHandler
                0x080010c4                WWDG_IRQHandler
                0x080010c4                TIM2_IRQHandler
                0x080010c4                OTG_FS_WKUP_IRQHandler
                0x080010c4                EXTI1_IRQHandler
                0x080010c4                I2C2_ER_IRQHandler
                0x080010c4                DMA2_Stream1_IRQHandler
                0x080010c4                FLASH_IRQHandler
                0x080010c4                DMA2_Stream4_IRQHandler
                0x080010c4                USART1_IRQHandler
                0x080010c4                OTG_FS_IRQHandler
                0x080010c4                SPI3_IRQHandler
                0x080010c4                DMA1_Stream4_IRQHandler
                0x080010c4                I2C1_ER_IRQHandler
                0x080010c4                DMA2_Stream6_IRQHandler
                0x080010c4                DMA1_Stream3_IRQHandler
 *fill*         0x080010c6        0x2 
 .text.HAL_Init
                0x080010c8       0x44 ./Drivers/STM32F4xx_HAL_Driver/Src/stm32f4xx_hal.o
                0x080010c8                HAL_Init
 .text.HAL_InitTick
                0x0800110c       0x60 ./Drivers/STM32F4xx_HAL_Driver/Src/stm32f4xx_hal.o
                0x0800110c                HAL_InitTick
 .text.HAL_IncTick
                0x0800116c       0x28 ./Drivers/STM32F4xx_HAL_Driver/Src/stm32f4xx_hal.o
                0x0800116c                HAL_IncTick
 .text.HAL_GetTick
                0x08001194       0x18 ./Drivers/STM32F4xx_HAL_Driver/Src/stm32f4xx_hal.o
                0x08001194                HAL_GetTick
 .text.HAL_Delay
                0x080011ac       0x48 ./Drivers/STM32F4xx_HAL_Driver/Src/stm32f4xx_hal.o
                0x080011ac                HAL_Delay
 .text.__NVIC_SetPriorityGrouping
                0x080011f4       0x48 ./Drivers/STM32F4xx_HAL_Driver/Src/stm32f4xx_hal_cortex.o
 .text.__NVIC_GetPriorityGrouping
                0x0800123c       0x1c ./Drivers/STM32F4xx_HAL_Driver/Src/stm32f4xx_hal_cortex.o
 .text.__NVIC_EnableIRQ
                0x08001258       0x3c ./Drivers/STM32F4xx_HAL_Driver/Src/stm32f4xx_hal_cortex.o
 .text.__NVIC_SetPriority
                0x08001294       0x54 ./Drivers/STM32F4xx_HAL_Driver/Src/stm32f4xx_hal_cortex.o
 .text.NVIC_EncodePriority
                0x080012e8       0x66 ./Drivers/STM32F4xx_HAL_Driver/Src/stm32f4xx_hal_cortex.o
 *fill*         0x0800134e        0x2 
 .text.SysTick_Config
                0x08001350       0x44 ./Drivers/STM32F4xx_HAL_Driver/Src/stm32f4xx_hal_cortex.o
 .text.HAL_NVIC_SetPriorityGrouping
                0x08001394       0x16 ./Drivers/STM32F4xx_HAL_Driver/Src/stm32f4xx_hal_cortex.o
                0x08001394                HAL_NVIC_SetPriorityGrouping
 .text.HAL_NVIC_SetPriority
                0x080013aa       0x38 ./Drivers/STM32F4xx_HAL_Driver/Src/stm32f4xx_hal_cortex.o
                0x080013aa                HAL_NVIC_SetPriority
 .text.HAL_NVIC_EnableIRQ
                0x080013e2       0x1c ./Drivers/STM32F4xx_HAL_Driver/Src/stm32f4xx_hal_cortex.o
                0x080013e2                HAL_NVIC_EnableIRQ
 .text.HAL_SYSTICK_Config
                0x080013fe       0x18 ./Drivers/STM32F4xx_HAL_Driver/Src/stm32f4xx_hal_cortex.o
                0x080013fe                HAL_SYSTICK_Config
 .text.HAL_DMA_Abort
                0x08001416       0xe0 ./Drivers/STM32F4xx_HAL_Driver/Src/stm32f4xx_hal_dma.o
                0x08001416                HAL_DMA_Abort
 .text.HAL_DMA_Abort_IT
                0x080014f6       0x44 ./Drivers/STM32F4xx_HAL_Driver/Src/stm32f4xx_hal_dma.o
                0x080014f6                HAL_DMA_Abort_IT
 *fill*         0x0800153a        0x2 
 .text.HAL_GPIO_Init
                0x0800153c      0x308 ./Drivers/STM32F4xx_HAL_Driver/Src/stm32f4xx_hal_gpio.o
                0x0800153c                HAL_GPIO_Init
 .text.HAL_GPIO_WritePin
                0x08001844       0x32 ./Drivers/STM32F4xx_HAL_Driver/Src/stm32f4xx_hal_gpio.o
                0x08001844                HAL_GPIO_WritePin
 *fill*         0x08001876        0x2 
 .text.HAL_I2C_Init
                0x08001878      0x288 ./Drivers/STM32F4xx_HAL_Driver/Src/stm32f4xx_hal_i2c.o
                0x08001878                HAL_I2C_Init
 .text.HAL_I2C_Master_Transmit
                0x08001b00      0x1fc ./Drivers/STM32F4xx_HAL_Driver/Src/stm32f4xx_hal_i2c.o
                0x08001b00                HAL_I2C_Master_Transmit
 .text.I2C_MasterRequestWrite
                0x08001cfc      0x104 ./Drivers/STM32F4xx_HAL_Driver/Src/stm32f4xx_hal_i2c.o
 .text.I2C_WaitOnFlagUntilTimeout
                0x08001e00       0xf4 ./Drivers/STM32F4xx_HAL_Driver/Src/stm32f4xx_hal_i2c.o
 .text.I2C_WaitOnMasterAddressFlagUntilTimeout
                0x08001ef4      0x140 ./Drivers/STM32F4xx_HAL_Driver/Src/stm32f4xx_hal_i2c.o
 .text.I2C_WaitOnTXEFlagUntilTimeout
                0x08002034       0x90 ./Drivers/STM32F4xx_HAL_Driver/Src/stm32f4xx_hal_i2c.o
 .text.I2C_WaitOnBTFFlagUntilTimeout
                0x080020c4       0x90 ./Drivers/STM32F4xx_HAL_Driver/Src/stm32f4xx_hal_i2c.o
 .text.I2C_IsAcknowledgeFailed
                0x08002154       0x5e ./Drivers/STM32F4xx_HAL_Driver/Src/stm32f4xx_hal_i2c.o
 *fill*         0x080021b2        0x2 
 .text.HAL_RCC_OscConfig
                0x080021b4      0x4f0 ./Drivers/STM32F4xx_HAL_Driver/Src/stm32f4xx_hal_rcc.o
                0x080021b4                HAL_RCC_OscConfig
 .text.HAL_RCC_ClockConfig
                0x080026a4      0x1cc ./Drivers/STM32F4xx_HAL_Driver/Src/stm32f4xx_hal_rcc.o
                0x080026a4                HAL_RCC_ClockConfig
 .text.HAL_RCC_GetSysClockFreq
                0x08002870      0x188 ./Drivers/STM32F4xx_HAL_Driver/Src/stm32f4xx_hal_rcc.o
                0x08002870                HAL_RCC_GetSysClockFreq
 .text.HAL_RCC_GetHCLKFreq
                0x080029f8       0x18 ./Drivers/STM32F4xx_HAL_Driver/Src/stm32f4xx_hal_rcc.o
                0x080029f8                HAL_RCC_GetHCLKFreq
 .text.HAL_RCC_GetPCLK1Freq
                0x08002a10       0x28 ./Drivers/STM32F4xx_HAL_Driver/Src/stm32f4xx_hal_rcc.o
                0x08002a10                HAL_RCC_GetPCLK1Freq
 .text.HAL_RCC_GetPCLK2Freq
                0x08002a38       0x28 ./Drivers/STM32F4xx_HAL_Driver/Src/stm32f4xx_hal_rcc.o
                0x08002a38                HAL_RCC_GetPCLK2Freq
 .text.HAL_TIM_Base_Init
                0x08002a60       0x9e ./Drivers/STM32F4xx_HAL_Driver/Src/stm32f4xx_hal_tim.o
                0x08002a60                HAL_TIM_Base_Init
 *fill*         0x08002afe        0x2 
 .text.HAL_TIM_Base_Start
                0x08002b00       0xb4 ./Drivers/STM32F4xx_HAL_Driver/Src/stm32f4xx_hal_tim.o
                0x08002b00                HAL_TIM_Base_Start
 .text.HAL_TIM_IC_Init
                0x08002bb4       0x9e ./Drivers/STM32F4xx_HAL_Driver/Src/stm32f4xx_hal_tim.o
                0x08002bb4                HAL_TIM_IC_Init
 .text.HAL_TIM_IC_MspInit
                0x08002c52       0x14 ./Drivers/STM32F4xx_HAL_Driver/Src/stm32f4xx_hal_tim.o
                0x08002c52                HAL_TIM_IC_MspInit
 *fill*         0x08002c66        0x2 
 .text.HAL_TIM_IC_Start_IT
                0x08002c68      0x234 ./Drivers/STM32F4xx_HAL_Driver/Src/stm32f4xx_hal_tim.o
                0x08002c68                HAL_TIM_IC_Start_IT
 .text.HAL_TIM_IRQHandler
                0x08002e9c      0x1e0 ./Drivers/STM32F4xx_HAL_Driver/Src/stm32f4xx_hal_tim.o
                0x08002e9c                HAL_TIM_IRQHandler
 .text.HAL_TIM_IC_ConfigChannel
                0x0800307c      0x138 ./Drivers/STM32F4xx_HAL_Driver/Src/stm32f4xx_hal_tim.o
                0x0800307c                HAL_TIM_IC_ConfigChannel
 .text.HAL_TIM_ConfigClockSource
                0x080031b4      0x18e ./Drivers/STM32F4xx_HAL_Driver/Src/stm32f4xx_hal_tim.o
                0x080031b4                HAL_TIM_ConfigClockSource
 *fill*         0x08003342        0x2 
 .text.HAL_TIM_ReadCapturedValue
                0x08003344       0x88 ./Drivers/STM32F4xx_HAL_Driver/Src/stm32f4xx_hal_tim.o
                0x08003344                HAL_TIM_ReadCapturedValue
 .text.HAL_TIM_PeriodElapsedCallback
                0x080033cc       0x14 ./Drivers/STM32F4xx_HAL_Driver/Src/stm32f4xx_hal_tim.o
                0x080033cc                HAL_TIM_PeriodElapsedCallback
 .text.HAL_TIM_OC_DelayElapsedCallback
                0x080033e0       0x14 ./Drivers/STM32F4xx_HAL_Driver/Src/stm32f4xx_hal_tim.o
                0x080033e0                HAL_TIM_OC_DelayElapsedCallback
 .text.HAL_TIM_PWM_PulseFinishedCallback
                0x080033f4       0x14 ./Drivers/STM32F4xx_HAL_Driver/Src/stm32f4xx_hal_tim.o
                0x080033f4                HAL_TIM_PWM_PulseFinishedCallback
 .text.HAL_TIM_TriggerCallback
                0x08003408       0x14 ./Drivers/STM32F4xx_HAL_Driver/Src/stm32f4xx_hal_tim.o
                0x08003408                HAL_TIM_TriggerCallback
 .text.TIM_Base_SetConfig
                0x0800341c      0x10c ./Drivers/STM32F4xx_HAL_Driver/Src/stm32f4xx_hal_tim.o
                0x0800341c                TIM_Base_SetConfig
 .text.TIM_TI1_SetConfig
                0x08003528       0xd0 ./Drivers/STM32F4xx_HAL_Driver/Src/stm32f4xx_hal_tim.o
                0x08003528                TIM_TI1_SetConfig
 .text.TIM_TI1_ConfigInputStage
                0x080035f8       0x5e ./Drivers/STM32F4xx_HAL_Driver/Src/stm32f4xx_hal_tim.o
 .text.TIM_TI2_SetConfig
                0x08003656       0x7a ./Drivers/STM32F4xx_HAL_Driver/Src/stm32f4xx_hal_tim.o
 .text.TIM_TI2_ConfigInputStage
                0x080036d0       0x60 ./Drivers/STM32F4xx_HAL_Driver/Src/stm32f4xx_hal_tim.o
 .text.TIM_TI3_SetConfig
                0x08003730       0x78 ./Drivers/STM32F4xx_HAL_Driver/Src/stm32f4xx_hal_tim.o
 .text.TIM_TI4_SetConfig
                0x080037a8       0x7a ./Drivers/STM32F4xx_HAL_Driver/Src/stm32f4xx_hal_tim.o
 .text.TIM_ITRx_SetConfig
                0x08003822       0x36 ./Drivers/STM32F4xx_HAL_Driver/Src/stm32f4xx_hal_tim.o
 .text.TIM_ETR_SetConfig
                0x08003858       0x40 ./Drivers/STM32F4xx_HAL_Driver/Src/stm32f4xx_hal_tim.o
                0x08003858                TIM_ETR_SetConfig
 .text.TIM_CCxChannelCmd
                0x08003898       0x4a ./Drivers/STM32F4xx_HAL_Driver/Src/stm32f4xx_hal_tim.o
                0x08003898                TIM_CCxChannelCmd
 *fill*         0x080038e2        0x2 
 .text.HAL_TIMEx_MasterConfigSynchronization
                0x080038e4       0xdc ./Drivers/STM32F4xx_HAL_Driver/Src/stm32f4xx_hal_tim_ex.o
                0x080038e4                HAL_TIMEx_MasterConfigSynchronization
 .text.HAL_TIMEx_CommutCallback
                0x080039c0       0x14 ./Drivers/STM32F4xx_HAL_Driver/Src/stm32f4xx_hal_tim_ex.o
                0x080039c0                HAL_TIMEx_CommutCallback
 .text.HAL_TIMEx_BreakCallback
                0x080039d4       0x14 ./Drivers/STM32F4xx_HAL_Driver/Src/stm32f4xx_hal_tim_ex.o
                0x080039d4                HAL_TIMEx_BreakCallback
 .text.HAL_UART_Init
                0x080039e8       0xa0 ./Drivers/STM32F4xx_HAL_Driver/Src/stm32f4xx_hal_uart.o
                0x080039e8                HAL_UART_Init
 .text.HAL_UART_IRQHandler
                0x08003a88      0x554 ./Drivers/STM32F4xx_HAL_Driver/Src/stm32f4xx_hal_uart.o
                0x08003a88                HAL_UART_IRQHandler
 .text.HAL_UART_TxCpltCallback
                0x08003fdc       0x14 ./Drivers/STM32F4xx_HAL_Driver/Src/stm32f4xx_hal_uart.o
                0x08003fdc                HAL_UART_TxCpltCallback
 .text.HAL_UART_RxCpltCallback
                0x08003ff0       0x14 ./Drivers/STM32F4xx_HAL_Driver/Src/stm32f4xx_hal_uart.o
                0x08003ff0                HAL_UART_RxCpltCallback
 .text.HAL_UART_ErrorCallback
                0x08004004       0x14 ./Drivers/STM32F4xx_HAL_Driver/Src/stm32f4xx_hal_uart.o
                0x08004004                HAL_UART_ErrorCallback
 .text.HAL_UARTEx_RxEventCallback
                0x08004018       0x18 ./Drivers/STM32F4xx_HAL_Driver/Src/stm32f4xx_hal_uart.o
                0x08004018                HAL_UARTEx_RxEventCallback
 .text.UART_EndRxTransfer
                0x08004030       0xc6 ./Drivers/STM32F4xx_HAL_Driver/Src/stm32f4xx_hal_uart.o
 .text.UART_DMAAbortOnError
                0x080040f6       0x22 ./Drivers/STM32F4xx_HAL_Driver/Src/stm32f4xx_hal_uart.o
 .text.UART_Transmit_IT
                0x08004118       0xa0 ./Drivers/STM32F4xx_HAL_Driver/Src/stm32f4xx_hal_uart.o
 .text.UART_EndTransmit_IT
                0x080041b8       0x30 ./Drivers/STM32F4xx_HAL_Driver/Src/stm32f4xx_hal_uart.o
 .text.UART_Receive_IT
                0x080041e8      0x17c ./Drivers/STM32F4xx_HAL_Driver/Src/stm32f4xx_hal_uart.o
 .text.UART_SetConfig
                0x08004364      0x4e8 ./Drivers/STM32F4xx_HAL_Driver/Src/stm32f4xx_hal_uart.o
 .text.sprintf  0x0800484c       0x44 /home/user15/st/stm32cubeide_2.1.1_2/plugins/com.st.stm32cube.ide.mcu.externaltools.gnu-tools-for-stm32.14.3.rel1.linux64_1.0.100.202602081740/tools/bin/../lib/gcc/arm-none-eabi/14.3.1/../../../../arm-none-eabi/lib/thumb/v7e-m+fp/hard/libc_nano.a(libc_a-sprintf.o)
                0x0800484c                sprintf
                0x0800484c                siprintf
 .text.memset   0x08004890       0x10 /home/user15/st/stm32cubeide_2.1.1_2/plugins/com.st.stm32cube.ide.mcu.externaltools.gnu-tools-for-stm32.14.3.rel1.linux64_1.0.100.202602081740/tools/bin/../lib/gcc/arm-none-eabi/14.3.1/../../../../arm-none-eabi/lib/thumb/v7e-m+fp/hard/libc_nano.a(libc_a-memset.o)
                0x08004890                memset
 .text.__errno  0x080048a0        0xc /home/user15/st/stm32cubeide_2.1.1_2/plugins/com.st.stm32cube.ide.mcu.externaltools.gnu-tools-for-stm32.14.3.rel1.linux64_1.0.100.202602081740/tools/bin/../lib/gcc/arm-none-eabi/14.3.1/../../../../arm-none-eabi/lib/thumb/v7e-m+fp/hard/libc_nano.a(libc_a-errno.o)
                0x080048a0                __errno
 .text.__libc_init_array
                0x080048ac       0x48 /home/user15/st/stm32cubeide_2.1.1_2/plugins/com.st.stm32cube.ide.mcu.externaltools.gnu-tools-for-stm32.14.3.rel1.linux64_1.0.100.202602081740/tools/bin/../lib/gcc/arm-none-eabi/14.3.1/../../../../arm-none-eabi/lib/thumb/v7e-m+fp/hard/libc_nano.a(libc_a-init.o)
                0x080048ac                __libc_init_array
 .text.__retarget_lock_acquire_recursive
                0x080048f4        0x2 /home/user15/st/stm32cubeide_2.1.1_2/plugins/com.st.stm32cube.ide.mcu.externaltools.gnu-tools-for-stm32.14.3.rel1.linux64_1.0.100.202602081740/tools/bin/../lib/gcc/arm-none-eabi/14.3.1/../../../../arm-none-eabi/lib/thumb/v7e-m+fp/hard/libc_nano.a(libc_a-lock.o)
                0x080048f4                __retarget_lock_acquire_recursive
 .text.__retarget_lock_release_recursive
                0x080048f6        0x2 /home/user15/st/stm32cubeide_2.1.1_2/plugins/com.st.stm32cube.ide.mcu.externaltools.gnu-tools-for-stm32.14.3.rel1.linux64_1.0.100.202602081740/tools/bin/../lib/gcc/arm-none-eabi/14.3.1/../../../../arm-none-eabi/lib/thumb/v7e-m+fp/hard/libc_nano.a(libc_a-lock.o)
                0x080048f6                __retarget_lock_release_recursive
 .text._free_r  0x080048f8       0x94 /home/user15/st/stm32cubeide_2.1.1_2/plugins/com.st.stm32cube.ide.mcu.externaltools.gnu-tools-for-stm32.14.3.rel1.linux64_1.0.100.202602081740/tools/bin/../lib/gcc/arm-none-eabi/14.3.1/../../../../arm-none-eabi/lib/thumb/v7e-m+fp/hard/libc_nano.a(libc_a-freer.o)
                0x080048f8                _free_r
 .text.sbrk_aligned
                0x0800498c       0x44 /home/user15/st/stm32cubeide_2.1.1_2/plugins/com.st.stm32cube.ide.mcu.externaltools.gnu-tools-for-stm32.14.3.rel1.linux64_1.0.100.202602081740/tools/bin/../lib/gcc/arm-none-eabi/14.3.1/../../../../arm-none-eabi/lib/thumb/v7e-m+fp/hard/libc_nano.a(libc_a-mallocr.o)
 .text._malloc_r
                0x080049d0      0x100 /home/user15/st/stm32cubeide_2.1.1_2/plugins/com.st.stm32cube.ide.mcu.externaltools.gnu-tools-for-stm32.14.3.rel1.linux64_1.0.100.202602081740/tools/bin/../lib/gcc/arm-none-eabi/14.3.1/../../../../arm-none-eabi/lib/thumb/v7e-m+fp/hard/libc_nano.a(libc_a-mallocr.o)
                0x080049d0                _malloc_r
 .text.__malloc_lock
                0x08004ad0        0xc /home/user15/st/stm32cubeide_2.1.1_2/plugins/com.st.stm32cube.ide.mcu.externaltools.gnu-tools-for-stm32.14.3.rel1.linux64_1.0.100.202602081740/tools/bin/../lib/gcc/arm-none-eabi/14.3.1/../../../../arm-none-eabi/lib/thumb/v7e-m+fp/hard/libc_nano.a(libc_a-mlock.o)
                0x08004ad0                __malloc_lock
 .text.__malloc_unlock
                0x08004adc        0xc /home/user15/st/stm32cubeide_2.1.1_2/plugins/com.st.stm32cube.ide.mcu.externaltools.gnu-tools-for-stm32.14.3.rel1.linux64_1.0.100.202602081740/tools/bin/../lib/gcc/arm-none-eabi/14.3.1/../../../../arm-none-eabi/lib/thumb/v7e-m+fp/hard/libc_nano.a(libc_a-mlock.o)
                0x08004adc                __malloc_unlock
 .text.__ssputs_r
                0x08004ae8       0xc0 /home/user15/st/stm32cubeide_2.1.1_2/plugins/com.st.stm32cube.ide.mcu.externaltools.gnu-tools-for-stm32.14.3.rel1.linux64_1.0.100.202602081740/tools/bin/../lib/gcc/arm-none-eabi/14.3.1/../../../../arm-none-eabi/lib/thumb/v7e-m+fp/hard/libc_nano.a(libc_a-nano-svfprintf.o)
                0x08004ae8                __ssputs_r
 .text._svfprintf_r
                0x08004ba8      0x1f0 /home/user15/st/stm32cubeide_2.1.1_2/plugins/com.st.stm32cube.ide.mcu.externaltools.gnu-tools-for-stm32.14.3.rel1.linux64_1.0.100.202602081740/tools/bin/../lib/gcc/arm-none-eabi/14.3.1/../../../../arm-none-eabi/lib/thumb/v7e-m+fp/hard/libc_nano.a(libc_a-nano-svfprintf.o)
                0x08004ba8                _svfprintf_r
                0x08004ba8                _svfiprintf_r
 .text._printf_common
                0x08004d98       0xda /home/user15/st/stm32cubeide_2.1.1_2/plugins/com.st.stm32cube.ide.mcu.externaltools.gnu-tools-for-stm32.14.3.rel1.linux64_1.0.100.202602081740/tools/bin/../lib/gcc/arm-none-eabi/14.3.1/../../../../arm-none-eabi/lib/thumb/v7e-m+fp/hard/libc_nano.a(libc_a-nano-vfprintf_i.o)
                0x08004d98                _printf_common
 *fill*         0x08004e72        0x2 
 .text._printf_i
                0x08004e74      0x24c /home/user15/st/stm32cubeide_2.1.1_2/plugins/com.st.stm32cube.ide.mcu.externaltools.gnu-tools-for-stm32.14.3.rel1.linux64_1.0.100.202602081740/tools/bin/../lib/gcc/arm-none-eabi/14.3.1/../../../../arm-none-eabi/lib/thumb/v7e-m+fp/hard/libc_nano.a(libc_a-nano-vfprintf_i.o)
                0x08004e74                _printf_i
 .text.memmove  0x080050c0       0x32 /home/user15/st/stm32cubeide_2.1.1_2/plugins/com.st.stm32cube.ide.mcu.externaltools.gnu-tools-for-stm32.14.3.rel1.linux64_1.0.100.202602081740/tools/bin/../lib/gcc/arm-none-eabi/14.3.1/../../../../arm-none-eabi/lib/thumb/v7e-m+fp/hard/libc_nano.a(libc_a-memmove.o)
                0x080050c0                memmove
 *fill*         0x080050f2        0x2 
 .text._sbrk_r  0x080050f4       0x20 /home/user15/st/stm32cubeide_2.1.1_2/plugins/com.st.stm32cube.ide.mcu.externaltools.gnu-tools-for-stm32.14.3.rel1.linux64_1.0.100.202602081740/tools/bin/../lib/gcc/arm-none-eabi/14.3.1/../../../../arm-none-eabi/lib/thumb/v7e-m+fp/hard/libc_nano.a(libc_a-sbrkr.o)
                0x080050f4                _sbrk_r
 .text.memcpy   0x08005114       0x1c /home/user15/st/stm32cubeide_2.1.1_2/plugins/com.st.stm32cube.ide.mcu.externaltools.gnu-tools-for-stm32.14.3.rel1.linux64_1.0.100.202602081740/tools/bin/../lib/gcc/arm-none-eabi/14.3.1/../../../../arm-none-eabi/lib/thumb/v7e-m+fp/hard/libc_nano.a(libc_a-memcpy-stub.o)
                0x08005114                memcpy
 .text._realloc_r
                0x08005130       0x5c /home/user15/st/stm32cubeide_2.1.1_2/plugins/com.st.stm32cube.ide.mcu.externaltools.gnu-tools-for-stm32.14.3.rel1.linux64_1.0.100.202602081740/tools/bin/../lib/gcc/arm-none-eabi/14.3.1/../../../../arm-none-eabi/lib/thumb/v7e-m+fp/hard/libc_nano.a(libc_a-reallocr.o)
                0x08005130                _realloc_r
 .text._malloc_usable_size_r
                0x0800518c       0x10 /home/user15/st/stm32cubeide_2.1.1_2/plugins/com.st.stm32cube.ide.mcu.externaltools.gnu-tools-for-stm32.14.3.rel1.linux64_1.0.100.202602081740/tools/bin/../lib/gcc/arm-none-eabi/14.3.1/../../../../arm-none-eabi/lib/thumb/v7e-m+fp/hard/libc_nano.a(libc_a-msizer.o)
                0x0800518c                _malloc_usable_size_r
 *(.glue_7)
 .glue_7        0x0800519c        0x0 linker stubs
 *(.glue_7t)
 .glue_7t       0x0800519c        0x0 linker stubs
 *(.eh_frame)
 .eh_frame      0x0800519c        0x0 /home/user15/st/stm32cubeide_2.1.1_2/plugins/com.st.stm32cube.ide.mcu.externaltools.gnu-tools-for-stm32.14.3.rel1.linux64_1.0.100.202602081740/tools/bin/../lib/gcc/arm-none-eabi/14.3.1/thumb/v7e-m+fp/hard/crtbegin.o
 *(.init)
 .init          0x0800519c        0x4 /home/user15/st/stm32cubeide_2.1.1_2/plugins/com.st.stm32cube.ide.mcu.externaltools.gnu-tools-for-stm32.14.3.rel1.linux64_1.0.100.202602081740/tools/bin/../lib/gcc/arm-none-eabi/14.3.1/thumb/v7e-m+fp/hard/crti.o
                0x0800519c                _init
 .init          0x080051a0        0x8 /home/user15/st/stm32cubeide_2.1.1_2/plugins/com.st.stm32cube.ide.mcu.externaltools.gnu-tools-for-stm32.14.3.rel1.linux64_1.0.100.202602081740/tools/bin/../lib/gcc/arm-none-eabi/14.3.1/thumb/v7e-m+fp/hard/crtn.o
 *(.fini)
 .fini          0x080051a8        0x4 /home/user15/st/stm32cubeide_2.1.1_2/plugins/com.st.stm32cube.ide.mcu.externaltools.gnu-tools-for-stm32.14.3.rel1.linux64_1.0.100.202602081740/tools/bin/../lib/gcc/arm-none-eabi/14.3.1/thumb/v7e-m+fp/hard/crti.o
                0x080051a8                _fini
 .fini          0x080051ac        0x8 /home/user15/st/stm32cubeide_2.1.1_2/plugins/com.st.stm32cube.ide.mcu.externaltools.gnu-tools-for-stm32.14.3.rel1.linux64_1.0.100.202602081740/tools/bin/../lib/gcc/arm-none-eabi/14.3.1/thumb/v7e-m+fp/hard/crtn.o
                0x080051b4                        . = ALIGN (0x4)
                0x080051b4                        _etext = .

.vfp11_veneer   0x080051b4        0x0
 .vfp11_veneer  0x080051b4        0x0 linker stubs

.v4_bx          0x080051b4        0x0
 .v4_bx         0x080051b4        0x0 linker stubs

.iplt           0x080051b4        0x0
 .iplt          0x080051b4        0x0 /home/user15/st/stm32cubeide_2.1.1_2/plugins/com.st.stm32cube.ide.mcu.externaltools.gnu-tools-for-stm32.14.3.rel1.linux64_1.0.100.202602081740/tools/bin/../lib/gcc/arm-none-eabi/14.3.1/thumb/v7e-m+fp/hard/crtbegin.o

.rodata         0x080051b4       0x90
                0x080051b4                        . = ALIGN (0x4)
 *(.rodata)
 .rodata        0x080051b4       0x43 ./Core/Src/main.o
 *(.rodata*)
 *fill*         0x080051f7        0x1 
 .rodata.AHBPrescTable
                0x080051f8       0x10 ./Core/Src/system_stm32f4xx.o
                0x080051f8                AHBPrescTable
 .rodata.APBPrescTable
                0x08005208        0x8 ./Core/Src/system_stm32f4xx.o
                0x08005208                APBPrescTable
 .rodata._svfprintf_r.str1.1
                0x08005210       0x33 /home/user15/st/stm32cubeide_2.1.1_2/plugins/com.st.stm32cube.ide.mcu.externaltools.gnu-tools-for-stm32.14.3.rel1.linux64_1.0.100.202602081740/tools/bin/../lib/gcc/arm-none-eabi/14.3.1/../../../../arm-none-eabi/lib/thumb/v7e-m+fp/hard/libc_nano.a(libc_a-nano-svfprintf.o)
                                 0x11 (size before relaxing)
 .rodata._printf_i.str1.1
                0x08005243       0x22 /home/user15/st/stm32cubeide_2.1.1_2/plugins/com.st.stm32cube.ide.mcu.externaltools.gnu-tools-for-stm32.14.3.rel1.linux64_1.0.100.202602081740/tools/bin/../lib/gcc/arm-none-eabi/14.3.1/../../../../arm-none-eabi/lib/thumb/v7e-m+fp/hard/libc_nano.a(libc_a-nano-vfprintf_i.o)
                0x08005268                        . = ALIGN (0x4)
 *fill*         0x08005243        0x1 

.ARM.extab      0x08005244        0x0
                0x08005244                        . = ALIGN (0x4)
 *(.ARM.extab* .gnu.linkonce.armextab.*)
                0x08005244                        . = ALIGN (0x4)

.ARM            0x08005244        0x8
                0x08005244                        . = ALIGN (0x4)
                0x08005244                        __exidx_start = .
 *(.ARM.exidx*)
 .ARM.exidx     0x08005244        0x8 /home/user15/st/stm32cubeide_2.1.1_2/plugins/com.st.stm32cube.ide.mcu.externaltools.gnu-tools-for-stm32.14.3.rel1.linux64_1.0.100.202602081740/tools/bin/../lib/gcc/arm-none-eabi/14.3.1/../../../../arm-none-eabi/lib/thumb/v7e-m+fp/hard/libc_nano.a(libc_a-memchr.o)
 .ARM.exidx     0x0800524c        0x0 /home/user15/st/stm32cubeide_2.1.1_2/plugins/com.st.stm32cube.ide.mcu.externaltools.gnu-tools-for-stm32.14.3.rel1.linux64_1.0.100.202602081740/tools/bin/../lib/gcc/arm-none-eabi/14.3.1/thumb/v7e-m+fp/hard/libgcc.a(_udivmoddi4.o)
                                  0x8 (size before relaxing)
                0x0800524c                        __exidx_end = .
                0x0800524c                        . = ALIGN (0x4)

.preinit_array  0x0800524c        0x0
                0x0800524c                        . = ALIGN (0x4)
                0x0800524c                        PROVIDE (__preinit_array_start = .)
 *(.preinit_array*)
                0x0800524c                        PROVIDE (__preinit_array_end = .)
                0x0800524c                        . = ALIGN (0x4)

.init_array     0x0800524c        0x4
                0x0800524c                        . = ALIGN (0x4)
                0x0800524c                        PROVIDE (__init_array_start = .)
 *(SORT_BY_NAME(.init_array.*))
 *(.init_array*)
 .init_array    0x0800524c        0x4 /home/user15/st/stm32cubeide_2.1.1_2/plugins/com.st.stm32cube.ide.mcu.externaltools.gnu-tools-for-stm32.14.3.rel1.linux64_1.0.100.202602081740/tools/bin/../lib/gcc/arm-none-eabi/14.3.1/thumb/v7e-m+fp/hard/crtbegin.o
                0x08005250                        PROVIDE (__init_array_end = .)
                0x08005250                        . = ALIGN (0x4)

.fini_array     0x08005250        0x4
                0x08005250                        . = ALIGN (0x4)
                [!provide]                        PROVIDE (__fini_array_start = .)
 *(SORT_BY_NAME(.fini_array.*))
 *(.fini_array*)
 .fini_array    0x08005250        0x4 /home/user15/st/stm32cubeide_2.1.1_2/plugins/com.st.stm32cube.ide.mcu.externaltools.gnu-tools-for-stm32.14.3.rel1.linux64_1.0.100.202602081740/tools/bin/../lib/gcc/arm-none-eabi/14.3.1/thumb/v7e-m+fp/hard/crtbegin.o
                [!provide]                        PROVIDE (__fini_array_end = .)
                0x08005254                        . = ALIGN (0x4)
                0x08005254                        _sidata = LOADADDR (.data)

.rel.dyn        0x08005254        0x0
 .rel.iplt      0x08005254        0x0 /home/user15/st/stm32cubeide_2.1.1_2/plugins/com.st.stm32cube.ide.mcu.externaltools.gnu-tools-for-stm32.14.3.rel1.linux64_1.0.100.202602081740/tools/bin/../lib/gcc/arm-none-eabi/14.3.1/thumb/v7e-m+fp/hard/crtbegin.o

.data           0x20000000       0x5c load address 0x08005254
                0x20000000                        . = ALIGN (0x4)
                0x20000000                        _sdata = .
 *(.data)
 *(.data*)
 .data.SystemCoreClock
                0x20000000        0x4 ./Core/Src/system_stm32f4xx.o
                0x20000000                SystemCoreClock
 .data.uwTickPrio
                0x20000004        0x4 ./Drivers/STM32F4xx_HAL_Driver/Src/stm32f4xx_hal.o
                0x20000004                uwTickPrio
 .data.uwTickFreq
                0x20000008        0x1 ./Drivers/STM32F4xx_HAL_Driver/Src/stm32f4xx_hal.o
                0x20000008                uwTickFreq
 *fill*         0x20000009        0x3 
 .data._impure_ptr
                0x2000000c        0x4 /home/user15/st/stm32cubeide_2.1.1_2/plugins/com.st.stm32cube.ide.mcu.externaltools.gnu-tools-for-stm32.14.3.rel1.linux64_1.0.100.202602081740/tools/bin/../lib/gcc/arm-none-eabi/14.3.1/../../../../arm-none-eabi/lib/thumb/v7e-m+fp/hard/libc_nano.a(libc_a-impure.o)
                0x2000000c                _impure_ptr
 .data._impure_data
                0x20000010       0x4c /home/user15/st/stm32cubeide_2.1.1_2/plugins/com.st.stm32cube.ide.mcu.externaltools.gnu-tools-for-stm32.14.3.rel1.linux64_1.0.100.202602081740/tools/bin/../lib/gcc/arm-none-eabi/14.3.1/../../../../arm-none-eabi/lib/thumb/v7e-m+fp/hard/libc_nano.a(libc_a-impure.o)
                0x20000010                _impure_data
 *(.RamFunc)
 *(.RamFunc*)
                0x2000005c                        . = ALIGN (0x4)
                0x2000005c                        _edata = .

.igot.plt       0x2000005c        0x0 load address 0x080052b0
 .igot.plt      0x2000005c        0x0 /home/user15/st/stm32cubeide_2.1.1_2/plugins/com.st.stm32cube.ide.mcu.externaltools.gnu-tools-for-stm32.14.3.rel1.linux64_1.0.100.202602081740/tools/bin/../lib/gcc/arm-none-eabi/14.3.1/thumb/v7e-m+fp/hard/crtbegin.o
                0x2000005c                        . = ALIGN (0x4)

.bss            0x2000005c      0x2a4 load address 0x080052b0
                0x2000005c                        _sbss = .
                0x2000005c                        __bss_start__ = _sbss
 *(.bss)
 .bss           0x2000005c       0x1c /home/user15/st/stm32cubeide_2.1.1_2/plugins/com.st.stm32cube.ide.mcu.externaltools.gnu-tools-for-stm32.14.3.rel1.linux64_1.0.100.202602081740/tools/bin/../lib/gcc/arm-none-eabi/14.3.1/thumb/v7e-m+fp/hard/crtbegin.o
 *(.bss*)
 .bss.hi2c1     0x20000078       0x54 ./Core/Src/i2c.o
                0x20000078                hi2c1
 .bss.IC_Value1
                0x200000cc        0x2 ./Core/Src/main.o
                0x200000cc                IC_Value1
 .bss.IC_Value2
                0x200000ce        0x2 ./Core/Src/main.o
                0x200000ce                IC_Value2
 .bss.echoTime  0x200000d0        0x2 ./Core/Src/main.o
                0x200000d0                echoTime
 .bss.captureFlage
                0x200000d2        0x1 ./Core/Src/main.o
                0x200000d2                captureFlage
 .bss.distance  0x200000d3        0x1 ./Core/Src/main.o
                0x200000d3                distance
 .bss.distance_bufffer
                0x200000d4        0x2 ./Core/Src/main.o
                0x200000d4                distance_bufffer
 *fill*         0x200000d6        0x2 
 .bss.__sbrk_heap_end
                0x200000d8        0x4 ./Core/Src/sysmem.o
 .bss.htim3     0x200000dc       0x48 ./Core/Src/tim.o
                0x200000dc                htim3
 .bss.htim11    0x20000124       0x48 ./Core/Src/tim.o
                0x20000124                htim11
 .bss.huart2    0x2000016c       0x48 ./Core/Src/usart.o
                0x2000016c                huart2
 .bss.uwTick    0x200001b4        0x4 ./Drivers/STM32F4xx_HAL_Driver/Src/stm32f4xx_hal.o
                0x200001b4                uwTick
 .bss.__sf      0x200001b8      0x138 /home/user15/st/stm32cubeide_2.1.1_2/plugins/com.st.stm32cube.ide.mcu.externaltools.gnu-tools-for-stm32.14.3.rel1.linux64_1.0.100.202602081740/tools/bin/../lib/gcc/arm-none-eabi/14.3.1/../../../../arm-none-eabi/lib/thumb/v7e-m+fp/hard/libc_nano.a(libc_a-findfp.o)
                0x200001b8                __sf
 .bss.errno     0x200002f0        0x4 /home/user15/st/stm32cubeide_2.1.1_2/plugins/com.st.stm32cube.ide.mcu.externaltools.gnu-tools-for-stm32.14.3.rel1.linux64_1.0.100.202602081740/tools/bin/../lib/gcc/arm-none-eabi/14.3.1/../../../../arm-none-eabi/lib/thumb/v7e-m+fp/hard/libc_nano.a(libc_a-reent.o)
                0x200002f0                errno
 .bss.__lock___malloc_recursive_mutex
                0x200002f4        0x1 /home/user15/st/stm32cubeide_2.1.1_2/plugins/com.st.stm32cube.ide.mcu.externaltools.gnu-tools-for-stm32.14.3.rel1.linux64_1.0.100.202602081740/tools/bin/../lib/gcc/arm-none-eabi/14.3.1/../../../../arm-none-eabi/lib/thumb/v7e-m+fp/hard/libc_nano.a(libc_a-lock.o)
                0x200002f4                __lock___malloc_recursive_mutex
 *fill*         0x200002f5        0x3 
 .bss.__malloc_sbrk_start
                0x200002f8        0x4 /home/user15/st/stm32cubeide_2.1.1_2/plugins/com.st.stm32cube.ide.mcu.externaltools.gnu-tools-for-stm32.14.3.rel1.linux64_1.0.100.202602081740/tools/bin/../lib/gcc/arm-none-eabi/14.3.1/../../../../arm-none-eabi/lib/thumb/v7e-m+fp/hard/libc_nano.a(libc_a-mallocr.o)
                0x200002f8                __malloc_sbrk_start
 .bss.__malloc_free_list
                0x200002fc        0x4 /home/user15/st/stm32cubeide_2.1.1_2/plugins/com.st.stm32cube.ide.mcu.externaltools.gnu-tools-for-stm32.14.3.rel1.linux64_1.0.100.202602081740/tools/bin/../lib/gcc/arm-none-eabi/14.3.1/../../../../arm-none-eabi/lib/thumb/v7e-m+fp/hard/libc_nano.a(libc_a-mallocr.o)
                0x200002fc                __malloc_free_list
 *(COMMON)
                0x20000300                        . = ALIGN (0x4)
                0x20000300                        _ebss = .
                0x20000300                        __bss_end__ = _ebss

._user_heap_stack
                0x20000300      0x600 load address 0x080052b0
                0x20000300                        . = ALIGN (0x8)
                [!provide]                        PROVIDE (end = .)
                0x20000300                        PROVIDE (_end = .)
                0x20000500                        . = (. + _Min_Heap_Size)
 *fill*         0x20000300      0x200 
                0x20000900                        . = (. + _Min_Stack_Size)
 *fill*         0x20000500      0x400 
                0x20000900                        . = ALIGN (0x8)

/DISCARD/
 libc.a(*)
 libm.a(*)
 libgcc.a(*)

.ARM.attributes
                0x00000000       0x30
 *(.ARM.attributes)
 .ARM.attributes
                0x00000000       0x22 /home/user15/st/stm32cubeide_2.1.1_2/plugins/com.st.stm32cube.ide.mcu.externaltools.gnu-tools-for-stm32.14.3.rel1.linux64_1.0.100.202602081740/tools/bin/../lib/gcc/arm-none-eabi/14.3.1/thumb/v7e-m+fp/hard/crti.o
 .ARM.attributes
                0x00000022       0x34 /home/user15/st/stm32cubeide_2.1.1_2/plugins/com.st.stm32cube.ide.mcu.externaltools.gnu-tools-for-stm32.14.3.rel1.linux64_1.0.100.202602081740/tools/bin/../lib/gcc/arm-none-eabi/14.3.1/thumb/v7e-m+fp/hard/crtbegin.o
 .ARM.attributes
                0x00000056       0x34 ./Core/Src/delay.o
 .ARM.attributes
                0x0000008a       0x34 ./Core/Src/gpio.o
 .ARM.attributes
                0x000000be       0x34 ./Core/Src/i2c.o
 .ARM.attributes
                0x000000f2       0x34 ./Core/Src/i2c_lcd.o
 .ARM.attributes
                0x00000126       0x34 ./Core/Src/main.o
 .ARM.attributes
                0x0000015a       0x34 ./Core/Src/stm32f4xx_hal_msp.o
 .ARM.attributes
                0x0000018e       0x34 ./Core/Src/stm32f4xx_it.o
 .ARM.attributes
                0x000001c2       0x34 ./Core/Src/sysmem.o
 .ARM.attributes
                0x000001f6       0x34 ./Core/Src/system_stm32f4xx.o
 .ARM.attributes
                0x0000022a       0x34 ./Core/Src/tim.o
 .ARM.attributes
                0x0000025e       0x34 ./Core/Src/usart.o
 .ARM.attributes
                0x00000292       0x21 ./Core/Startup/startup_stm32f411retx.o
 .ARM.attributes
                0x000002b3       0x34 ./Drivers/STM32F4xx_HAL_Driver/Src/stm32f4xx_hal.o
 .ARM.attributes
                0x000002e7       0x34 ./Drivers/STM32F4xx_HAL_Driver/Src/stm32f4xx_hal_cortex.o
 .ARM.attributes
                0x0000031b       0x34 ./Drivers/STM32F4xx_HAL_Driver/Src/stm32f4xx_hal_dma.o
 .ARM.attributes
                0x0000034f       0x34 ./Drivers/STM32F4xx_HAL_Driver/Src/stm32f4xx_hal_gpio.o
 .ARM.attributes
                0x00000383       0x34 ./Drivers/STM32F4xx_HAL_Driver/Src/stm32f4xx_hal_i2c.o
 .ARM.attributes
                0x000003b7       0x34 ./Drivers/STM32F4xx_HAL_Driver/Src/stm32f4xx_hal_rcc.o
 .ARM.attributes
                0x000003eb       0x34 ./Drivers/STM32F4xx_HAL_Driver/Src/stm32f4xx_hal_tim.o
 .ARM.attributes
                0x0000041f       0x34 ./Drivers/STM32F4xx_HAL_Driver/Src/stm32f4xx_hal_tim_ex.o
 .ARM.attributes
                0x00000453       0x34 ./Drivers/STM32F4xx_HAL_Driver/Src/stm32f4xx_hal_uart.o
 .ARM.attributes
                0x00000487       0x34 /home/user15/st/stm32cubeide_2.1.1_2/plugins/com.st.stm32cube.ide.mcu.externaltools.gnu-tools-for-stm32.14.3.rel1.linux64_1.0.100.202602081740/tools/bin/../lib/gcc/arm-none-eabi/14.3.1/../../../../arm-none-eabi/lib/thumb/v7e-m+fp/hard/libc_nano.a(libc_a-findfp.o)
 .ARM.attributes
                0x000004bb       0x34 /home/user15/st/stm32cubeide_2.1.1_2/plugins/com.st.stm32cube.ide.mcu.externaltools.gnu-tools-for-stm32.14.3.rel1.linux64_1.0.100.202602081740/tools/bin/../lib/gcc/arm-none-eabi/14.3.1/../../../../arm-none-eabi/lib/thumb/v7e-m+fp/hard/libc_nano.a(libc_a-sprintf.o)
 .ARM.attributes
                0x000004ef       0x34 /home/user15/st/stm32cubeide_2.1.1_2/plugins/com.st.stm32cube.ide.mcu.externaltools.gnu-tools-for-stm32.14.3.rel1.linux64_1.0.100.202602081740/tools/bin/../lib/gcc/arm-none-eabi/14.3.1/../../../../arm-none-eabi/lib/thumb/v7e-m+fp/hard/libc_nano.a(libc_a-memset.o)
 .ARM.attributes
                0x00000523       0x34 /home/user15/st/stm32cubeide_2.1.1_2/plugins/com.st.stm32cube.ide.mcu.externaltools.gnu-tools-for-stm32.14.3.rel1.linux64_1.0.100.202602081740/tools/bin/../lib/gcc/arm-none-eabi/14.3.1/../../../../arm-none-eabi/lib/thumb/v7e-m+fp/hard/libc_nano.a(libc_a-reent.o)
 .ARM.attributes
                0x00000557       0x34 /home/user15/st/stm32cubeide_2.1.1_2/plugins/com.st.stm32cube.ide.mcu.externaltools.gnu-tools-for-stm32.14.3.rel1.linux64_1.0.100.202602081740/tools/bin/../lib/gcc/arm-none-eabi/14.3.1/../../../../arm-none-eabi/lib/thumb/v7e-m+fp/hard/libc_nano.a(libc_a-impure.o)
 .ARM.attributes
                0x0000058b       0x34 /home/user15/st/stm32cubeide_2.1.1_2/plugins/com.st.stm32cube.ide.mcu.externaltools.gnu-tools-for-stm32.14.3.rel1.linux64_1.0.100.202602081740/tools/bin/../lib/gcc/arm-none-eabi/14.3.1/../../../../arm-none-eabi/lib/thumb/v7e-m+fp/hard/libc_nano.a(libc_a-errno.o)
 .ARM.attributes
                0x000005bf       0x34 /home/user15/st/stm32cubeide_2.1.1_2/plugins/com.st.stm32cube.ide.mcu.externaltools.gnu-tools-for-stm32.14.3.rel1.linux64_1.0.100.202602081740/tools/bin/../lib/gcc/arm-none-eabi/14.3.1/../../../../arm-none-eabi/lib/thumb/v7e-m+fp/hard/libc_nano.a(libc_a-init.o)
 .ARM.attributes
                0x000005f3       0x34 /home/user15/st/stm32cubeide_2.1.1_2/plugins/com.st.stm32cube.ide.mcu.externaltools.gnu-tools-for-stm32.14.3.rel1.linux64_1.0.100.202602081740/tools/bin/../lib/gcc/arm-none-eabi/14.3.1/../../../../arm-none-eabi/lib/thumb/v7e-m+fp/hard/libc_nano.a(libc_a-lock.o)
 .ARM.attributes
                0x00000627       0x34 /home/user15/st/stm32cubeide_2.1.1_2/plugins/com.st.stm32cube.ide.mcu.externaltools.gnu-tools-for-stm32.14.3.rel1.linux64_1.0.100.202602081740/tools/bin/../lib/gcc/arm-none-eabi/14.3.1/../../../../arm-none-eabi/lib/thumb/v7e-m+fp/hard/libc_nano.a(libc_a-freer.o)
 .ARM.attributes
                0x0000065b       0x34 /home/user15/st/stm32cubeide_2.1.1_2/plugins/com.st.stm32cube.ide.mcu.externaltools.gnu-tools-for-stm32.14.3.rel1.linux64_1.0.100.202602081740/tools/bin/../lib/gcc/arm-none-eabi/14.3.1/../../../../arm-none-eabi/lib/thumb/v7e-m+fp/hard/libc_nano.a(libc_a-mallocr.o)
 .ARM.attributes
                0x0000068f       0x34 /home/user15/st/stm32cubeide_2.1.1_2/plugins/com.st.stm32cube.ide.mcu.externaltools.gnu-tools-for-stm32.14.3.rel1.linux64_1.0.100.202602081740/tools/bin/../lib/gcc/arm-none-eabi/14.3.1/../../../../arm-none-eabi/lib/thumb/v7e-m+fp/hard/libc_nano.a(libc_a-mlock.o)
 .ARM.attributes
                0x000006c3       0x34 /home/user15/st/stm32cubeide_2.1.1_2/plugins/com.st.stm32cube.ide.mcu.externaltools.gnu-tools-for-stm32.14.3.rel1.linux64_1.0.100.202602081740/tools/bin/../lib/gcc/arm-none-eabi/14.3.1/../../../../arm-none-eabi/lib/thumb/v7e-m+fp/hard/libc_nano.a(libc_a-nano-svfprintf.o)
 .ARM.attributes
                0x000006f7       0x34 /home/user15/st/stm32cubeide_2.1.1_2/plugins/com.st.stm32cube.ide.mcu.externaltools.gnu-tools-for-stm32.14.3.rel1.linux64_1.0.100.202602081740/tools/bin/../lib/gcc/arm-none-eabi/14.3.1/../../../../arm-none-eabi/lib/thumb/v7e-m+fp/hard/libc_nano.a(libc_a-nano-vfprintf_i.o)
 .ARM.attributes
                0x0000072b       0x34 /home/user15/st/stm32cubeide_2.1.1_2/plugins/com.st.stm32cube.ide.mcu.externaltools.gnu-tools-for-stm32.14.3.rel1.linux64_1.0.100.202602081740/tools/bin/../lib/gcc/arm-none-eabi/14.3.1/../../../../arm-none-eabi/lib/thumb/v7e-m+fp/hard/libc_nano.a(libc_a-memmove.o)
 .ARM.attributes
                0x0000075f       0x34 /home/user15/st/stm32cubeide_2.1.1_2/plugins/com.st.stm32cube.ide.mcu.externaltools.gnu-tools-for-stm32.14.3.rel1.linux64_1.0.100.202602081740/tools/bin/../lib/gcc/arm-none-eabi/14.3.1/../../../../arm-none-eabi/lib/thumb/v7e-m+fp/hard/libc_nano.a(libc_a-sbrkr.o)
 .ARM.attributes
                0x00000793       0x1c /home/user15/st/stm32cubeide_2.1.1_2/plugins/com.st.stm32cube.ide.mcu.externaltools.gnu-tools-for-stm32.14.3.rel1.linux64_1.0.100.202602081740/tools/bin/../lib/gcc/arm-none-eabi/14.3.1/../../../../arm-none-eabi/lib/thumb/v7e-m+fp/hard/libc_nano.a(libc_a-memchr.o)
 .ARM.attributes
                0x000007af       0x34 /home/user15/st/stm32cubeide_2.1.1_2/plugins/com.st.stm32cube.ide.mcu.externaltools.gnu-tools-for-stm32.14.3.rel1.linux64_1.0.100.202602081740/tools/bin/../lib/gcc/arm-none-eabi/14.3.1/../../../../arm-none-eabi/lib/thumb/v7e-m+fp/hard/libc_nano.a(libc_a-memcpy-stub.o)
 .ARM.attributes
                0x000007e3       0x34 /home/user15/st/stm32cubeide_2.1.1_2/plugins/com.st.stm32cube.ide.mcu.externaltools.gnu-tools-for-stm32.14.3.rel1.linux64_1.0.100.202602081740/tools/bin/../lib/gcc/arm-none-eabi/14.3.1/../../../../arm-none-eabi/lib/thumb/v7e-m+fp/hard/libc_nano.a(libc_a-reallocr.o)
 .ARM.attributes
                0x00000817       0x34 /home/user15/st/stm32cubeide_2.1.1_2/plugins/com.st.stm32cube.ide.mcu.externaltools.gnu-tools-for-stm32.14.3.rel1.linux64_1.0.100.202602081740/tools/bin/../lib/gcc/arm-none-eabi/14.3.1/../../../../arm-none-eabi/lib/thumb/v7e-m+fp/hard/libc_nano.a(libc_a-msizer.o)
 .ARM.attributes
                0x0000084b       0x22 /home/user15/st/stm32cubeide_2.1.1_2/plugins/com.st.stm32cube.ide.mcu.externaltools.gnu-tools-for-stm32.14.3.rel1.linux64_1.0.100.202602081740/tools/bin/../lib/gcc/arm-none-eabi/14.3.1/thumb/v7e-m+fp/hard/libgcc.a(_aeabi_uldivmod.o)
 .ARM.attributes
                0x0000086d       0x34 /home/user15/st/stm32cubeide_2.1.1_2/plugins/com.st.stm32cube.ide.mcu.externaltools.gnu-tools-for-stm32.14.3.rel1.linux64_1.0.100.202602081740/tools/bin/../lib/gcc/arm-none-eabi/14.3.1/thumb/v7e-m+fp/hard/libgcc.a(_udivmoddi4.o)
 .ARM.attributes
                0x000008a1       0x22 /home/user15/st/stm32cubeide_2.1.1_2/plugins/com.st.stm32cube.ide.mcu.externaltools.gnu-tools-for-stm32.14.3.rel1.linux64_1.0.100.202602081740/tools/bin/../lib/gcc/arm-none-eabi/14.3.1/thumb/v7e-m+fp/hard/libgcc.a(_dvmd_tls.o)
 .ARM.attributes
                0x000008c3       0x22 /home/user15/st/stm32cubeide_2.1.1_2/plugins/com.st.stm32cube.ide.mcu.externaltools.gnu-tools-for-stm32.14.3.rel1.linux64_1.0.100.202602081740/tools/bin/../lib/gcc/arm-none-eabi/14.3.1/thumb/v7e-m+fp/hard/crtn.o
OUTPUT(09_ULTRA_LCD.elf elf32-littlearm)
LOAD linker stubs
LOAD /home/user15/st/stm32cubeide_2.1.1_2/plugins/com.st.stm32cube.ide.mcu.externaltools.gnu-tools-for-stm32.14.3.rel1.linux64_1.0.100.202602081740/tools/bin/../lib/gcc/arm-none-eabi/14.3.1/../../../../arm-none-eabi/lib/thumb/v7e-m+fp/hard/libc.a
LOAD /home/user15/st/stm32cubeide_2.1.1_2/plugins/com.st.stm32cube.ide.mcu.externaltools.gnu-tools-for-stm32.14.3.rel1.linux64_1.0.100.202602081740/tools/bin/../lib/gcc/arm-none-eabi/14.3.1/../../../../arm-none-eabi/lib/thumb/v7e-m+fp/hard/libm.a
LOAD /home/user15/st/stm32cubeide_2.1.1_2/plugins/com.st.stm32cube.ide.mcu.externaltools.gnu-tools-for-stm32.14.3.rel1.linux64_1.0.100.202602081740/tools/bin/../lib/gcc/arm-none-eabi/14.3.1/thumb/v7e-m+fp/hard/libgcc.a

.debug_info     0x00000000    0x115b4
 .debug_info    0x00000000      0x653 ./Core/Src/delay.o
 .debug_info    0x00000653      0x417 ./Core/Src/gpio.o
 .debug_info    0x00000a6a      0x9a5 ./Core/Src/i2c.o
 .debug_info    0x0000140f      0x761 ./Core/Src/i2c_lcd.o
 .debug_info    0x00001b70      0xd8b ./Core/Src/main.o
 .debug_info    0x000028fb      0x291 ./Core/Src/stm32f4xx_hal_msp.o
 .debug_info    0x00002b8c      0x99f ./Core/Src/stm32f4xx_it.o
 .debug_info    0x0000352b      0x168 ./Core/Src/sysmem.o
 .debug_info    0x00003693      0x53e ./Core/Src/system_stm32f4xx.o
 .debug_info    0x00003bd1      0xdfc ./Core/Src/tim.o
 .debug_info    0x000049cd      0xb2e ./Core/Src/usart.o
 .debug_info    0x000054fb       0x30 ./Core/Startup/startup_stm32f411retx.o
 .debug_info    0x0000552b      0x8c4 ./Drivers/STM32F4xx_HAL_Driver/Src/stm32f4xx_hal.o
 .debug_info    0x00005def      0xcfc ./Drivers/STM32F4xx_HAL_Driver/Src/stm32f4xx_hal_cortex.o
 .debug_info    0x00006aeb      0x8e6 ./Drivers/STM32F4xx_HAL_Driver/Src/stm32f4xx_hal_dma.o
 .debug_info    0x000073d1      0x6f9 ./Drivers/STM32F4xx_HAL_Driver/Src/stm32f4xx_hal_gpio.o
 .debug_info    0x00007aca     0x2426 ./Drivers/STM32F4xx_HAL_Driver/Src/stm32f4xx_hal_i2c.o
 .debug_info    0x00009ef0      0x904 ./Drivers/STM32F4xx_HAL_Driver/Src/stm32f4xx_hal_rcc.o
 .debug_info    0x0000a7f4     0x2996 ./Drivers/STM32F4xx_HAL_Driver/Src/stm32f4xx_hal_tim.o
 .debug_info    0x0000d18a     0x14d4 ./Drivers/STM32F4xx_HAL_Driver/Src/stm32f4xx_hal_tim_ex.o
 .debug_info    0x0000e65e     0x2f56 ./Drivers/STM32F4xx_HAL_Driver/Src/stm32f4xx_hal_uart.o

.debug_abbrev   0x00000000     0x2928
 .debug_abbrev  0x00000000      0x171 ./Core/Src/delay.o
 .debug_abbrev  0x00000171      0x151 ./Core/Src/gpio.o
 .debug_abbrev  0x000002c2      0x1f0 ./Core/Src/i2c.o
 .debug_abbrev  0x000004b2      0x1df ./Core/Src/i2c_lcd.o
 .debug_abbrev  0x00000691      0x2ae ./Core/Src/main.o
 .debug_abbrev  0x0000093f       0xd8 ./Core/Src/stm32f4xx_hal_msp.o
 .debug_abbrev  0x00000a17      0x1af ./Core/Src/stm32f4xx_it.o
 .debug_abbrev  0x00000bc6       0xbc ./Core/Src/sysmem.o
 .debug_abbrev  0x00000c82      0x11a ./Core/Src/system_stm32f4xx.o
 .debug_abbrev  0x00000d9c      0x247 ./Core/Src/tim.o
 .debug_abbrev  0x00000fe3      0x217 ./Core/Src/usart.o
 .debug_abbrev  0x000011fa       0x24 ./Core/Startup/startup_stm32f411retx.o
 .debug_abbrev  0x0000121e      0x24b ./Drivers/STM32F4xx_HAL_Driver/Src/stm32f4xx_hal.o
 .debug_abbrev  0x00001469      0x31d ./Drivers/STM32F4xx_HAL_Driver/Src/stm32f4xx_hal_cortex.o
 .debug_abbrev  0x00001786      0x221 ./Drivers/STM32F4xx_HAL_Driver/Src/stm32f4xx_hal_dma.o
 .debug_abbrev  0x000019a7      0x1d3 ./Drivers/STM32F4xx_HAL_Driver/Src/stm32f4xx_hal_gpio.o
 .debug_abbrev  0x00001b7a      0x2bc ./Drivers/STM32F4xx_HAL_Driver/Src/stm32f4xx_hal_i2c.o
 .debug_abbrev  0x00001e36      0x2b6 ./Drivers/STM32F4xx_HAL_Driver/Src/stm32f4xx_hal_rcc.o
 .debug_abbrev  0x000020ec      0x28b ./Drivers/STM32F4xx_HAL_Driver/Src/stm32f4xx_hal_tim.o
 .debug_abbrev  0x00002377      0x296 ./Drivers/STM32F4xx_HAL_Driver/Src/stm32f4xx_hal_tim_ex.o
 .debug_abbrev  0x0000260d      0x31b ./Drivers/STM32F4xx_HAL_Driver/Src/stm32f4xx_hal_uart.o

.debug_aranges  0x00000000      0xfe0
 .debug_aranges
                0x00000000       0x20 ./Core/Src/delay.o
 .debug_aranges
                0x00000020       0x20 ./Core/Src/gpio.o
 .debug_aranges
                0x00000040       0x30 ./Core/Src/i2c.o
 .debug_aranges
                0x00000070       0x40 ./Core/Src/i2c_lcd.o
 .debug_aranges
                0x000000b0       0x48 ./Core/Src/main.o
 .debug_aranges
                0x000000f8       0x20 ./Core/Src/stm32f4xx_hal_msp.o
 .debug_aranges
                0x00000118       0x78 ./Core/Src/stm32f4xx_it.o
 .debug_aranges
                0x00000190       0x20 ./Core/Src/sysmem.o
 .debug_aranges
                0x000001b0       0x28 ./Core/Src/system_stm32f4xx.o
 .debug_aranges
                0x000001d8       0x38 ./Core/Src/tim.o
 .debug_aranges
                0x00000210       0x30 ./Core/Src/usart.o
 .debug_aranges
                0x00000240       0x28 ./Core/Startup/startup_stm32f411retx.o
 .debug_aranges
                0x00000268       0xf0 ./Drivers/STM32F4xx_HAL_Driver/Src/stm32f4xx_hal.o
 .debug_aranges
                0x00000358      0x130 ./Drivers/STM32F4xx_HAL_Driver/Src/stm32f4xx_hal_cortex.o
 .debug_aranges
                0x00000488       0x90 ./Drivers/STM32F4xx_HAL_Driver/Src/stm32f4xx_hal_dma.o
 .debug_aranges
                0x00000518       0x58 ./Drivers/STM32F4xx_HAL_Driver/Src/stm32f4xx_hal_gpio.o
 .debug_aranges
                0x00000570      0x2a8 ./Drivers/STM32F4xx_HAL_Driver/Src/stm32f4xx_hal_i2c.o
 .debug_aranges
                0x00000818       0x88 ./Drivers/STM32F4xx_HAL_Driver/Src/stm32f4xx_hal_rcc.o
 .debug_aranges
                0x000008a0      0x3d0 ./Drivers/STM32F4xx_HAL_Driver/Src/stm32f4xx_hal_tim.o
 .debug_aranges
                0x00000c70      0x168 ./Drivers/STM32F4xx_HAL_Driver/Src/stm32f4xx_hal_tim_ex.o
 .debug_aranges
                0x00000dd8      0x208 ./Drivers/STM32F4xx_HAL_Driver/Src/stm32f4xx_hal_uart.o

.debug_rnglists
                0x00000000      0xc76
 .debug_rnglists
                0x00000000       0x13 ./Core/Src/delay.o
 .debug_rnglists
                0x00000013       0x14 ./Core/Src/gpio.o
 .debug_rnglists
                0x00000027       0x20 ./Core/Src/i2c.o
 .debug_rnglists
                0x00000047       0x2b ./Core/Src/i2c_lcd.o
 .debug_rnglists
                0x00000072       0x34 ./Core/Src/main.o
 .debug_rnglists
                0x000000a6       0x13 ./Core/Src/stm32f4xx_hal_msp.o
 .debug_rnglists
                0x000000b9       0x55 ./Core/Src/stm32f4xx_it.o
 .debug_rnglists
                0x0000010e       0x13 ./Core/Src/sysmem.o
 .debug_rnglists
                0x00000121       0x1a ./Core/Src/system_stm32f4xx.o
 .debug_rnglists
                0x0000013b       0x27 ./Core/Src/tim.o
 .debug_rnglists
                0x00000162       0x20 ./Core/Src/usart.o
 .debug_rnglists
                0x00000182       0x19 ./Core/Startup/startup_stm32f411retx.o
 .debug_rnglists
                0x0000019b       0xaf ./Drivers/STM32F4xx_HAL_Driver/Src/stm32f4xx_hal.o
 .debug_rnglists
                0x0000024a       0xe0 ./Drivers/STM32F4xx_HAL_Driver/Src/stm32f4xx_hal_cortex.o
 .debug_rnglists
                0x0000032a       0x70 ./Drivers/STM32F4xx_HAL_Driver/Src/stm32f4xx_hal_dma.o
 .debug_rnglists
                0x0000039a       0x3f ./Drivers/STM32F4xx_HAL_Driver/Src/stm32f4xx_hal_gpio.o
 .debug_rnglists
                0x000003d9      0x23c ./Drivers/STM32F4xx_HAL_Driver/Src/stm32f4xx_hal_i2c.o
 .debug_rnglists
                0x00000615       0x66 ./Drivers/STM32F4xx_HAL_Driver/Src/stm32f4xx_hal_rcc.o
 .debug_rnglists
                0x0000067b      0x31a ./Drivers/STM32F4xx_HAL_Driver/Src/stm32f4xx_hal_tim.o
 .debug_rnglists
                0x00000995      0x125 ./Drivers/STM32F4xx_HAL_Driver/Src/stm32f4xx_hal_tim_ex.o
 .debug_rnglists
                0x00000aba      0x1bc ./Drivers/STM32F4xx_HAL_Driver/Src/stm32f4xx_hal_uart.o

.debug_macro    0x00000000    0x177e9
 .debug_macro   0x00000000      0x205 ./Core/Src/delay.o
 .debug_macro   0x00000205      0xad8 ./Core/Src/delay.o
 .debug_macro   0x00000cdd      0x2a1 ./Core/Src/delay.o
 .debug_macro   0x00000f7e       0x2e ./Core/Src/delay.o
 .debug_macro   0x00000fac       0x28 ./Core/Src/delay.o
 .debug_macro   0x00000fd4       0x22 ./Core/Src/delay.o
 .debug_macro   0x00000ff6       0x8e ./Core/Src/delay.o
 .debug_macro   0x00001084       0x51 ./Core/Src/delay.o
 .debug_macro   0x000010d5      0x103 ./Core/Src/delay.o
 .debug_macro   0x000011d8       0x6a ./Core/Src/delay.o
 .debug_macro   0x00001242      0x1df ./Core/Src/delay.o
 .debug_macro   0x00001421       0x1c ./Core/Src/delay.o
 .debug_macro   0x0000143d       0x22 ./Core/Src/delay.o
 .debug_macro   0x0000145f       0xfb ./Core/Src/delay.o
 .debug_macro   0x0000155a     0x1011 ./Core/Src/delay.o
 .debug_macro   0x0000256b      0x11f ./Core/Src/delay.o
 .debug_macro   0x0000268a     0xb968 ./Core/Src/delay.o
 .debug_macro   0x0000dff2       0x6d ./Core/Src/delay.o
 .debug_macro   0x0000e05f     0x3693 ./Core/Src/delay.o
 .debug_macro   0x000116f2      0x190 ./Core/Src/delay.o
 .debug_macro   0x00011882       0x5c ./Core/Src/delay.o
 .debug_macro   0x000118de      0x45c ./Core/Src/delay.o
 .debug_macro   0x00011d3a      0x9e9 ./Core/Src/delay.o
 .debug_macro   0x00012723      0x115 ./Core/Src/delay.o
 .debug_macro   0x00012838      0x11b ./Core/Src/delay.o
 .debug_macro   0x00012953       0xa5 ./Core/Src/delay.o
 .debug_macro   0x000129f8      0x15f ./Core/Src/delay.o
 .debug_macro   0x00012b57      0x287 ./Core/Src/delay.o
 .debug_macro   0x00012dde       0x5f ./Core/Src/delay.o
 .debug_macro   0x00012e3d      0x236 ./Core/Src/delay.o
 .debug_macro   0x00013073      0x132 ./Core/Src/delay.o
 .debug_macro   0x000131a5      0x264 ./Core/Src/delay.o
 .debug_macro   0x00013409       0x2e ./Core/Src/delay.o
 .debug_macro   0x00013437      0x1b5 ./Core/Src/delay.o
 .debug_macro   0x000135ec       0x22 ./Core/Src/delay.o
 .debug_macro   0x0001360e       0xd6 ./Core/Src/delay.o
 .debug_macro   0x000136e4      0x127 ./Core/Src/delay.o
 .debug_macro   0x0001380b       0x85 ./Core/Src/delay.o
 .debug_macro   0x00013890       0x89 ./Core/Src/delay.o
 .debug_macro   0x00013919      0x8ed ./Core/Src/delay.o
 .debug_macro   0x00014206       0x47 ./Core/Src/delay.o
 .debug_macro   0x0001424d      0x2aa ./Core/Src/delay.o
 .debug_macro   0x000144f7      0x126 ./Core/Src/delay.o
 .debug_macro   0x0001461d      0x1fb ./Core/Src/gpio.o
 .debug_macro   0x00014818      0x1fb ./Core/Src/i2c.o
 .debug_macro   0x00014a13      0x200 ./Core/Src/i2c_lcd.o
 .debug_macro   0x00014c13       0x22 ./Core/Src/i2c_lcd.o
 .debug_macro   0x00014c35      0x318 ./Core/Src/main.o
 .debug_macro   0x00014f4d       0x28 ./Core/Src/main.o
 .debug_macro   0x00014f75       0x61 ./Core/Src/main.o
 .debug_macro   0x00014fd6       0x2a ./Core/Src/main.o
 .debug_macro   0x00015000       0x43 ./Core/Src/main.o
 .debug_macro   0x00015043       0x34 ./Core/Src/main.o
 .debug_macro   0x00015077       0x16 ./Core/Src/main.o
 .debug_macro   0x0001508d       0x3c ./Core/Src/main.o
 .debug_macro   0x000150c9      0x364 ./Core/Src/main.o
 .debug_macro   0x0001542d       0x10 ./Core/Src/main.o
 .debug_macro   0x0001543d       0x16 ./Core/Src/main.o
 .debug_macro   0x00015453       0x4a ./Core/Src/main.o
 .debug_macro   0x0001549d       0x34 ./Core/Src/main.o
 .debug_macro   0x000154d1       0x10 ./Core/Src/main.o
 .debug_macro   0x000154e1       0x58 ./Core/Src/main.o
 .debug_macro   0x00015539       0x8e ./Core/Src/main.o
 .debug_macro   0x000155c7       0x1c ./Core/Src/main.o
 .debug_macro   0x000155e3      0x17e ./Core/Src/main.o
 .debug_macro   0x00015761       0x16 ./Core/Src/main.o
 .debug_macro   0x00015777       0x16 ./Core/Src/main.o
 .debug_macro   0x0001578d      0x146 ./Core/Src/main.o
 .debug_macro   0x000158d3      0x1f1 ./Core/Src/stm32f4xx_hal_msp.o
 .debug_macro   0x00015ac4      0x1fb ./Core/Src/stm32f4xx_it.o
 .debug_macro   0x00015cbf      0x112 ./Core/Src/sysmem.o
 .debug_macro   0x00015dd1      0x23c ./Core/Src/sysmem.o
 .debug_macro   0x0001600d      0x1e7 ./Core/Src/system_stm32f4xx.o
 .debug_macro   0x000161f4      0x1fb ./Core/Src/tim.o
 .debug_macro   0x000163ef      0x1fb ./Core/Src/usart.o
 .debug_macro   0x000165ea      0x247 ./Drivers/STM32F4xx_HAL_Driver/Src/stm32f4xx_hal.o
 .debug_macro   0x00016831      0x1e7 ./Drivers/STM32F4xx_HAL_Driver/Src/stm32f4xx_hal_cortex.o
 .debug_macro   0x00016a18      0x1ed ./Drivers/STM32F4xx_HAL_Driver/Src/stm32f4xx_hal_dma.o
 .debug_macro   0x00016c05      0x1ed ./Drivers/STM32F4xx_HAL_Driver/Src/stm32f4xx_hal_gpio.o
 .debug_macro   0x00016df2      0x235 ./Drivers/STM32F4xx_HAL_Driver/Src/stm32f4xx_hal_i2c.o
 .debug_macro   0x00017027      0x20b ./Drivers/STM32F4xx_HAL_Driver/Src/stm32f4xx_hal_rcc.o
 .debug_macro   0x00017232      0x1e8 ./Drivers/STM32F4xx_HAL_Driver/Src/stm32f4xx_hal_tim.o
 .debug_macro   0x0001741a      0x1e7 ./Drivers/STM32F4xx_HAL_Driver/Src/stm32f4xx_hal_tim_ex.o
 .debug_macro   0x00017601      0x1e8 ./Drivers/STM32F4xx_HAL_Driver/Src/stm32f4xx_hal_uart.o

.debug_line     0x00000000    0x13db9
 .debug_line    0x00000000      0x6fe ./Core/Src/delay.o
 .debug_line    0x000006fe      0x6f7 ./Core/Src/gpio.o
 .debug_line    0x00000df5      0x756 ./Core/Src/i2c.o
 .debug_line    0x0000154b      0x79b ./Core/Src/i2c_lcd.o
 .debug_line    0x00001ce6      0x9ae ./Core/Src/main.o
 .debug_line    0x00002694      0x6e8 ./Core/Src/stm32f4xx_hal_msp.o
 .debug_line    0x00002d7c      0x7df ./Core/Src/stm32f4xx_it.o
 .debug_line    0x0000355b      0x4f4 ./Core/Src/sysmem.o
 .debug_line    0x00003a4f      0x75e ./Core/Src/system_stm32f4xx.o
 .debug_line    0x000041ad      0x7f5 ./Core/Src/tim.o
 .debug_line    0x000049a2      0x759 ./Core/Src/usart.o
 .debug_line    0x000050fb       0x7a ./Core/Startup/startup_stm32f411retx.o
 .debug_line    0x00005175      0x9dd ./Drivers/STM32F4xx_HAL_Driver/Src/stm32f4xx_hal.o
 .debug_line    0x00005b52      0xcaa ./Drivers/STM32F4xx_HAL_Driver/Src/stm32f4xx_hal_cortex.o
 .debug_line    0x000067fc      0xf46 ./Drivers/STM32F4xx_HAL_Driver/Src/stm32f4xx_hal_dma.o
 .debug_line    0x00007742      0xaf3 ./Drivers/STM32F4xx_HAL_Driver/Src/stm32f4xx_hal_gpio.o
 .debug_line    0x00008235     0x3a87 ./Drivers/STM32F4xx_HAL_Driver/Src/stm32f4xx_hal_i2c.o
 .debug_line    0x0000bcbc      0xde7 ./Drivers/STM32F4xx_HAL_Driver/Src/stm32f4xx_hal_rcc.o
 .debug_line    0x0000caa3     0x351f ./Drivers/STM32F4xx_HAL_Driver/Src/stm32f4xx_hal_tim.o
 .debug_line    0x0000ffc2     0x18d5 ./Drivers/STM32F4xx_HAL_Driver/Src/stm32f4xx_hal_tim_ex.o
 .debug_line    0x00011897     0x2522 ./Drivers/STM32F4xx_HAL_Driver/Src/stm32f4xx_hal_uart.o

.debug_str      0x00000000    0x90d86
 .debug_str     0x00000000    0x90d86 ./Core/Src/delay.o
                              0x88f4d (size before relaxing)
 .debug_str     0x00090d86    0x88be7 ./Core/Src/gpio.o
 .debug_str     0x00090d86    0x8911b ./Core/Src/i2c.o
 .debug_str     0x00090d86    0x8901d ./Core/Src/i2c_lcd.o
 .debug_str     0x00090d86    0x8cbc5 ./Core/Src/main.o
 .debug_str     0x00090d86    0x88b1c ./Core/Src/stm32f4xx_hal_msp.o
 .debug_str     0x00090d86    0x89263 ./Core/Src/stm32f4xx_it.o
 .debug_str     0x00090d86     0x76fb ./Core/Src/sysmem.o
 .debug_str     0x00090d86    0x88bcc ./Core/Src/system_stm32f4xx.o
 .debug_str     0x00090d86    0x896cc ./Core/Src/tim.o
 .debug_str     0x00090d86    0x89480 ./Core/Src/usart.o
 .debug_str     0x00090d86       0x73 ./Core/Startup/startup_stm32f411retx.o
 .debug_str     0x00090d86    0x895f8 ./Drivers/STM32F4xx_HAL_Driver/Src/stm32f4xx_hal.o
 .debug_str     0x00090d86    0x89362 ./Drivers/STM32F4xx_HAL_Driver/Src/stm32f4xx_hal_cortex.o
 .debug_str     0x00090d86    0x88fd4 ./Drivers/STM32F4xx_HAL_Driver/Src/stm32f4xx_hal_dma.o
 .debug_str     0x00090d86    0x88d47 ./Drivers/STM32F4xx_HAL_Driver/Src/stm32f4xx_hal_gpio.o
 .debug_str     0x00090d86    0x89bdd ./Drivers/STM32F4xx_HAL_Driver/Src/stm32f4xx_hal_i2c.o
 .debug_str     0x00090d86    0x89000 ./Drivers/STM32F4xx_HAL_Driver/Src/stm32f4xx_hal_rcc.o
 .debug_str     0x00090d86    0x89f44 ./Drivers/STM32F4xx_HAL_Driver/Src/stm32f4xx_hal_tim.o
 .debug_str     0x00090d86    0x89750 ./Drivers/STM32F4xx_HAL_Driver/Src/stm32f4xx_hal_tim_ex.o
 .debug_str     0x00090d86    0x895cf ./Drivers/STM32F4xx_HAL_Driver/Src/stm32f4xx_hal_uart.o

.comment        0x00000000       0x43
 .comment       0x00000000       0x43 ./Core/Src/delay.o
                                 0x44 (size before relaxing)
 .comment       0x00000043       0x44 ./Core/Src/gpio.o
 .comment       0x00000043       0x44 ./Core/Src/i2c.o
 .comment       0x00000043       0x44 ./Core/Src/i2c_lcd.o
 .comment       0x00000043       0x44 ./Core/Src/main.o
 .comment       0x00000043       0x44 ./Core/Src/stm32f4xx_hal_msp.o
 .comment       0x00000043       0x44 ./Core/Src/stm32f4xx_it.o
 .comment       0x00000043       0x44 ./Core/Src/sysmem.o
 .comment       0x00000043       0x44 ./Core/Src/system_stm32f4xx.o
 .comment       0x00000043       0x44 ./Core/Src/tim.o
 .comment       0x00000043       0x44 ./Core/Src/usart.o
 .comment       0x00000043       0x44 ./Drivers/STM32F4xx_HAL_Driver/Src/stm32f4xx_hal.o
 .comment       0x00000043       0x44 ./Drivers/STM32F4xx_HAL_Driver/Src/stm32f4xx_hal_cortex.o
 .comment       0x00000043       0x44 ./Drivers/STM32F4xx_HAL_Driver/Src/stm32f4xx_hal_dma.o
 .comment       0x00000043       0x44 ./Drivers/STM32F4xx_HAL_Driver/Src/stm32f4xx_hal_gpio.o
 .comment       0x00000043       0x44 ./Drivers/STM32F4xx_HAL_Driver/Src/stm32f4xx_hal_i2c.o
 .comment       0x00000043       0x44 ./Drivers/STM32F4xx_HAL_Driver/Src/stm32f4xx_hal_rcc.o
 .comment       0x00000043       0x44 ./Drivers/STM32F4xx_HAL_Driver/Src/stm32f4xx_hal_tim.o
 .comment       0x00000043       0x44 ./Drivers/STM32F4xx_HAL_Driver/Src/stm32f4xx_hal_tim_ex.o
 .comment       0x00000043       0x44 ./Drivers/STM32F4xx_HAL_Driver/Src/stm32f4xx_hal_uart.o

.debug_frame    0x00000000     0x4478
 .debug_frame   0x00000000       0x34 ./Core/Src/delay.o
 .debug_frame   0x00000034       0x34 ./Core/Src/gpio.o
 .debug_frame   0x00000068       0x74 ./Core/Src/i2c.o
 .debug_frame   0x000000dc       0xbc ./Core/Src/i2c_lcd.o
 .debug_frame   0x00000198       0xc4 ./Core/Src/main.o
 .debug_frame   0x0000025c       0x34 ./Core/Src/stm32f4xx_hal_msp.o
 .debug_frame   0x00000290      0x14c ./Core/Src/stm32f4xx_it.o
 .debug_frame   0x000003dc       0x34 ./Core/Src/sysmem.o
 .debug_frame   0x00000410       0x50 ./Core/Src/system_stm32f4xx.o
 .debug_frame   0x00000460       0x98 ./Core/Src/tim.o
 .debug_frame   0x000004f8       0x74 ./Core/Src/usart.o
 .debug_frame   0x0000056c      0x31c ./Drivers/STM32F4xx_HAL_Driver/Src/stm32f4xx_hal.o
 .debug_frame   0x00000888      0x4b8 ./Drivers/STM32F4xx_HAL_Driver/Src/stm32f4xx_hal_cortex.o
 .debug_frame   0x00000d40      0x230 ./Drivers/STM32F4xx_HAL_Driver/Src/stm32f4xx_hal_dma.o
 .debug_frame   0x00000f70      0x130 ./Drivers/STM32F4xx_HAL_Driver/Src/stm32f4xx_hal_gpio.o
 .debug_frame   0x000010a0      0xbf4 ./Drivers/STM32F4xx_HAL_Driver/Src/stm32f4xx_hal_i2c.o
 .debug_frame   0x00001c94      0x1d8 ./Drivers/STM32F4xx_HAL_Driver/Src/stm32f4xx_hal_rcc.o
 .debug_frame   0x00001e6c     0x10e8 ./Drivers/STM32F4xx_HAL_Driver/Src/stm32f4xx_hal_tim.o
 .debug_frame   0x00002f54      0x600 ./Drivers/STM32F4xx_HAL_Driver/Src/stm32f4xx_hal_tim_ex.o
 .debug_frame   0x00003554      0x8ec ./Drivers/STM32F4xx_HAL_Driver/Src/stm32f4xx_hal_uart.o
 .debug_frame   0x00003e40      0x144 /home/user15/st/stm32cubeide_2.1.1_2/plugins/com.st.stm32cube.ide.mcu.externaltools.gnu-tools-for-stm32.14.3.rel1.linux64_1.0.100.202602081740/tools/bin/../lib/gcc/arm-none-eabi/14.3.1/../../../../arm-none-eabi/lib/thumb/v7e-m+fp/hard/libc_nano.a(libc_a-findfp.o)
 .debug_frame   0x00003f84       0x74 /home/user15/st/stm32cubeide_2.1.1_2/plugins/com.st.stm32cube.ide.mcu.externaltools.gnu-tools-for-stm32.14.3.rel1.linux64_1.0.100.202602081740/tools/bin/../lib/gcc/arm-none-eabi/14.3.1/../../../../arm-none-eabi/lib/thumb/v7e-m+fp/hard/libc_nano.a(libc_a-sprintf.o)
 .debug_frame   0x00003ff8       0x20 /home/user15/st/stm32cubeide_2.1.1_2/plugins/com.st.stm32cube.ide.mcu.externaltools.gnu-tools-for-stm32.14.3.rel1.linux64_1.0.100.202602081740/tools/bin/../lib/gcc/arm-none-eabi/14.3.1/../../../../arm-none-eabi/lib/thumb/v7e-m+fp/hard/libc_nano.a(libc_a-memset.o)
 .debug_frame   0x00004018       0x38 /home/user15/st/stm32cubeide_2.1.1_2/plugins/com.st.stm32cube.ide.mcu.externaltools.gnu-tools-for-stm32.14.3.rel1.linux64_1.0.100.202602081740/tools/bin/../lib/gcc/arm-none-eabi/14.3.1/../../../../arm-none-eabi/lib/thumb/v7e-m+fp/hard/libc_nano.a(libc_a-reent.o)
 .debug_frame   0x00004050       0x20 /home/user15/st/stm32cubeide_2.1.1_2/plugins/com.st.stm32cube.ide.mcu.externaltools.gnu-tools-for-stm32.14.3.rel1.linux64_1.0.100.202602081740/tools/bin/../lib/gcc/arm-none-eabi/14.3.1/../../../../arm-none-eabi/lib/thumb/v7e-m+fp/hard/libc_nano.a(libc_a-errno.o)
 .debug_frame   0x00004070       0x2c /home/user15/st/stm32cubeide_2.1.1_2/plugins/com.st.stm32cube.ide.mcu.externaltools.gnu-tools-for-stm32.14.3.rel1.linux64_1.0.100.202602081740/tools/bin/../lib/gcc/arm-none-eabi/14.3.1/../../../../arm-none-eabi/lib/thumb/v7e-m+fp/hard/libc_nano.a(libc_a-init.o)
 .debug_frame   0x0000409c       0xb0 /home/user15/st/stm32cubeide_2.1.1_2/plugins/com.st.stm32cube.ide.mcu.externaltools.gnu-tools-for-stm32.14.3.rel1.linux64_1.0.100.202602081740/tools/bin/../lib/gcc/arm-none-eabi/14.3.1/../../../../arm-none-eabi/lib/thumb/v7e-m+fp/hard/libc_nano.a(libc_a-lock.o)
 .debug_frame   0x0000414c       0x38 /home/user15/st/stm32cubeide_2.1.1_2/plugins/com.st.stm32cube.ide.mcu.externaltools.gnu-tools-for-stm32.14.3.rel1.linux64_1.0.100.202602081740/tools/bin/../lib/gcc/arm-none-eabi/14.3.1/../../../../arm-none-eabi/lib/thumb/v7e-m+fp/hard/libc_nano.a(libc_a-freer.o)
 .debug_frame   0x00004184       0x50 /home/user15/st/stm32cubeide_2.1.1_2/plugins/com.st.stm32cube.ide.mcu.externaltools.gnu-tools-for-stm32.14.3.rel1.linux64_1.0.100.202602081740/tools/bin/../lib/gcc/arm-none-eabi/14.3.1/../../../../arm-none-eabi/lib/thumb/v7e-m+fp/hard/libc_nano.a(libc_a-mallocr.o)
 .debug_frame   0x000041d4       0x30 /home/user15/st/stm32cubeide_2.1.1_2/plugins/com.st.stm32cube.ide.mcu.externaltools.gnu-tools-for-stm32.14.3.rel1.linux64_1.0.100.202602081740/tools/bin/../lib/gcc/arm-none-eabi/14.3.1/../../../../arm-none-eabi/lib/thumb/v7e-m+fp/hard/libc_nano.a(libc_a-mlock.o)
 .debug_frame   0x00004204       0x90 /home/user15/st/stm32cubeide_2.1.1_2/plugins/com.st.stm32cube.ide.mcu.externaltools.gnu-tools-for-stm32.14.3.rel1.linux64_1.0.100.202602081740/tools/bin/../lib/gcc/arm-none-eabi/14.3.1/../../../../arm-none-eabi/lib/thumb/v7e-m+fp/hard/libc_nano.a(libc_a-nano-svfprintf.o)
 .debug_frame   0x00004294       0x60 /home/user15/st/stm32cubeide_2.1.1_2/plugins/com.st.stm32cube.ide.mcu.externaltools.gnu-tools-for-stm32.14.3.rel1.linux64_1.0.100.202602081740/tools/bin/../lib/gcc/arm-none-eabi/14.3.1/../../../../arm-none-eabi/lib/thumb/v7e-m+fp/hard/libc_nano.a(libc_a-nano-vfprintf_i.o)
 .debug_frame   0x000042f4       0x28 /home/user15/st/stm32cubeide_2.1.1_2/plugins/com.st.stm32cube.ide.mcu.externaltools.gnu-tools-for-stm32.14.3.rel1.linux64_1.0.100.202602081740/tools/bin/../lib/gcc/arm-none-eabi/14.3.1/../../../../arm-none-eabi/lib/thumb/v7e-m+fp/hard/libc_nano.a(libc_a-memmove.o)
 .debug_frame   0x0000431c       0x2c /home/user15/st/stm32cubeide_2.1.1_2/plugins/com.st.stm32cube.ide.mcu.externaltools.gnu-tools-for-stm32.14.3.rel1.linux64_1.0.100.202602081740/tools/bin/../lib/gcc/arm-none-eabi/14.3.1/../../../../arm-none-eabi/lib/thumb/v7e-m+fp/hard/libc_nano.a(libc_a-sbrkr.o)
 .debug_frame   0x00004348       0x4c /home/user15/st/stm32cubeide_2.1.1_2/plugins/com.st.stm32cube.ide.mcu.externaltools.gnu-tools-for-stm32.14.3.rel1.linux64_1.0.100.202602081740/tools/bin/../lib/gcc/arm-none-eabi/14.3.1/../../../../arm-none-eabi/lib/thumb/v7e-m+fp/hard/libc_nano.a(libc_a-memchr.o)
 .debug_frame   0x00004394       0x28 /home/user15/st/stm32cubeide_2.1.1_2/plugins/com.st.stm32cube.ide.mcu.externaltools.gnu-tools-for-stm32.14.3.rel1.linux64_1.0.100.202602081740/tools/bin/../lib/gcc/arm-none-eabi/14.3.1/../../../../arm-none-eabi/lib/thumb/v7e-m+fp/hard/libc_nano.a(libc_a-memcpy-stub.o)
 .debug_frame   0x000043bc       0x3c /home/user15/st/stm32cubeide_2.1.1_2/plugins/com.st.stm32cube.ide.mcu.externaltools.gnu-tools-for-stm32.14.3.rel1.linux64_1.0.100.202602081740/tools/bin/../lib/gcc/arm-none-eabi/14.3.1/../../../../arm-none-eabi/lib/thumb/v7e-m+fp/hard/libc_nano.a(libc_a-reallocr.o)
 .debug_frame   0x000043f8       0x20 /home/user15/st/stm32cubeide_2.1.1_2/plugins/com.st.stm32cube.ide.mcu.externaltools.gnu-tools-for-stm32.14.3.rel1.linux64_1.0.100.202602081740/tools/bin/../lib/gcc/arm-none-eabi/14.3.1/../../../../arm-none-eabi/lib/thumb/v7e-m+fp/hard/libc_nano.a(libc_a-msizer.o)
 .debug_frame   0x00004418       0x2c /home/user15/st/stm32cubeide_2.1.1_2/plugins/com.st.stm32cube.ide.mcu.externaltools.gnu-tools-for-stm32.14.3.rel1.linux64_1.0.100.202602081740/tools/bin/../lib/gcc/arm-none-eabi/14.3.1/thumb/v7e-m+fp/hard/libgcc.a(_aeabi_uldivmod.o)
 .debug_frame   0x00004444       0x34 /home/user15/st/stm32cubeide_2.1.1_2/plugins/com.st.stm32cube.ide.mcu.externaltools.gnu-tools-for-stm32.14.3.rel1.linux64_1.0.100.202602081740/tools/bin/../lib/gcc/arm-none-eabi/14.3.1/thumb/v7e-m+fp/hard/libgcc.a(_udivmoddi4.o)

.debug_line_str
                0x00000000       0x57
 .debug_line_str
                0x00000000       0x57 ./Core/Startup/startup_stm32f411retx.o
